Command line invocation:
    /Applications/Xcode_15.4.app/Contents/Developer/usr/bin/xcodebuild -project SalmanCleanerMobile.xcodeproj -scheme SalmanCleanerMobile -destination "platform=iOS Simulator,name=iPhone 15 Pro " CODE_SIGNING_ALLOWED=NO test

User defaults from command line:
    IDEPackageSupportUseBuiltinSCM = YES

Build settings from command line:
    CODE_SIGNING_ALLOWED = NO

--- xcodebuild: WARNING: Using the first of multiple matching destinations:
{ platform:macOS, arch:arm64, variant:Mac Catalyst, id:0000FE00-7CCC9802DA488B9F, name:My Mac }
{ platform:macOS, arch:x86_64, variant:Mac Catalyst, id:0000FE00-7CCC9802DA488B9F, name:My Mac }
{ platform:macOS, arch:arm64, variant:Designed for [iPad,iPhone], id:0000FE00-7CCC9802DA488B9F, name:My Mac }
{ platform:iOS, id:dvtdevice-DVTiPhonePlaceholder-iphoneos:placeholder, name:Any iOS Device }
{ platform:iOS Simulator, id:dvtdevice-DVTiOSDeviceSimulatorPlaceholder-iphonesimulator:placeholder, name:Any iOS Simulator Device }
{ platform:visionOS Simulator, variant:Designed for [iPad,iPhone], id:053A7A98-5FD7-453F-A161-ED8CF5BA879E, OS:1.2, name:Apple Vision Pro }
{ platform:visionOS Simulator, variant:Designed for [iPad,iPhone], id:5368165C-FC92-4220-8F33-31E8294414A5, OS:2.1, name:Apple Vision Pro }
{ platform:visionOS Simulator, variant:Designed for [iPad,iPhone], id:139B5B85-24A3-4225-9BE7-A33509E61E3A, OS:2.2, name:Apple Vision Pro }
{ platform:iOS Simulator, id:DF74F7F9-BC7D-45D2-B6D7-365012C9D3E3, OS:17.0.1, name:iPad (10th generation) }
{ platform:iOS Simulator, id:DF74F7F9-BC7D-45D2-B6D7-365012C9D3E3, OS:17.0.1, name:iPad (10th generation) }
{ platform:iOS Simulator, id:515AD940-54DE-47C5-AFB0-71DA64BD2E4E, OS:17.2, name:iPad (10th generation) }
{ platform:iOS Simulator, id:515AD940-54DE-47C5-AFB0-71DA64BD2E4E, OS:17.2, name:iPad (10th generation) }
{ platform:iOS Simulator, id:AD893D61-CF59-4C1F-BC27-17FA95345AEB, OS:17.4, name:iPad (10th generation) }
{ platform:iOS Simulator, id:AD893D61-CF59-4C1F-BC27-17FA95345AEB, OS:17.4, name:iPad (10th generation) }
{ platform:iOS Simulator, id:2CCD0546-54BF-40BA-AC38-A12D1301CCF4, OS:17.5, name:iPad (10th generation) }
{ platform:iOS Simulator, id:2CCD0546-54BF-40BA-AC38-A12D1301CCF4, OS:17.5, name:iPad (10th generation) }
{ platform:iOS Simulator, id:5E1D11CA-A613-48CF-91DB-DCC7869F0CD5, OS:18.1, name:iPad (10th generation) }
{ platform:iOS Simulator, id:5E1D11CA-A613-48CF-91DB-DCC7869F0CD5, OS:18.1, name:iPad (10th generation) }
{ platform:iOS Simulator, id:67F63B96-D57D-490C-8118-60586AF98CFA, OS:18.2, name:iPad (10th generation) }
{ platform:iOS Simulator, id:67F63B96-D57D-490C-8118-60586AF98CFA, OS:18.2, name:iPad (10th generation) }
{ platform:iOS Simulator, id:5663D732-1A65-46D2-936B-E50422D5792B, OS:17.0.1, name:iPad Air (5th generation) }
{ platform:iOS Simulator, id:5663D732-1A65-46D2-936B-E50422D5792B, OS:17.0.1, name:iPad Air (5th generation) }
{ platform:iOS Simulator, id:6C3DF6CE-A91A-4DAF-BBD0-D47F4C0457BC, OS:17.2, name:iPad Air (5th generation) }
{ platform:iOS Simulator, id:6C3DF6CE-A91A-4DAF-BBD0-D47F4C0457BC, OS:17.2, name:iPad Air (5th generation) }
{ platform:iOS Simulator, id:6729BE70-A741-4CBF-98D1-8952B5D29F64, OS:17.4, name:iPad Air (5th generation) }
{ platform:iOS Simulator, id:6729BE70-A741-4CBF-98D1-8952B5D29F64, OS:17.4, name:iPad Air (5th generation) }
{ platform:iOS Simulator, id:25B3183D-375D-4EAA-8DF5-B2A7BBF9B6D9, OS:17.4, name:iPad Air 11-inch (M2) }
{ platform:iOS Simulator, id:25B3183D-375D-4EAA-8DF5-B2A7BBF9B6D9, OS:17.4, name:iPad Air 11-inch (M2) }
{ platform:iOS Simulator, id:472D7215-B393-46F9-B17A-8C25A48EA87E, OS:17.5, name:iPad Air 11-inch (M2) }
{ platform:iOS Simulator, id:472D7215-B393-46F9-B17A-8C25A48EA87E, OS:17.5, name:iPad Air 11-inch (M2) }
{ platform:iOS Simulator, id:400000AD-7A3F-4967-AEEB-3BC0FCDC0AED, OS:18.1, name:iPad Air 11-inch (M2) }
{ platform:iOS Simulator, id:400000AD-7A3F-4967-AEEB-3BC0FCDC0AED, OS:18.1, name:iPad Air 11-inch (M2) }
{ platform:iOS Simulator, id:EB5721BD-03AE-45E8-99B0-2B68B9CB845C, OS:18.2, name:iPad Air 11-inch (M2) }
{ platform:iOS Simulator, id:EB5721BD-03AE-45E8-99B0-2B68B9CB845C, OS:18.2, name:iPad Air 11-inch (M2) }
{ platform:iOS Simulator, id:EAEEF433-7DBF-4642-B59F-E4BBB65FD06A, OS:17.4, name:iPad Air 13-inch (M2) }
{ platform:iOS Simulator, id:EAEEF433-7DBF-4642-B59F-E4BBB65FD06A, OS:17.4, name:iPad Air 13-inch (M2) }
{ platform:iOS Simulator, id:863E18C5-8189-490B-8BB9-275BB97D947E, OS:17.5, name:iPad Air 13-inch (M2) }
{ platform:iOS Simulator, id:863E18C5-8189-490B-8BB9-275BB97D947E, OS:17.5, name:iPad Air 13-inch (M2) }
{ platform:iOS Simulator, id:2EB25C80-6444-4098-A780-F7F59C0F8DD0, OS:18.1, name:iPad Air 13-inch (M2) }
{ platform:iOS Simulator, id:2EB25C80-6444-4098-A780-F7F59C0F8DD0, OS:18.1, name:iPad Air 13-inch (M2) }
{ platform:iOS Simulator, id:C7ABC0AA-4EEF-4F25-95EB-13FD2E336D3D, OS:18.2, name:iPad Air 13-inch (M2) }
{ platform:iOS Simulator, id:C7ABC0AA-4EEF-4F25-95EB-13FD2E336D3D, OS:18.2, name:iPad Air 13-inch (M2) }
{ platform:iOS Simulator, id:29E0C62D-190C-4E79-98C9-A276D0B4D86C, OS:17.0.1, name:iPad Pro (11-inch) (4th generation) }
{ platform:iOS Simulator, id:29E0C62D-190C-4E79-98C9-A276D0B4D86C, OS:17.0.1, name:iPad Pro (11-inch) (4th generation) }
{ platform:iOS Simulator, id:3FE96799-A2F6-481F-9014-79F0DF49996D, OS:17.2, name:iPad Pro (11-inch) (4th generation) }
{ platform:iOS Simulator, id:3FE96799-A2F6-481F-9014-79F0DF49996D, OS:17.2, name:iPad Pro (11-inch) (4th generation) }
{ platform:iOS Simulator, id:DF049EFE-271B-4EB2-AA47-1D60564A006E, OS:17.4, name:iPad Pro (11-inch) (4th generation) }
{ platform:iOS Simulator, id:DF049EFE-271B-4EB2-AA47-1D60564A006E, OS:17.4, name:iPad Pro (11-inch) (4th generation) }
{ platform:iOS Simulator, id:1723678C-0F76-4A79-AD2B-1974F77366DD, OS:17.0.1, name:iPad Pro (12.9-inch) (6th generation) }
{ platform:iOS Simulator, id:1723678C-0F76-4A79-AD2B-1974F77366DD, OS:17.0.1, name:iPad Pro (12.9-inch) (6th generation) }
{ platform:iOS Simulator, id:C7A8F972-935C-416B-BFBD-4B582A7EDC69, OS:17.2, name:iPad Pro (12.9-inch) (6th generation) }
{ platform:iOS Simulator, id:C7A8F972-935C-416B-BFBD-4B582A7EDC69, OS:17.2, name:iPad Pro (12.9-inch) (6th generation) }
{ platform:iOS Simulator, id:4B481FF8-4D0D-42EB-B97E-9DE64FF49BD6, OS:17.4, name:iPad Pro (12.9-inch) (6th generation) }
{ platform:iOS Simulator, id:4B481FF8-4D0D-42EB-B97E-9DE64FF49BD6, OS:17.4, name:iPad Pro (12.9-inch) (6th generation) }
{ platform:iOS Simulator, id:11EFB8C6-ED66-489F-A458-204D59C42F76, OS:17.4, name:iPad Pro 11-inch (M4) }
{ platform:iOS Simulator, id:11EFB8C6-ED66-489F-A458-204D59C42F76, OS:17.4, name:iPad Pro 11-inch (M4) }
{ platform:iOS Simulator, id:F89BCCFC-5701-4B88-A238-EE866AF4834F, OS:17.5, name:iPad Pro 11-inch (M4) }
{ platform:iOS Simulator, id:F89BCCFC-5701-4B88-A238-EE866AF4834F, OS:17.5, name:iPad Pro 11-inch (M4) }
{ platform:iOS Simulator, id:F9076D85-9C14-4ED2-93F6-E71E6F981F89, OS:18.1, name:iPad Pro 11-inch (M4) }
{ platform:iOS Simulator, id:F9076D85-9C14-4ED2-93F6-E71E6F981F89, OS:18.1, name:iPad Pro 11-inch (M4) }
{ platform:iOS Simulator, id:4F2A0F20-9193-43F8-A522-C0AA707A082E, OS:18.2, name:iPad Pro 11-inch (M4) }
{ platform:iOS Simulator, id:4F2A0F20-9193-43F8-A522-C0AA707A082E, OS:18.2, name:iPad Pro 11-inch (M4) }
{ platform:iOS Simulator, id:BBFEF709-CB95-447F-B6CA-D0498DA0B173, OS:17.4, name:iPad Pro 13-inch (M4) }
{ platform:iOS Simulator, id:BBFEF709-CB95-447F-B6CA-D0498DA0B173, OS:17.4, name:iPad Pro 13-inch (M4) }
{ platform:iOS Simulator, id:D69181A5-5606-482B-B916-B040BE2D9FA3, OS:17.5, name:iPad Pro 13-inch (M4) }
{ platform:iOS Simulator, id:D69181A5-5606-482B-B916-B040BE2D9FA3, OS:17.5, name:iPad Pro 13-inch (M4) }
{ platform:iOS Simulator, id:BC70BF55-6CA3-43D6-8ACC-E91B7C39C6AB, OS:18.1, name:iPad Pro 13-inch (M4) }
{ platform:iOS Simulator, id:BC70BF55-6CA3-43D6-8ACC-E91B7C39C6AB, OS:18.1, name:iPad Pro 13-inch (M4) }
{ platform:iOS Simulator, id:0A36B23B-1467-4152-AFD1-2D260E18A13A, OS:18.2, name:iPad Pro 13-inch (M4) }
{ platform:iOS Simulator, id:0A36B23B-1467-4152-AFD1-2D260E18A13A, OS:18.2, name:iPad Pro 13-inch (M4) }
{ platform:iOS Simulator, id:BD6387D7-ADCF-4683-B5C2-B6E5A6768FD9, OS:17.0.1, name:iPad mini (6th generation) }
{ platform:iOS Simulator, id:BD6387D7-ADCF-4683-B5C2-B6E5A6768FD9, OS:17.0.1, name:iPad mini (6th generation) }
{ platform:iOS Simulator, id:C35FEA6C-B13A-48DD-B9F6-A638EC541DCC, OS:17.2, name:iPad mini (6th generation) }
{ platform:iOS Simulator, id:C35FEA6C-B13A-48DD-B9F6-A638EC541DCC, OS:17.2, name:iPad mini (6th generation) }
{ platform:iOS Simulator, id:C7C37F38-AECA-4FC8-B383-F038DCD1588E, OS:17.4, name:iPad mini (6th generation) }
{ platform:iOS Simulator, id:C7C37F38-AECA-4FC8-B383-F038DCD1588E, OS:17.4, name:iPad mini (6th generation) }
{ platform:iOS Simulator, id:DA1F2196-DA29-4D5E-8BA8-9978EB2033E6, OS:17.5, name:iPad mini (6th generation) }
{ platform:iOS Simulator, id:DA1F2196-DA29-4D5E-8BA8-9978EB2033E6, OS:17.5, name:iPad mini (6th generation) }
{ platform:iOS Simulator, id:3648DBD8-544F-46B5-9189-128B334AEA52, OS:18.1, name:iPad mini (6th generation) }
{ platform:iOS Simulator, id:3648DBD8-544F-46B5-9189-128B334AEA52, OS:18.1, name:iPad mini (6th generation) }
{ platform:iOS Simulator, id:674C3BC2-2EA9-452A-936D-2413F6B018DC, OS:18.2, name:iPad mini (6th generation) }
{ platform:iOS Simulator, id:674C3BC2-2EA9-452A-936D-2413F6B018DC, OS:18.2, name:iPad mini (6th generation) }
{ platform:iOS Simulator, id:951E7119-0D57-4405-BC5D-111B9C0B4C97, OS:18.1, name:iPad mini (A17 Pro) }
{ platform:iOS Simulator, id:951E7119-0D57-4405-BC5D-111B9C0B4C97, OS:18.1, name:iPad mini (A17 Pro) }
{ platform:iOS Simulator, id:0F36BEB5-08B4-447F-A9D5-1DE57F2AA740, OS:18.2, name:iPad mini (A17 Pro) }
{ platform:iOS Simulator, id:0F36BEB5-08B4-447F-A9D5-1DE57F2AA740, OS:18.2, name:iPad mini (A17 Pro) }
{ platform:iOS Simulator, id:85C23E01-9DF2-4DCC-B85A-E0BBB7758E48, OS:17.0.1, name:iPhone 15 }
{ platform:iOS Simulator, id:85C23E01-9DF2-4DCC-B85A-E0BBB7758E48, OS:17.0.1, name:iPhone 15 }
{ platform:iOS Simulator, id:B85A6126-D430-4125-9250-E65CD7DF14B7, OS:17.2, name:iPhone 15 }
{ platform:iOS Simulator, id:B85A6126-D430-4125-9250-E65CD7DF14B7, OS:17.2, name:iPhone 15 }
{ platform:iOS Simulator, id:30F33610-4843-4C04-99B0-734F24ADAB6B, OS:17.4, name:iPhone 15 }
{ platform:iOS Simulator, id:30F33610-4843-4C04-99B0-734F24ADAB6B, OS:17.4, name:iPhone 15 }
{ platform:iOS Simulator, id:CC86AE0C-952D-43BA-B4CA-7A9A56FB3E00, OS:17.5, name:iPhone 15 }
{ platform:iOS Simulator, id:CC86AE0C-952D-43BA-B4CA-7A9A56FB3E00, OS:17.5, name:iPhone 15 }
{ platform:iOS Simulator, id:AF9A8F01-1912-4E5F-9F4D-2D8F93D91E79, OS:18.1, name:iPhone 15 }
{ platform:iOS Simulator, id:AF9A8F01-1912-4E5F-9F4D-2D8F93D91E79, OS:18.1, name:iPhone 15 }
{ platform:iOS Simulator, id:48E1D6DD-8E3B-406B-93A9-D8DC8666B218, OS:18.2, name:iPhone 15 }
{ platform:iOS Simulator, id:48E1D6DD-8E3B-406B-93A9-D8DC8666B218, OS:18.2, name:iPhone 15 }
{ platform:iOS Simulator, id:17A8C012-E83F-467F-888A-25C2977491AB, OS:17.0.1, name:iPhone 15 Plus }
{ platform:iOS Simulator, id:17A8C012-E83F-467F-888A-25C2977491AB, OS:17.0.1, name:iPhone 15 Plus }
{ platform:iOS Simulator, id:D4463870-0237-4022-B154-00CCA82A0636, OS:17.2, name:iPhone 15 Plus }
{ platform:iOS Simulator, id:D4463870-0237-4022-B154-00CCA82A0636, OS:17.2, name:iPhone 15 Plus }
{ platform:iOS Simulator, id:9E6981FD-68F6-499B-9715-54D0AC6B324E, OS:17.4, name:iPhone 15 Plus }
{ platform:iOS Simulator, id:9E6981FD-68F6-499B-9715-54D0AC6B324E, OS:17.4, name:iPhone 15 Plus }
{ platform:iOS Simulator, id:4AA0BA9A-F857-4E14-B7E2-0886D349E70F, OS:17.5, name:iPhone 15 Plus }
{ platform:iOS Simulator, id:4AA0BA9A-F857-4E14-B7E2-0886D349E70F, OS:17.5, name:iPhone 15 Plus }
{ platform:iOS Simulator, id:BA112D0B-90B3-41B8-902D-49F6B275C0C6, OS:18.1, name:iPhone 15 Plus }
{ platform:iOS Simulator, id:BA112D0B-90B3-41B8-902D-49F6B275C0C6, OS:18.1, name:iPhone 15 Plus }
{ platform:iOS Simulator, id:C23D7B70-307F-45F0-8E79-6959425D484F, OS:18.2, name:iPhone 15 Plus }
{ platform:iOS Simulator, id:C23D7B70-307F-45F0-8E79-6959425D484F, OS:18.2, name:iPhone 15 Plus }
{ platform:iOS Simulator, id:E3BBCD6B-A52D-45EF-B6E0-96D3151F472D, OS:17.0.1, name:iPhone 15 Pro }
{ platform:iOS Simulator, id:E3BBCD6B-A52D-45EF-B6E0-96D3151F472D, OS:17.0.1, name:iPhone 15 Pro }
{ platform:iOS Simulator, id:0C511E31-82CB-4CE3-AF79-548A755737AE, OS:17.2, name:iPhone 15 Pro }
{ platform:iOS Simulator, id:0C511E31-82CB-4CE3-AF79-548A755737AE, OS:17.2, name:iPhone 15 Pro }
{ platform:iOS Simulator, id:E63A4C69-8ADF-4037-A5EE-AE47A98E069B, OS:17.4, name:iPhone 15 Pro }
{ platform:iOS Simulator, id:E63A4C69-8ADF-4037-A5EE-AE47A98E069B, OS:17.4, name:iPhone 15 Pro }
{ platform:iOS Simulator, id:B15C98D2-D2CB-4366-B470-4881BB76708E, OS:17.5, name:iPhone 15 Pro }
{ platform:iOS Simulator, id:B15C98D2-D2CB-4366-B470-4881BB76708E, OS:17.5, name:iPhone 15 Pro }
{ platform:iOS Simulator, id:24E857D2-9035-4FBD-BCAF-5F23DB8D3D16, OS:18.1, name:iPhone 15 Pro }
{ platform:iOS Simulator, id:24E857D2-9035-4FBD-BCAF-5F23DB8D3D16, OS:18.1, name:iPhone 15 Pro }
{ platform:iOS Simulator, id:FBF1D0E2-6034-4FEA-A70A-16248492770F, OS:18.2, name:iPhone 15 Pro }
{ platform:iOS Simulator, id:FBF1D0E2-6034-4FEA-A70A-16248492770F, OS:18.2, name:iPhone 15 Pro }
{ platform:iOS Simulator, id:78A14695-FEEB-4A7C-A0FA-91541B02259E, OS:17.0.1, name:iPhone 15 Pro Max }
{ platform:iOS Simulator, id:78A14695-FEEB-4A7C-A0FA-91541B02259E, OS:17.0.1, name:iPhone 15 Pro Max }
{ platform:iOS Simulator, id:753632A6-2C76-413F-80EA-EA5B7C90310B, OS:17.2, name:iPhone 15 Pro Max }
{ platform:iOS Simulator, id:753632A6-2C76-413F-80EA-EA5B7C90310B, OS:17.2, name:iPhone 15 Pro Max }
{ platform:iOS Simulator, id:F2188A35-1A84-46E5-AD89-58890B04C591, OS:17.4, name:iPhone 15 Pro Max }
{ platform:iOS Simulator, id:F2188A35-1A84-46E5-AD89-58890B04C591, OS:17.4, name:iPhone 15 Pro Max }
{ platform:iOS Simulator, id:B67BB802-8F6F-4830-A0C0-81D202D4AE98, OS:17.5, name:iPhone 15 Pro Max }
{ platform:iOS Simulator, id:B67BB802-8F6F-4830-A0C0-81D202D4AE98, OS:17.5, name:iPhone 15 Pro Max }
{ platform:iOS Simulator, id:AFCB0D2C-0BA1-4C3E-B158-1733517C0029, OS:18.1, name:iPhone 15 Pro Max }
{ platform:iOS Simulator, id:AFCB0D2C-0BA1-4C3E-B158-1733517C0029, OS:18.1, name:iPhone 15 Pro Max }
{ platform:iOS Simulator, id:1C3627B8-E059-4E62-B2AB-3559AF8E6A1E, OS:18.2, name:iPhone 15 Pro Max }
{ platform:iOS Simulator, id:1C3627B8-E059-4E62-B2AB-3559AF8E6A1E, OS:18.2, name:iPhone 15 Pro Max }
{ platform:iOS Simulator, id:A5B144E6-A071-4106-B457-76AA34C952DD, OS:18.1, name:iPhone 16 }
{ platform:iOS Simulator, id:A5B144E6-A071-4106-B457-76AA34C952DD, OS:18.1, name:iPhone 16 }
{ platform:iOS Simulator, id:EDC4F281-97FB-4004-B8FA-3ED2BD36749C, OS:18.2, name:iPhone 16 }
{ platform:iOS Simulator, id:EDC4F281-97FB-4004-B8FA-3ED2BD36749C, OS:18.2, name:iPhone 16 }
{ platform:iOS Simulator, id:CDBA815E-750D-4478-84CE-3B56660EA7E2, OS:18.1, name:iPhone 16 Plus }
{ platform:iOS Simulator, id:CDBA815E-750D-4478-84CE-3B56660EA7E2, OS:18.1, name:iPhone 16 Plus }
{ platform:iOS Simulator, id:21915B6B-125F-4295-A2C0-EC803AABBF05, OS:18.2, name:iPhone 16 Plus }
{ platform:iOS Simulator, id:21915B6B-125F-4295-A2C0-EC803AABBF05, OS:18.2, name:iPhone 16 Plus }
{ platform:iOS Simulator, id:E6F7DFB4-78AF-4B8D-A285-B24000457240, OS:18.1, name:iPhone 16 Pro }
{ platform:iOS Simulator, id:E6F7DFB4-78AF-4B8D-A285-B24000457240, OS:18.1, name:iPhone 16 Pro }
{ platform:iOS Simulator, id:154781AA-E525-424F-9768-390D4DED6241, OS:18.2, name:iPhone 16 Pro }
{ platform:iOS Simulator, id:154781AA-E525-424F-9768-390D4DED6241, OS:18.2, name:iPhone 16 Pro }
{ platform:iOS Simulator, id:D93350B9-61EE-4432-BD8E-E25978972F13, OS:18.1, name:iPhone 16 Pro Max }
{ platform:iOS Simulator, id:D93350B9-61EE-4432-BD8E-E25978972F13, OS:18.1, name:iPhone 16 Pro Max }
{ platform:iOS Simulator, id:F4C49282-5F1D-44F0-B0C6-178B582DB734, OS:18.2, name:iPhone 16 Pro Max }
{ platform:iOS Simulator, id:F4C49282-5F1D-44F0-B0C6-178B582DB734, OS:18.2, name:iPhone 16 Pro Max }
{ platform:iOS Simulator, id:3E23127D-2EE4-4591-89A5-FD2CEE2A05CE, OS:17.0.1, name:iPhone SE (3rd generation) }
{ platform:iOS Simulator, id:3E23127D-2EE4-4591-89A5-FD2CEE2A05CE, OS:17.0.1, name:iPhone SE (3rd generation) }
{ platform:iOS Simulator, id:1EEC7A8C-5A8B-4FBE-B86E-AE7A34D4A64A, OS:17.2, name:iPhone SE (3rd generation) }
{ platform:iOS Simulator, id:1EEC7A8C-5A8B-4FBE-B86E-AE7A34D4A64A, OS:17.2, name:iPhone SE (3rd generation) }
{ platform:iOS Simulator, id:1A195176-A999-41D7-A7D6-84FCB41A26EF, OS:17.4, name:iPhone SE (3rd generation) }
{ platform:iOS Simulator, id:1A195176-A999-41D7-A7D6-84FCB41A26EF, OS:17.4, name:iPhone SE (3rd generation) }
{ platform:iOS Simulator, id:52978592-8BD6-4A5C-8913-43711812C97D, OS:17.5, name:iPhone SE (3rd generation) }
{ platform:iOS Simulator, id:52978592-8BD6-4A5C-8913-43711812C97D, OS:17.5, name:iPhone SE (3rd generation) }
{ platform:iOS Simulator, id:55BC56C5-67CD-46A7-BB04-A0B19A8F0AAC, OS:18.1, name:iPhone SE (3rd generation) }
{ platform:iOS Simulator, id:55BC56C5-67CD-46A7-BB04-A0B19A8F0AAC, OS:18.1, name:iPhone SE (3rd generation) }
{ platform:iOS Simulator, id:A9044B95-7ADA-4C87-9EE0-0393C5CC6805, OS:18.2, name:iPhone SE (3rd generation) }
{ platform:iOS Simulator, id:A9044B95-7ADA-4C87-9EE0-0393C5CC6805, OS:18.2, name:iPhone SE (3rd generation) }
Prepare packages

ComputeTargetDependencyGraph
note: Building targets in dependency order
note: Target dependency graph (2 targets)
    Target 'SalmanCleanerMobileTests' in project 'SalmanCleanerMobile'
        ➜ Explicit dependency on target 'SalmanCleanerMobile' in project 'SalmanCleanerMobile'
    Target 'SalmanCleanerMobile' in project 'SalmanCleanerMobile' (no dependencies)

GatherProvisioningInputs

CreateBuildDescription

ExecuteExternalTool /Applications/Xcode_15.4.app/Contents/Developer/usr/bin/actool --print-asset-tag-combinations --output-format xml1 /Users/runner/work/SalmanMacCleaner/SalmanMacCleaner/SalmanCleanerMobile/Assets.xcassets

ExecuteExternalTool /Applications/Xcode_15.4.app/Contents/Developer/Toolchains/XcodeDefault.xctoolchain/usr/bin/swiftc -v

ExecuteExternalTool /Applications/Xcode_15.4.app/Contents/Developer/Toolchains/XcodeDefault.xctoolchain/usr/bin/clang -v -E -dM -isysroot /Applications/Xcode_15.4.app/Contents/Developer/Platforms/iPhoneOS.platform/Developer/SDKs/iPhoneOS17.5.sdk -x c -c /dev/null

ExecuteExternalTool /Applications/Xcode_15.4.app/Contents/Developer/Toolchains/XcodeDefault.xctoolchain/usr/bin/clang -v -E -dM -isysroot /Applications/Xcode_15.4.app/Contents/Developer/Platforms/MacOSX.platform/Developer/SDKs/MacOSX14.5.sdk -x c -c /dev/null

ExecuteExternalTool /Applications/Xcode_15.4.app/Contents/Developer/usr/bin/actool --version --output-format xml1

ExecuteExternalTool /Applications/Xcode_15.4.app/Contents/Developer/Toolchains/XcodeDefault.xctoolchain/usr/bin/ld -version_details

Build description signature: bc55abc5174b6496b62079225fbb82c8
Build description path: /Users/runner/Library/Developer/Xcode/DerivedData/SalmanCleanerMobile-feedweulbhasgaenidqhausboxfb/Build/Intermediates.noindex/XCBuildData/bc55abc5174b6496b62079225fbb82c8.xcbuilddata
ClangStatCache /Applications/Xcode_15.4.app/Contents/Developer/Toolchains/XcodeDefault.xctoolchain/usr/bin/clang-stat-cache /Applications/Xcode_15.4.app/Contents/Developer/Platforms/iPhoneOS.platform/Developer/SDKs/iPhoneOS17.5.sdk /Users/runner/Library/Developer/Xcode/DerivedData/SDKStatCaches.noindex/iphoneos17.5-21F77-f0fa7969d082b13145125136a829df3a.sdkstatcache
    cd /Users/runner/work/SalmanMacCleaner/SalmanMacCleaner/SalmanCleanerMobile.xcodeproj
    /Applications/Xcode_15.4.app/Contents/Developer/Toolchains/XcodeDefault.xctoolchain/usr/bin/clang-stat-cache /Applications/Xcode_15.4.app/Contents/Developer/Platforms/iPhoneOS.platform/Developer/SDKs/iPhoneOS17.5.sdk -o /Users/runner/Library/Developer/Xcode/DerivedData/SDKStatCaches.noindex/iphoneos17.5-21F77-f0fa7969d082b13145125136a829df3a.sdkstatcache

ClangStatCache /Applications/Xcode_15.4.app/Contents/Developer/Toolchains/XcodeDefault.xctoolchain/usr/bin/clang-stat-cache /Applications/Xcode_15.4.app/Contents/Developer/Platforms/MacOSX.platform/Developer/SDKs/MacOSX14.5.sdk /Users/runner/Library/Developer/Xcode/DerivedData/SDKStatCaches.noindex/macosx14.5-23F73-370e46e0f02e54db71bc6d75e3f2cef2.sdkstatcache
    cd /Users/runner/work/SalmanMacCleaner/SalmanMacCleaner/SalmanCleanerMobile.xcodeproj
    /Applications/Xcode_15.4.app/Contents/Developer/Toolchains/XcodeDefault.xctoolchain/usr/bin/clang-stat-cache /Applications/Xcode_15.4.app/Contents/Developer/Platforms/MacOSX.platform/Developer/SDKs/MacOSX14.5.sdk -o /Users/runner/Library/Developer/Xcode/DerivedData/SDKStatCaches.noindex/macosx14.5-23F73-370e46e0f02e54db71bc6d75e3f2cef2.sdkstatcache

CreateBuildDirectory /Users/runner/Library/Developer/Xcode/DerivedData/SalmanCleanerMobile-feedweulbhasgaenidqhausboxfb/Build/Products/Debug-maccatalyst
    cd /Users/runner/work/SalmanMacCleaner/SalmanMacCleaner/SalmanCleanerMobile.xcodeproj
    builtin-create-build-directory /Users/runner/Library/Developer/Xcode/DerivedData/SalmanCleanerMobile-feedweulbhasgaenidqhausboxfb/Build/Products/Debug-maccatalyst

CreateBuildDirectory /Users/runner/Library/Developer/Xcode/DerivedData/SalmanCleanerMobile-feedweulbhasgaenidqhausboxfb/Build/Products/Debug-iphoneos
    cd /Users/runner/work/SalmanMacCleaner/SalmanMacCleaner/SalmanCleanerMobile.xcodeproj
    builtin-create-build-directory /Users/runner/Library/Developer/Xcode/DerivedData/SalmanCleanerMobile-feedweulbhasgaenidqhausboxfb/Build/Products/Debug-iphoneos

CreateBuildDirectory /Users/runner/Library/Developer/Xcode/DerivedData/SalmanCleanerMobile-feedweulbhasgaenidqhausboxfb/Build/Intermediates.noindex/EagerLinkingTBDs/Debug-maccatalyst
    cd /Users/runner/work/SalmanMacCleaner/SalmanMacCleaner/SalmanCleanerMobile.xcodeproj
    builtin-create-build-directory /Users/runner/Library/Developer/Xcode/DerivedData/SalmanCleanerMobile-feedweulbhasgaenidqhausboxfb/Build/Intermediates.noindex/EagerLinkingTBDs/Debug-maccatalyst

CreateBuildDirectory /Users/runner/Library/Developer/Xcode/DerivedData/SalmanCleanerMobile-feedweulbhasgaenidqhausboxfb/Build/Intermediates.noindex/EagerLinkingTBDs/Debug-iphoneos
    cd /Users/runner/work/SalmanMacCleaner/SalmanMacCleaner/SalmanCleanerMobile.xcodeproj
    builtin-create-build-directory /Users/runner/Library/Developer/Xcode/DerivedData/SalmanCleanerMobile-feedweulbhasgaenidqhausboxfb/Build/Intermediates.noindex/EagerLinkingTBDs/Debug-iphoneos

MkDir /Users/runner/Library/Developer/Xcode/DerivedData/SalmanCleanerMobile-feedweulbhasgaenidqhausboxfb/Build/Products/Debug-maccatalyst/SalmanCleanerMobile.app/Contents/PlugIns/SalmanCleanerMobileTests.xctest/Contents/MacOS (in target 'SalmanCleanerMobileTests' from project 'SalmanCleanerMobile')
    cd /Users/runner/work/SalmanMacCleaner/SalmanMacCleaner
    /bin/mkdir -p /Users/runner/Library/Developer/Xcode/DerivedData/SalmanCleanerMobile-feedweulbhasgaenidqhausboxfb/Build/Products/Debug-maccatalyst/SalmanCleanerMobile.app/Contents/PlugIns/SalmanCleanerMobileTests.xctest/Contents/MacOS

MkDir /Users/runner/Library/Developer/Xcode/DerivedData/SalmanCleanerMobile-feedweulbhasgaenidqhausboxfb/Build/Products/Debug-maccatalyst/SalmanCleanerMobile.app/Contents/PlugIns/SalmanCleanerMobileTests.xctest/Contents (in target 'SalmanCleanerMobileTests' from project 'SalmanCleanerMobile')
    cd /Users/runner/work/SalmanMacCleaner/SalmanMacCleaner
    /bin/mkdir -p /Users/runner/Library/Developer/Xcode/DerivedData/SalmanCleanerMobile-feedweulbhasgaenidqhausboxfb/Build/Products/Debug-maccatalyst/SalmanCleanerMobile.app/Contents/PlugIns/SalmanCleanerMobileTests.xctest/Contents

MkDir /Users/runner/Library/Developer/Xcode/DerivedData/SalmanCleanerMobile-feedweulbhasgaenidqhausboxfb/Build/Products/Debug-maccatalyst/SalmanCleanerMobile.app/Contents/PlugIns/SalmanCleanerMobileTests.xctest (in target 'SalmanCleanerMobileTests' from project 'SalmanCleanerMobile')
    cd /Users/runner/work/SalmanMacCleaner/SalmanMacCleaner
    /bin/mkdir -p /Users/runner/Library/Developer/Xcode/DerivedData/SalmanCleanerMobile-feedweulbhasgaenidqhausboxfb/Build/Products/Debug-maccatalyst/SalmanCleanerMobile.app/Contents/PlugIns/SalmanCleanerMobileTests.xctest

MkDir /Users/runner/Library/Developer/Xcode/DerivedData/SalmanCleanerMobile-feedweulbhasgaenidqhausboxfb/Build/Products/Debug-iphoneos/SalmanCleanerMobile.app (in target 'SalmanCleanerMobile' from project 'SalmanCleanerMobile')
    cd /Users/runner/work/SalmanMacCleaner/SalmanMacCleaner
    /bin/mkdir -p /Users/runner/Library/Developer/Xcode/DerivedData/SalmanCleanerMobile-feedweulbhasgaenidqhausboxfb/Build/Products/Debug-iphoneos/SalmanCleanerMobile.app

WriteAuxiliaryFile /Users/runner/Library/Developer/Xcode/DerivedData/SalmanCleanerMobile-feedweulbhasgaenidqhausboxfb/Build/Intermediates.noindex/SalmanCleanerMobile.build/Debug-iphoneos/SalmanCleanerMobile.build/all-product-headers.yaml (in target 'SalmanCleanerMobile' from project 'SalmanCleanerMobile')
    cd /Users/runner/work/SalmanMacCleaner/SalmanMacCleaner
    write-file /Users/runner/Library/Developer/Xcode/DerivedData/SalmanCleanerMobile-feedweulbhasgaenidqhausboxfb/Build/Intermediates.noindex/SalmanCleanerMobile.build/Debug-iphoneos/SalmanCleanerMobile.build/all-product-headers.yaml

WriteAuxiliaryFile /Users/runner/Library/Developer/Xcode/DerivedData/SalmanCleanerMobile-feedweulbhasgaenidqhausboxfb/Build/Intermediates.noindex/SalmanCleanerMobile.build/Debug-iphoneos/SalmanCleanerMobile.build/SalmanCleanerMobile.hmap (in target 'SalmanCleanerMobile' from project 'SalmanCleanerMobile')
    cd /Users/runner/work/SalmanMacCleaner/SalmanMacCleaner
    write-file /Users/runner/Library/Developer/Xcode/DerivedData/SalmanCleanerMobile-feedweulbhasgaenidqhausboxfb/Build/Intermediates.noindex/SalmanCleanerMobile.build/Debug-iphoneos/SalmanCleanerMobile.build/SalmanCleanerMobile.hmap

WriteAuxiliaryFile /Users/runner/Library/Developer/Xcode/DerivedData/SalmanCleanerMobile-feedweulbhasgaenidqhausboxfb/Build/Intermediates.noindex/SalmanCleanerMobile.build/Debug-iphoneos/SalmanCleanerMobile.build/SalmanCleanerMobile-project-headers.hmap (in target 'SalmanCleanerMobile' from project 'SalmanCleanerMobile')
    cd /Users/runner/work/SalmanMacCleaner/SalmanMacCleaner
    write-file /Users/runner/Library/Developer/Xcode/DerivedData/SalmanCleanerMobile-feedweulbhasgaenidqhausboxfb/Build/Intermediates.noindex/SalmanCleanerMobile.build/Debug-iphoneos/SalmanCleanerMobile.build/SalmanCleanerMobile-project-headers.hmap

WriteAuxiliaryFile /Users/runner/Library/Developer/Xcode/DerivedData/SalmanCleanerMobile-feedweulbhasgaenidqhausboxfb/Build/Intermediates.noindex/SalmanCleanerMobile.build/Debug-iphoneos/SalmanCleanerMobile.build/SalmanCleanerMobile-own-target-headers.hmap (in target 'SalmanCleanerMobile' from project 'SalmanCleanerMobile')
    cd /Users/runner/work/SalmanMacCleaner/SalmanMacCleaner
    write-file /Users/runner/Library/Developer/Xcode/DerivedData/SalmanCleanerMobile-feedweulbhasgaenidqhausboxfb/Build/Intermediates.noindex/SalmanCleanerMobile.build/Debug-iphoneos/SalmanCleanerMobile.build/SalmanCleanerMobile-own-target-headers.hmap

WriteAuxiliaryFile /Users/runner/Library/Developer/Xcode/DerivedData/SalmanCleanerMobile-feedweulbhasgaenidqhausboxfb/Build/Intermediates.noindex/SalmanCleanerMobile.build/Debug-iphoneos/SalmanCleanerMobile.build/SalmanCleanerMobile-generated-files.hmap (in target 'SalmanCleanerMobile' from project 'SalmanCleanerMobile')
    cd /Users/runner/work/SalmanMacCleaner/SalmanMacCleaner
    write-file /Users/runner/Library/Developer/Xcode/DerivedData/SalmanCleanerMobile-feedweulbhasgaenidqhausboxfb/Build/Intermediates.noindex/SalmanCleanerMobile.build/Debug-iphoneos/SalmanCleanerMobile.build/SalmanCleanerMobile-generated-files.hmap

WriteAuxiliaryFile /Users/runner/Library/Developer/Xcode/DerivedData/SalmanCleanerMobile-feedweulbhasgaenidqhausboxfb/Build/Intermediates.noindex/SalmanCleanerMobile.build/Debug-iphoneos/SalmanCleanerMobile.build/SalmanCleanerMobile-all-target-headers.hmap (in target 'SalmanCleanerMobile' from project 'SalmanCleanerMobile')
    cd /Users/runner/work/SalmanMacCleaner/SalmanMacCleaner
    write-file /Users/runner/Library/Developer/Xcode/DerivedData/SalmanCleanerMobile-feedweulbhasgaenidqhausboxfb/Build/Intermediates.noindex/SalmanCleanerMobile.build/Debug-iphoneos/SalmanCleanerMobile.build/SalmanCleanerMobile-all-target-headers.hmap

WriteAuxiliaryFile /Users/runner/Library/Developer/Xcode/DerivedData/SalmanCleanerMobile-feedweulbhasgaenidqhausboxfb/Build/Intermediates.noindex/SalmanCleanerMobile.build/Debug-iphoneos/SalmanCleanerMobile.build/SalmanCleanerMobile-all-non-framework-target-headers.hmap (in target 'SalmanCleanerMobile' from project 'SalmanCleanerMobile')
    cd /Users/runner/work/SalmanMacCleaner/SalmanMacCleaner
    write-file /Users/runner/Library/Developer/Xcode/DerivedData/SalmanCleanerMobile-feedweulbhasgaenidqhausboxfb/Build/Intermediates.noindex/SalmanCleanerMobile.build/Debug-iphoneos/SalmanCleanerMobile.build/SalmanCleanerMobile-all-non-framework-target-headers.hmap

WriteAuxiliaryFile /Users/runner/Library/Developer/Xcode/DerivedData/SalmanCleanerMobile-feedweulbhasgaenidqhausboxfb/Build/Intermediates.noindex/SalmanCleanerMobile.build/Debug-iphoneos/SalmanCleanerMobile.build/Objects-normal/arm64/SalmanCleanerMobile.LinkFileList (in target 'SalmanCleanerMobile' from project 'SalmanCleanerMobile')
    cd /Users/runner/work/SalmanMacCleaner/SalmanMacCleaner
    write-file /Users/runner/Library/Developer/Xcode/DerivedData/SalmanCleanerMobile-feedweulbhasgaenidqhausboxfb/Build/Intermediates.noindex/SalmanCleanerMobile.build/Debug-iphoneos/SalmanCleanerMobile.build/Objects-normal/arm64/SalmanCleanerMobile.LinkFileList

WriteAuxiliaryFile /Users/runner/Library/Developer/Xcode/DerivedData/SalmanCleanerMobile-feedweulbhasgaenidqhausboxfb/Build/Intermediates.noindex/SalmanCleanerMobile.build/Debug-iphoneos/SalmanCleanerMobile.build/Objects-normal/arm64/SalmanCleanerMobile_const_extract_protocols.json (in target 'SalmanCleanerMobile' from project 'SalmanCleanerMobile')
    cd /Users/runner/work/SalmanMacCleaner/SalmanMacCleaner
    write-file /Users/runner/Library/Developer/Xcode/DerivedData/SalmanCleanerMobile-feedweulbhasgaenidqhausboxfb/Build/Intermediates.noindex/SalmanCleanerMobile.build/Debug-iphoneos/SalmanCleanerMobile.build/Objects-normal/arm64/SalmanCleanerMobile_const_extract_protocols.json

WriteAuxiliaryFile /Users/runner/Library/Developer/Xcode/DerivedData/SalmanCleanerMobile-feedweulbhasgaenidqhausboxfb/Build/Intermediates.noindex/SalmanCleanerMobile.build/Debug-iphoneos/SalmanCleanerMobile.build/Objects-normal/arm64/SalmanCleanerMobile.SwiftFileList (in target 'SalmanCleanerMobile' from project 'SalmanCleanerMobile')
    cd /Users/runner/work/SalmanMacCleaner/SalmanMacCleaner
    write-file /Users/runner/Library/Developer/Xcode/DerivedData/SalmanCleanerMobile-feedweulbhasgaenidqhausboxfb/Build/Intermediates.noindex/SalmanCleanerMobile.build/Debug-iphoneos/SalmanCleanerMobile.build/Objects-normal/arm64/SalmanCleanerMobile.SwiftFileList

WriteAuxiliaryFile /Users/runner/Library/Developer/Xcode/DerivedData/SalmanCleanerMobile-feedweulbhasgaenidqhausboxfb/Build/Intermediates.noindex/SalmanCleanerMobile.build/Debug-iphoneos/SalmanCleanerMobile.build/Objects-normal/arm64/SalmanCleanerMobile-OutputFileMap.json (in target 'SalmanCleanerMobile' from project 'SalmanCleanerMobile')
    cd /Users/runner/work/SalmanMacCleaner/SalmanMacCleaner
    write-file /Users/runner/Library/Developer/Xcode/DerivedData/SalmanCleanerMobile-feedweulbhasgaenidqhausboxfb/Build/Intermediates.noindex/SalmanCleanerMobile.build/Debug-iphoneos/SalmanCleanerMobile.build/Objects-normal/arm64/SalmanCleanerMobile-OutputFileMap.json

GenerateAssetSymbols /Users/runner/work/SalmanMacCleaner/SalmanMacCleaner/SalmanCleanerMobile/Assets.xcassets (in target 'SalmanCleanerMobile' from project 'SalmanCleanerMobile')
    cd /Users/runner/work/SalmanMacCleaner/SalmanMacCleaner
    /Applications/Xcode_15.4.app/Contents/Developer/usr/bin/actool --output-format human-readable-text --notices --warnings --export-dependency-info /Users/runner/Library/Developer/Xcode/DerivedData/SalmanCleanerMobile-feedweulbhasgaenidqhausboxfb/Build/Intermediates.noindex/SalmanCleanerMobile.build/Debug-iphoneos/SalmanCleanerMobile.build/assetcatalog_dependencies --output-partial-info-plist /Users/runner/Library/Developer/Xcode/DerivedData/SalmanCleanerMobile-feedweulbhasgaenidqhausboxfb/Build/Intermediates.noindex/SalmanCleanerMobile.build/Debug-iphoneos/SalmanCleanerMobile.build/assetcatalog_generated_info.plist --app-icon AppIcon --accent-color AccentColor --compress-pngs --enable-on-demand-resources YES --development-region en --target-device iphone --target-device ipad --minimum-deployment-target 16.0 --platform iphoneos --compile /Users/runner/Library/Developer/Xcode/DerivedData/SalmanCleanerMobile-feedweulbhasgaenidqhausboxfb/Build/Products/Debug-iphoneos/SalmanCleanerMobile.app /Users/runner/work/SalmanMacCleaner/SalmanMacCleaner/SalmanCleanerMobile/Assets.xcassets --bundle-identifier com.salman.SalmanCleanerMobile --generate-swift-asset-symbol-extensions NO --generate-swift-asset-symbols /Users/runner/Library/Developer/Xcode/DerivedData/SalmanCleanerMobile-feedweulbhasgaenidqhausboxfb/Build/Intermediates.noindex/SalmanCleanerMobile.build/Debug-iphoneos/SalmanCleanerMobile.build/DerivedSources/GeneratedAssetSymbols.swift --generate-objc-asset-symbols /Users/runner/Library/Developer/Xcode/DerivedData/SalmanCleanerMobile-feedweulbhasgaenidqhausboxfb/Build/Intermediates.noindex/SalmanCleanerMobile.build/Debug-iphoneos/SalmanCleanerMobile.build/DerivedSources/GeneratedAssetSymbols.h --generate-asset-symbol-index /Users/runner/Library/Developer/Xcode/DerivedData/SalmanCleanerMobile-feedweulbhasgaenidqhausboxfb/Build/Intermediates.noindex/SalmanCleanerMobile.build/Debug-iphoneos/SalmanCleanerMobile.build/DerivedSources/GeneratedAssetSymbols-Index.plist
/* com.apple.actool.compilation-results */
/Users/runner/Library/Developer/Xcode/DerivedData/SalmanCleanerMobile-feedweulbhasgaenidqhausboxfb/Build/Intermediates.noindex/SalmanCleanerMobile.build/Debug-iphoneos/SalmanCleanerMobile.build/DerivedSources/GeneratedAssetSymbols-Index.plist
/Users/runner/Library/Developer/Xcode/DerivedData/SalmanCleanerMobile-feedweulbhasgaenidqhausboxfb/Build/Intermediates.noindex/SalmanCleanerMobile.build/Debug-iphoneos/SalmanCleanerMobile.build/DerivedSources/GeneratedAssetSymbols.h
/Users/runner/Library/Developer/Xcode/DerivedData/SalmanCleanerMobile-feedweulbhasgaenidqhausboxfb/Build/Intermediates.noindex/SalmanCleanerMobile.build/Debug-iphoneos/SalmanCleanerMobile.build/DerivedSources/GeneratedAssetSymbols.swift


CompileAssetCatalog /Users/runner/Library/Developer/Xcode/DerivedData/SalmanCleanerMobile-feedweulbhasgaenidqhausboxfb/Build/Products/Debug-iphoneos/SalmanCleanerMobile.app /Users/runner/work/SalmanMacCleaner/SalmanMacCleaner/SalmanCleanerMobile/Assets.xcassets (in target 'SalmanCleanerMobile' from project 'SalmanCleanerMobile')
    cd /Users/runner/work/SalmanMacCleaner/SalmanMacCleaner
    /Applications/Xcode_15.4.app/Contents/Developer/usr/bin/actool --output-format human-readable-text --notices --warnings --export-dependency-info /Users/runner/Library/Developer/Xcode/DerivedData/SalmanCleanerMobile-feedweulbhasgaenidqhausboxfb/Build/Intermediates.noindex/SalmanCleanerMobile.build/Debug-iphoneos/SalmanCleanerMobile.build/assetcatalog_dependencies --output-partial-info-plist /Users/runner/Library/Developer/Xcode/DerivedData/SalmanCleanerMobile-feedweulbhasgaenidqhausboxfb/Build/Intermediates.noindex/SalmanCleanerMobile.build/Debug-iphoneos/SalmanCleanerMobile.build/assetcatalog_generated_info.plist --app-icon AppIcon --accent-color AccentColor --compress-pngs --enable-on-demand-resources YES --development-region en --target-device iphone --target-device ipad --minimum-deployment-target 16.0 --platform iphoneos --compile /Users/runner/Library/Developer/Xcode/DerivedData/SalmanCleanerMobile-feedweulbhasgaenidqhausboxfb/Build/Products/Debug-iphoneos/SalmanCleanerMobile.app /Users/runner/work/SalmanMacCleaner/SalmanMacCleaner/SalmanCleanerMobile/Assets.xcassets
/* com.apple.actool.notices */
/Users/runner/work/SalmanMacCleaner/SalmanMacCleaner/SalmanCleanerMobile/Assets.xcassets: warning: Accent color ‘AccentColor’ is not present in any asset catalogs.
/* com.apple.actool.compilation-results */
/Users/runner/Library/Developer/Xcode/DerivedData/SalmanCleanerMobile-feedweulbhasgaenidqhausboxfb/Build/Intermediates.noindex/SalmanCleanerMobile.build/Debug-iphoneos/SalmanCleanerMobile.build/assetcatalog_generated_info.plist


ProcessInfoPlistFile /Users/runner/Library/Developer/Xcode/DerivedData/SalmanCleanerMobile-feedweulbhasgaenidqhausboxfb/Build/Products/Debug-iphoneos/SalmanCleanerMobile.app/Info.plist /Users/runner/work/SalmanMacCleaner/SalmanMacCleaner/SalmanCleanerMobile/Info.plist (in target 'SalmanCleanerMobile' from project 'SalmanCleanerMobile')
    cd /Users/runner/work/SalmanMacCleaner/SalmanMacCleaner
    builtin-infoPlistUtility /Users/runner/work/SalmanMacCleaner/SalmanMacCleaner/SalmanCleanerMobile/Info.plist -producttype com.apple.product-type.application -genpkginfo /Users/runner/Library/Developer/Xcode/DerivedData/SalmanCleanerMobile-feedweulbhasgaenidqhausboxfb/Build/Products/Debug-iphoneos/SalmanCleanerMobile.app/PkgInfo -expandbuildsettings -format binary -platform iphoneos -additionalcontentfile /Users/runner/Library/Developer/Xcode/DerivedData/SalmanCleanerMobile-feedweulbhasgaenidqhausboxfb/Build/Intermediates.noindex/SalmanCleanerMobile.build/Debug-iphoneos/SalmanCleanerMobile.build/assetcatalog_generated_info.plist -requiredArchitecture arm64 -o /Users/runner/Library/Developer/Xcode/DerivedData/SalmanCleanerMobile-feedweulbhasgaenidqhausboxfb/Build/Products/Debug-iphoneos/SalmanCleanerMobile.app/Info.plist

SwiftDriver SalmanCleanerMobile normal arm64 com.apple.xcode.tools.swift.compiler (in target 'SalmanCleanerMobile' from project 'SalmanCleanerMobile')
    cd /Users/runner/work/SalmanMacCleaner/SalmanMacCleaner
    builtin-SwiftDriver -- /Applications/Xcode_15.4.app/Contents/Developer/Toolchains/XcodeDefault.xctoolchain/usr/bin/swiftc -module-name SalmanCleanerMobile -Onone -enforce-exclusivity\=checked @/Users/runner/Library/Developer/Xcode/DerivedData/SalmanCleanerMobile-feedweulbhasgaenidqhausboxfb/Build/Intermediates.noindex/SalmanCleanerMobile.build/Debug-iphoneos/SalmanCleanerMobile.build/Objects-normal/arm64/SalmanCleanerMobile.SwiftFileList -DDEBUG -sdk /Applications/Xcode_15.4.app/Contents/Developer/Platforms/iPhoneOS.platform/Developer/SDKs/iPhoneOS17.5.sdk -target arm64-apple-ios16.0 -enable-bare-slash-regex -g -module-cache-path /Users/runner/Library/Developer/Xcode/DerivedData/ModuleCache.noindex -Xfrontend -serialize-debugging-options -enable-testing -index-store-path /Users/runner/Library/Developer/Xcode/DerivedData/SalmanCleanerMobile-feedweulbhasgaenidqhausboxfb/Index.noindex/DataStore -swift-version 5 -I /Users/runner/Library/Developer/Xcode/DerivedData/SalmanCleanerMobile-feedweulbhasgaenidqhausboxfb/Build/Products/Debug-iphoneos -F /Users/runner/Library/Developer/Xcode/DerivedData/SalmanCleanerMobile-feedweulbhasgaenidqhausboxfb/Build/Products/Debug-iphoneos -emit-localized-strings -emit-localized-strings-path /Users/runner/Library/Developer/Xcode/DerivedData/SalmanCleanerMobile-feedweulbhasgaenidqhausboxfb/Build/Intermediates.noindex/SalmanCleanerMobile.build/Debug-iphoneos/SalmanCleanerMobile.build/Objects-normal/arm64 -c -j3 -enable-batch-mode -incremental -Xcc -ivfsstatcache -Xcc /Users/runner/Library/Developer/Xcode/DerivedData/SDKStatCaches.noindex/iphoneos17.5-21F77-f0fa7969d082b13145125136a829df3a.sdkstatcache -output-file-map /Users/runner/Library/Developer/Xcode/DerivedData/SalmanCleanerMobile-feedweulbhasgaenidqhausboxfb/Build/Intermediates.noindex/SalmanCleanerMobile.build/Debug-iphoneos/SalmanCleanerMobile.build/Objects-normal/arm64/SalmanCleanerMobile-OutputFileMap.json -use-frontend-parseable-output -save-temps -no-color-diagnostics -serialize-diagnostics -emit-dependencies -emit-module -emit-module-path /Users/runner/Library/Developer/Xcode/DerivedData/SalmanCleanerMobile-feedweulbhasgaenidqhausboxfb/Build/Intermediates.noindex/SalmanCleanerMobile.build/Debug-iphoneos/SalmanCleanerMobile.build/Objects-normal/arm64/SalmanCleanerMobile.swiftmodule -validate-clang-modules-once -clang-build-session-file /Users/runner/Library/Developer/Xcode/DerivedData/ModuleCache.noindex/Session.modulevalidation -Xcc -I/Users/runner/Library/Developer/Xcode/DerivedData/SalmanCleanerMobile-feedweulbhasgaenidqhausboxfb/Build/Intermediates.noindex/SalmanCleanerMobile.build/Debug-iphoneos/SalmanCleanerMobile.build/swift-overrides.hmap -emit-const-values -Xfrontend -const-gather-protocols-file -Xfrontend /Users/runner/Library/Developer/Xcode/DerivedData/SalmanCleanerMobile-feedweulbhasgaenidqhausboxfb/Build/Intermediates.noindex/SalmanCleanerMobile.build/Debug-iphoneos/SalmanCleanerMobile.build/Objects-normal/arm64/SalmanCleanerMobile_const_extract_protocols.json -Xcc -iquote -Xcc /Users/runner/Library/Developer/Xcode/DerivedData/SalmanCleanerMobile-feedweulbhasgaenidqhausboxfb/Build/Intermediates.noindex/SalmanCleanerMobile.build/Debug-iphoneos/SalmanCleanerMobile.build/SalmanCleanerMobile-generated-files.hmap -Xcc -I/Users/runner/Library/Developer/Xcode/DerivedData/SalmanCleanerMobile-feedweulbhasgaenidqhausboxfb/Build/Intermediates.noindex/SalmanCleanerMobile.build/Debug-iphoneos/SalmanCleanerMobile.build/SalmanCleanerMobile-own-target-headers.hmap -Xcc -I/Users/runner/Library/Developer/Xcode/DerivedData/SalmanCleanerMobile-feedweulbhasgaenidqhausboxfb/Build/Intermediates.noindex/SalmanCleanerMobile.build/Debug-iphoneos/SalmanCleanerMobile.build/SalmanCleanerMobile-all-non-framework-target-headers.hmap -Xcc -ivfsoverlay -Xcc /Users/runner/Library/Developer/Xcode/DerivedData/SalmanCleanerMobile-feedweulbhasgaenidqhausboxfb/Build/Intermediates.noindex/SalmanCleanerMobile.build/Debug-iphoneos/SalmanCleanerMobile.build/all-product-headers.yaml -Xcc -iquote -Xcc /Users/runner/Library/Developer/Xcode/DerivedData/SalmanCleanerMobile-feedweulbhasgaenidqhausboxfb/Build/Intermediates.noindex/SalmanCleanerMobile.build/Debug-iphoneos/SalmanCleanerMobile.build/SalmanCleanerMobile-project-headers.hmap -Xcc -I/Users/runner/Library/Developer/Xcode/DerivedData/SalmanCleanerMobile-feedweulbhasgaenidqhausboxfb/Build/Products/Debug-iphoneos/include -Xcc -I/Users/runner/Library/Developer/Xcode/DerivedData/SalmanCleanerMobile-feedweulbhasgaenidqhausboxfb/Build/Intermediates.noindex/SalmanCleanerMobile.build/Debug-iphoneos/SalmanCleanerMobile.build/DerivedSources-normal/arm64 -Xcc -I/Users/runner/Library/Developer/Xcode/DerivedData/SalmanCleanerMobile-feedweulbhasgaenidqhausboxfb/Build/Intermediates.noindex/SalmanCleanerMobile.build/Debug-iphoneos/SalmanCleanerMobile.build/DerivedSources/arm64 -Xcc -I/Users/runner/Library/Developer/Xcode/DerivedData/SalmanCleanerMobile-feedweulbhasgaenidqhausboxfb/Build/Intermediates.noindex/SalmanCleanerMobile.build/Debug-iphoneos/SalmanCleanerMobile.build/DerivedSources -Xcc -DDEBUG\=1 -emit-objc-header -emit-objc-header-path /Users/runner/Library/Developer/Xcode/DerivedData/SalmanCleanerMobile-feedweulbhasgaenidqhausboxfb/Build/Intermediates.noindex/SalmanCleanerMobile.build/Debug-iphoneos/SalmanCleanerMobile.build/Objects-normal/arm64/SalmanCleanerMobile-Swift.h -working-directory /Users/runner/work/SalmanMacCleaner/SalmanMacCleaner -experimental-emit-module-separately -disable-cmo

SwiftEmitModule normal arm64 Emitting\ module\ for\ SalmanCleanerMobile (in target 'SalmanCleanerMobile' from project 'SalmanCleanerMobile')
    cd /Users/runner/work/SalmanMacCleaner/SalmanMacCleaner
    builtin-swiftTaskExecution -- /Applications/Xcode_15.4.app/Contents/Developer/Toolchains/XcodeDefault.xctoolchain/usr/bin/swift-frontend -frontend -emit-module -experimental-skip-non-inlinable-function-bodies-without-types /Users/runner/work/SalmanMacCleaner/SalmanMacCleaner/SalmanCleanerMobile/ContentView.swift /Users/runner/work/SalmanMacCleaner/SalmanMacCleaner/SalmanCleanerMobile/DuplicatesView.swift /Users/runner/work/SalmanMacCleaner/SalmanMacCleaner/SalmanCleanerMobile/LargeMediaView.swift /Users/runner/work/SalmanMacCleaner/SalmanMacCleaner/SalmanCleanerMobile/PhotoManager.swift /Users/runner/work/SalmanMacCleaner/SalmanMacCleaner/SalmanCleanerMobile/SalmanCleanerMobileApp.swift /Users/runner/Library/Developer/Xcode/DerivedData/SalmanCleanerMobile-feedweulbhasgaenidqhausboxfb/Build/Intermediates.noindex/SalmanCleanerMobile.build/Debug-iphoneos/SalmanCleanerMobile.build/DerivedSources/GeneratedAssetSymbols.swift -target arm64-apple-ios16.0 -Xllvm -aarch64-use-tbi -enable-objc-interop -stack-check -sdk /Applications/Xcode_15.4.app/Contents/Developer/Platforms/iPhoneOS.platform/Developer/SDKs/iPhoneOS17.5.sdk -I /Users/runner/Library/Developer/Xcode/DerivedData/SalmanCleanerMobile-feedweulbhasgaenidqhausboxfb/Build/Products/Debug-iphoneos -F /Users/runner/Library/Developer/Xcode/DerivedData/SalmanCleanerMobile-feedweulbhasgaenidqhausboxfb/Build/Products/Debug-iphoneos -no-color-diagnostics -enable-testing -g -module-cache-path /Users/runner/Library/Developer/Xcode/DerivedData/ModuleCache.noindex -swift-version 5 -enforce-exclusivity\=checked -Onone -D DEBUG -serialize-debugging-options -const-gather-protocols-file /Users/runner/Library/Developer/Xcode/DerivedData/SalmanCleanerMobile-feedweulbhasgaenidqhausboxfb/Build/Intermediates.noindex/SalmanCleanerMobile.build/Debug-iphoneos/SalmanCleanerMobile.build/Objects-normal/arm64/SalmanCleanerMobile_const_extract_protocols.json -enable-bare-slash-regex -empty-abi-descriptor -validate-clang-modules-once -clang-build-session-file /Users/runner/Library/Developer/Xcode/DerivedData/ModuleCache.noindex/Session.modulevalidation -Xcc -working-directory -Xcc /Users/runner/work/SalmanMacCleaner/SalmanMacCleaner -resource-dir /Applications/Xcode_15.4.app/Contents/Developer/Toolchains/XcodeDefault.xctoolchain/usr/lib/swift -enable-anonymous-context-mangled-names -Xcc -ivfsstatcache -Xcc /Users/runner/Library/Developer/Xcode/DerivedData/SDKStatCaches.noindex/iphoneos17.5-21F77-f0fa7969d082b13145125136a829df3a.sdkstatcache -Xcc -I/Users/runner/Library/Developer/Xcode/DerivedData/SalmanCleanerMobile-feedweulbhasgaenidqhausboxfb/Build/Intermediates.noindex/SalmanCleanerMobile.build/Debug-iphoneos/SalmanCleanerMobile.build/swift-overrides.hmap -Xcc -iquote -Xcc /Users/runner/Library/Developer/Xcode/DerivedData/SalmanCleanerMobile-feedweulbhasgaenidqhausboxfb/Build/Intermediates.noindex/SalmanCleanerMobile.build/Debug-iphoneos/SalmanCleanerMobile.build/SalmanCleanerMobile-generated-files.hmap -Xcc -I/Users/runner/Library/Developer/Xcode/DerivedData/SalmanCleanerMobile-feedweulbhasgaenidqhausboxfb/Build/Intermediates.noindex/SalmanCleanerMobile.build/Debug-iphoneos/SalmanCleanerMobile.build/SalmanCleanerMobile-own-target-headers.hmap -Xcc -I/Users/runner/Library/Developer/Xcode/DerivedData/SalmanCleanerMobile-feedweulbhasgaenidqhausboxfb/Build/Intermediates.noindex/SalmanCleanerMobile.build/Debug-iphoneos/SalmanCleanerMobile.build/SalmanCleanerMobile-all-non-framework-target-headers.hmap -Xcc -ivfsoverlay -Xcc /Users/runner/Library/Developer/Xcode/DerivedData/SalmanCleanerMobile-feedweulbhasgaenidqhausboxfb/Build/Intermediates.noindex/SalmanCleanerMobile.build/Debug-iphoneos/SalmanCleanerMobile.build/all-product-headers.yaml -Xcc -iquote -Xcc /Users/runner/Library/Developer/Xcode/DerivedData/SalmanCleanerMobile-feedweulbhasgaenidqhausboxfb/Build/Intermediates.noindex/SalmanCleanerMobile.build/Debug-iphoneos/SalmanCleanerMobile.build/SalmanCleanerMobile-project-headers.hmap -Xcc -I/Users/runner/Library/Developer/Xcode/DerivedData/SalmanCleanerMobile-feedweulbhasgaenidqhausboxfb/Build/Products/Debug-iphoneos/include -Xcc -I/Users/runner/Library/Developer/Xcode/DerivedData/SalmanCleanerMobile-feedweulbhasgaenidqhausboxfb/Build/Intermediates.noindex/SalmanCleanerMobile.build/Debug-iphoneos/SalmanCleanerMobile.build/DerivedSources-normal/arm64 -Xcc -I/Users/runner/Library/Developer/Xcode/DerivedData/SalmanCleanerMobile-feedweulbhasgaenidqhausboxfb/Build/Intermediates.noindex/SalmanCleanerMobile.build/Debug-iphoneos/SalmanCleanerMobile.build/DerivedSources/arm64 -Xcc -I/Users/runner/Library/Developer/Xcode/DerivedData/SalmanCleanerMobile-feedweulbhasgaenidqhausboxfb/Build/Intermediates.noindex/SalmanCleanerMobile.build/Debug-iphoneos/SalmanCleanerMobile.build/DerivedSources -Xcc -DDEBUG\=1 -module-name SalmanCleanerMobile -disable-clang-spi -target-sdk-version 17.5 -target-sdk-name iphoneos17.5 -external-plugin-path /Applications/Xcode_15.4.app/Contents/Developer/Platforms/iPhoneOS.platform/Developer/SDKs/iPhoneOS17.5.sdk/usr/lib/swift/host/plugins\#/Applications/Xcode_15.4.app/Contents/Developer/Platforms/iPhoneOS.platform/Developer/SDKs/iPhoneOS17.5.sdk/usr/bin/swift-plugin-server -external-plugin-path /Applications/Xcode_15.4.app/Contents/Developer/Platforms/iPhoneOS.platform/Developer/SDKs/iPhoneOS17.5.sdk/usr/local/lib/swift/host/plugins\#/Applications/Xcode_15.4.app/Contents/Developer/Platforms/iPhoneOS.platform/Developer/SDKs/iPhoneOS17.5.sdk/usr/bin/swift-plugin-server -external-plugin-path /Applications/Xcode_15.4.app/Contents/Developer/Platforms/iPhoneOS.platform/Developer/usr/lib/swift/host/plugins\#/Applications/Xcode_15.4.app/Contents/Developer/Platforms/iPhoneOS.platform/Developer/usr/bin/swift-plugin-server -external-plugin-path /Applications/Xcode_15.4.app/Contents/Developer/Platforms/iPhoneOS.platform/Developer/usr/local/lib/swift/host/plugins\#/Applications/Xcode_15.4.app/Contents/Developer/Platforms/iPhoneOS.platform/Developer/usr/bin/swift-plugin-server -plugin-path /Applications/Xcode_15.4.app/Contents/Developer/Toolchains/XcodeDefault.xctoolchain/usr/lib/swift/host/plugins -plugin-path /Applications/Xcode_15.4.app/Contents/Developer/Toolchains/XcodeDefault.xctoolchain/usr/local/lib/swift/host/plugins -emit-module-doc-path /Users/runner/Library/Developer/Xcode/DerivedData/SalmanCleanerMobile-feedweulbhasgaenidqhausboxfb/Build/Intermediates.noindex/SalmanCleanerMobile.build/Debug-iphoneos/SalmanCleanerMobile.build/Objects-normal/arm64/SalmanCleanerMobile.swiftdoc -emit-module-source-info-path /Users/runner/Library/Developer/Xcode/DerivedData/SalmanCleanerMobile-feedweulbhasgaenidqhausboxfb/Build/Intermediates.noindex/SalmanCleanerMobile.build/Debug-iphoneos/SalmanCleanerMobile.build/Objects-normal/arm64/SalmanCleanerMobile.swiftsourceinfo -emit-objc-header-path /Users/runner/Library/Developer/Xcode/DerivedData/SalmanCleanerMobile-feedweulbhasgaenidqhausboxfb/Build/Intermediates.noindex/SalmanCleanerMobile.build/Debug-iphoneos/SalmanCleanerMobile.build/Objects-normal/arm64/SalmanCleanerMobile-Swift.h -serialize-diagnostics-path /Users/runner/Library/Developer/Xcode/DerivedData/SalmanCleanerMobile-feedweulbhasgaenidqhausboxfb/Build/Intermediates.noindex/SalmanCleanerMobile.build/Debug-iphoneos/SalmanCleanerMobile.build/Objects-normal/arm64/SalmanCleanerMobile-master-emit-module.dia -emit-dependencies-path /Users/runner/Library/Developer/Xcode/DerivedData/SalmanCleanerMobile-feedweulbhasgaenidqhausboxfb/Build/Intermediates.noindex/SalmanCleanerMobile.build/Debug-iphoneos/SalmanCleanerMobile.build/Objects-normal/arm64/SalmanCleanerMobile-master-emit-module.d -o /Users/runner/Library/Developer/Xcode/DerivedData/SalmanCleanerMobile-feedweulbhasgaenidqhausboxfb/Build/Intermediates.noindex/SalmanCleanerMobile.build/Debug-iphoneos/SalmanCleanerMobile.build/Objects-normal/arm64/SalmanCleanerMobile.swiftmodule -emit-abi-descriptor-path /Users/runner/Library/Developer/Xcode/DerivedData/SalmanCleanerMobile-feedweulbhasgaenidqhausboxfb/Build/Intermediates.noindex/SalmanCleanerMobile.build/Debug-iphoneos/SalmanCleanerMobile.build/Objects-normal/arm64/SalmanCleanerMobile.abi.json

SwiftCompile normal arm64 Compiling\ LargeMediaView.swift,\ PhotoManager.swift /Users/runner/work/SalmanMacCleaner/SalmanMacCleaner/SalmanCleanerMobile/LargeMediaView.swift /Users/runner/work/SalmanMacCleaner/SalmanMacCleaner/SalmanCleanerMobile/PhotoManager.swift (in target 'SalmanCleanerMobile' from project 'SalmanCleanerMobile')
    cd /Users/runner/work/SalmanMacCleaner/SalmanMacCleaner
    builtin-swiftTaskExecution -- /Applications/Xcode_15.4.app/Contents/Developer/Toolchains/XcodeDefault.xctoolchain/usr/bin/swift-frontend -frontend -c /Users/runner/work/SalmanMacCleaner/SalmanMacCleaner/SalmanCleanerMobile/ContentView.swift /Users/runner/work/SalmanMacCleaner/SalmanMacCleaner/SalmanCleanerMobile/DuplicatesView.swift -primary-file /Users/runner/work/SalmanMacCleaner/SalmanMacCleaner/SalmanCleanerMobile/LargeMediaView.swift -primary-file /Users/runner/work/SalmanMacCleaner/SalmanMacCleaner/SalmanCleanerMobile/PhotoManager.swift /Users/runner/work/SalmanMacCleaner/SalmanMacCleaner/SalmanCleanerMobile/SalmanCleanerMobileApp.swift /Users/runner/Library/Developer/Xcode/DerivedData/SalmanCleanerMobile-feedweulbhasgaenidqhausboxfb/Build/Intermediates.noindex/SalmanCleanerMobile.build/Debug-iphoneos/SalmanCleanerMobile.build/DerivedSources/GeneratedAssetSymbols.swift -emit-dependencies-path /Users/runner/Library/Developer/Xcode/DerivedData/SalmanCleanerMobile-feedweulbhasgaenidqhausboxfb/Build/Intermediates.noindex/SalmanCleanerMobile.build/Debug-iphoneos/SalmanCleanerMobile.build/Objects-normal/arm64/LargeMediaView.d -emit-const-values-path /Users/runner/Library/Developer/Xcode/DerivedData/SalmanCleanerMobile-feedweulbhasgaenidqhausboxfb/Build/Intermediates.noindex/SalmanCleanerMobile.build/Debug-iphoneos/SalmanCleanerMobile.build/Objects-normal/arm64/LargeMediaView.swiftconstvalues -emit-reference-dependencies-path /Users/runner/Library/Developer/Xcode/DerivedData/SalmanCleanerMobile-feedweulbhasgaenidqhausboxfb/Build/Intermediates.noindex/SalmanCleanerMobile.build/Debug-iphoneos/SalmanCleanerMobile.build/Objects-normal/arm64/LargeMediaView.swiftdeps -serialize-diagnostics-path /Users/runner/Library/Developer/Xcode/DerivedData/SalmanCleanerMobile-feedweulbhasgaenidqhausboxfb/Build/Intermediates.noindex/SalmanCleanerMobile.build/Debug-iphoneos/SalmanCleanerMobile.build/Objects-normal/arm64/LargeMediaView.dia -emit-dependencies-path /Users/runner/Library/Developer/Xcode/DerivedData/SalmanCleanerMobile-feedweulbhasgaenidqhausboxfb/Build/Intermediates.noindex/SalmanCleanerMobile.build/Debug-iphoneos/SalmanCleanerMobile.build/Objects-normal/arm64/PhotoManager.d -emit-const-values-path /Users/runner/Library/Developer/Xcode/DerivedData/SalmanCleanerMobile-feedweulbhasgaenidqhausboxfb/Build/Intermediates.noindex/SalmanCleanerMobile.build/Debug-iphoneos/SalmanCleanerMobile.build/Objects-normal/arm64/PhotoManager.swiftconstvalues -emit-reference-dependencies-path /Users/runner/Library/Developer/Xcode/DerivedData/SalmanCleanerMobile-feedweulbhasgaenidqhausboxfb/Build/Intermediates.noindex/SalmanCleanerMobile.build/Debug-iphoneos/SalmanCleanerMobile.build/Objects-normal/arm64/PhotoManager.swiftdeps -serialize-diagnostics-path /Users/runner/Library/Developer/Xcode/DerivedData/SalmanCleanerMobile-feedweulbhasgaenidqhausboxfb/Build/Intermediates.noindex/SalmanCleanerMobile.build/Debug-iphoneos/SalmanCleanerMobile.build/Objects-normal/arm64/PhotoManager.dia -emit-localized-strings -emit-localized-strings-path /Users/runner/Library/Developer/Xcode/DerivedData/SalmanCleanerMobile-feedweulbhasgaenidqhausboxfb/Build/Intermediates.noindex/SalmanCleanerMobile.build/Debug-iphoneos/SalmanCleanerMobile.build/Objects-normal/arm64 -target arm64-apple-ios16.0 -Xllvm -aarch64-use-tbi -enable-objc-interop -stack-check -sdk /Applications/Xcode_15.4.app/Contents/Developer/Platforms/iPhoneOS.platform/Developer/SDKs/iPhoneOS17.5.sdk -I /Users/runner/Library/Developer/Xcode/DerivedData/SalmanCleanerMobile-feedweulbhasgaenidqhausboxfb/Build/Products/Debug-iphoneos -F /Users/runner/Library/Developer/Xcode/DerivedData/SalmanCleanerMobile-feedweulbhasgaenidqhausboxfb/Build/Products/Debug-iphoneos -no-color-diagnostics -enable-testing -g -module-cache-path /Users/runner/Library/Developer/Xcode/DerivedData/ModuleCache.noindex -swift-version 5 -enforce-exclusivity\=checked -Onone -D DEBUG -serialize-debugging-options -const-gather-protocols-file /Users/runner/Library/Developer/Xcode/DerivedData/SalmanCleanerMobile-feedweulbhasgaenidqhausboxfb/Build/Intermediates.noindex/SalmanCleanerMobile.build/Debug-iphoneos/SalmanCleanerMobile.build/Objects-normal/arm64/SalmanCleanerMobile_const_extract_protocols.json -enable-bare-slash-regex -empty-abi-descriptor -validate-clang-modules-once -clang-build-session-file /Users/runner/Library/Developer/Xcode/DerivedData/ModuleCache.noindex/Session.modulevalidation -Xcc -working-directory -Xcc /Users/runner/work/SalmanMacCleaner/SalmanMacCleaner -resource-dir /Applications/Xcode_15.4.app/Contents/Developer/Toolchains/XcodeDefault.xctoolchain/usr/lib/swift -enable-anonymous-context-mangled-names -Xcc -ivfsstatcache -Xcc /Users/runner/Library/Developer/Xcode/DerivedData/SDKStatCaches.noindex/iphoneos17.5-21F77-f0fa7969d082b13145125136a829df3a.sdkstatcache -Xcc -I/Users/runner/Library/Developer/Xcode/DerivedData/SalmanCleanerMobile-feedweulbhasgaenidqhausboxfb/Build/Intermediates.noindex/SalmanCleanerMobile.build/Debug-iphoneos/SalmanCleanerMobile.build/swift-overrides.hmap -Xcc -iquote -Xcc /Users/runner/Library/Developer/Xcode/DerivedData/SalmanCleanerMobile-feedweulbhasgaenidqhausboxfb/Build/Intermediates.noindex/SalmanCleanerMobile.build/Debug-iphoneos/SalmanCleanerMobile.build/SalmanCleanerMobile-generated-files.hmap -Xcc -I/Users/runner/Library/Developer/Xcode/DerivedData/SalmanCleanerMobile-feedweulbhasgaenidqhausboxfb/Build/Intermediates.noindex/SalmanCleanerMobile.build/Debug-iphoneos/SalmanCleanerMobile.build/SalmanCleanerMobile-own-target-headers.hmap -Xcc -I/Users/runner/Library/Developer/Xcode/DerivedData/SalmanCleanerMobile-feedweulbhasgaenidqhausboxfb/Build/Intermediates.noindex/SalmanCleanerMobile.build/Debug-iphoneos/SalmanCleanerMobile.build/SalmanCleanerMobile-all-non-framework-target-headers.hmap -Xcc -ivfsoverlay -Xcc /Users/runner/Library/Developer/Xcode/DerivedData/SalmanCleanerMobile-feedweulbhasgaenidqhausboxfb/Build/Intermediates.noindex/SalmanCleanerMobile.build/Debug-iphoneos/SalmanCleanerMobile.build/all-product-headers.yaml -Xcc -iquote -Xcc /Users/runner/Library/Developer/Xcode/DerivedData/SalmanCleanerMobile-feedweulbhasgaenidqhausboxfb/Build/Intermediates.noindex/SalmanCleanerMobile.build/Debug-iphoneos/SalmanCleanerMobile.build/SalmanCleanerMobile-project-headers.hmap -Xcc -I/Users/runner/Library/Developer/Xcode/DerivedData/SalmanCleanerMobile-feedweulbhasgaenidqhausboxfb/Build/Products/Debug-iphoneos/include -Xcc -I/Users/runner/Library/Developer/Xcode/DerivedData/SalmanCleanerMobile-feedweulbhasgaenidqhausboxfb/Build/Intermediates.noindex/SalmanCleanerMobile.build/Debug-iphoneos/SalmanCleanerMobile.build/DerivedSources-normal/arm64 -Xcc -I/Users/runner/Library/Developer/Xcode/DerivedData/SalmanCleanerMobile-feedweulbhasgaenidqhausboxfb/Build/Intermediates.noindex/SalmanCleanerMobile.build/Debug-iphoneos/SalmanCleanerMobile.build/DerivedSources/arm64 -Xcc -I/Users/runner/Library/Developer/Xcode/DerivedData/SalmanCleanerMobile-feedweulbhasgaenidqhausboxfb/Build/Intermediates.noindex/SalmanCleanerMobile.build/Debug-iphoneos/SalmanCleanerMobile.build/DerivedSources -Xcc -DDEBUG\=1 -module-name SalmanCleanerMobile -frontend-parseable-output -disable-clang-spi -target-sdk-version 17.5 -target-sdk-name iphoneos17.5 -external-plugin-path /Applications/Xcode_15.4.app/Contents/Developer/Platforms/iPhoneOS.platform/Developer/SDKs/iPhoneOS17.5.sdk/usr/lib/swift/host/plugins\#/Applications/Xcode_15.4.app/Contents/Developer/Platforms/iPhoneOS.platform/Developer/SDKs/iPhoneOS17.5.sdk/usr/bin/swift-plugin-server -external-plugin-path /Applications/Xcode_15.4.app/Contents/Developer/Platforms/iPhoneOS.platform/Developer/SDKs/iPhoneOS17.5.sdk/usr/local/lib/swift/host/plugins\#/Applications/Xcode_15.4.app/Contents/Developer/Platforms/iPhoneOS.platform/Developer/SDKs/iPhoneOS17.5.sdk/usr/bin/swift-plugin-server -external-plugin-path /Applications/Xcode_15.4.app/Contents/Developer/Platforms/iPhoneOS.platform/Developer/usr/lib/swift/host/plugins\#/Applications/Xcode_15.4.app/Contents/Developer/Platforms/iPhoneOS.platform/Developer/usr/bin/swift-plugin-server -external-plugin-path /Applications/Xcode_15.4.app/Contents/Developer/Platforms/iPhoneOS.platform/Developer/usr/local/lib/swift/host/plugins\#/Applications/Xcode_15.4.app/Contents/Developer/Platforms/iPhoneOS.platform/Developer/usr/bin/swift-plugin-server -plugin-path /Applications/Xcode_15.4.app/Contents/Developer/Toolchains/XcodeDefault.xctoolchain/usr/lib/swift/host/plugins -plugin-path /Applications/Xcode_15.4.app/Contents/Developer/Toolchains/XcodeDefault.xctoolchain/usr/local/lib/swift/host/plugins -o /Users/runner/Library/Developer/Xcode/DerivedData/SalmanCleanerMobile-feedweulbhasgaenidqhausboxfb/Build/Intermediates.noindex/SalmanCleanerMobile.build/Debug-iphoneos/SalmanCleanerMobile.build/Objects-normal/arm64/LargeMediaView.o -o /Users/runner/Library/Developer/Xcode/DerivedData/SalmanCleanerMobile-feedweulbhasgaenidqhausboxfb/Build/Intermediates.noindex/SalmanCleanerMobile.build/Debug-iphoneos/SalmanCleanerMobile.build/Objects-normal/arm64/PhotoManager.o -index-unit-output-path /SalmanCleanerMobile.build/Debug-iphoneos/SalmanCleanerMobile.build/Objects-normal/arm64/LargeMediaView.o -index-unit-output-path /SalmanCleanerMobile.build/Debug-iphoneos/SalmanCleanerMobile.build/Objects-normal/arm64/PhotoManager.o -index-store-path /Users/runner/Library/Developer/Xcode/DerivedData/SalmanCleanerMobile-feedweulbhasgaenidqhausboxfb/Index.noindex/DataStore -index-system-modules
SwiftCompile normal arm64 /Users/runner/work/SalmanMacCleaner/SalmanMacCleaner/SalmanCleanerMobile/LargeMediaView.swift (in target 'SalmanCleanerMobile' from project 'SalmanCleanerMobile')
    cd /Users/runner/work/SalmanMacCleaner/SalmanMacCleaner
    /Applications/Xcode_15.4.app/Contents/Developer/Toolchains/XcodeDefault.xctoolchain/usr/bin/swift-frontend -c /Users/runner/work/SalmanMacCleaner/SalmanMacCleaner/SalmanCleanerMobile/ContentView.swift /Users/runner/work/SalmanMacCleaner/SalmanMacCleaner/SalmanCleanerMobile/DuplicatesView.swift -primary-file /Users/runner/work/SalmanMacCleaner/SalmanMacCleaner/SalmanCleanerMobile/LargeMediaView.swift -primary-file /Users/runner/work/SalmanMacCleaner/SalmanMacCleaner/SalmanCleanerMobile/PhotoManager.swift /Users/runner/work/SalmanMacCleaner/SalmanMacCleaner/SalmanCleanerMobile/SalmanCleanerMobileApp.swift /Users/runner/Library/Developer/Xcode/DerivedData/SalmanCleanerMobile-feedweulbhasgaenidqhausboxfb/Build/Intermediates.noindex/SalmanCleanerMobile.build/Debug-iphoneos/SalmanCleanerMobile.build/DerivedSources/GeneratedAssetSymbols.swift -emit-dependencies-path /Users/runner/Library/Developer/Xcode/DerivedData/SalmanCleanerMobile-feedweulbhasgaenidqhausboxfb/Build/Intermediates.noindex/SalmanCleanerMobile.build/Debug-iphoneos/SalmanCleanerMobile.build/Objects-normal/arm64/LargeMediaView.d -emit-const-values-path /Users/runner/Library/Developer/Xcode/DerivedData/SalmanCleanerMobile-feedweulbhasgaenidqhausboxfb/Build/Intermediates.noindex/SalmanCleanerMobile.build/Debug-iphoneos/SalmanCleanerMobile.build/Objects-normal/arm64/LargeMediaView.swiftconstvalues -emit-reference-dependencies-path /Users/runner/Library/Developer/Xcode/DerivedData/SalmanCleanerMobile-feedweulbhasgaenidqhausboxfb/Build/Intermediates.noindex/SalmanCleanerMobile.build/Debug-iphoneos/SalmanCleanerMobile.build/Objects-normal/arm64/LargeMediaView.swiftdeps -serialize-diagnostics-path /Users/runner/Library/Developer/Xcode/DerivedData/SalmanCleanerMobile-feedweulbhasgaenidqhausboxfb/Build/Intermediates.noindex/SalmanCleanerMobile.build/Debug-iphoneos/SalmanCleanerMobile.build/Objects-normal/arm64/LargeMediaView.dia -emit-dependencies-path /Users/runner/Library/Developer/Xcode/DerivedData/SalmanCleanerMobile-feedweulbhasgaenidqhausboxfb/Build/Intermediates.noindex/SalmanCleanerMobile.build/Debug-iphoneos/SalmanCleanerMobile.build/Objects-normal/arm64/PhotoManager.d -emit-const-values-path /Users/runner/Library/Developer/Xcode/DerivedData/SalmanCleanerMobile-feedweulbhasgaenidqhausboxfb/Build/Intermediates.noindex/SalmanCleanerMobile.build/Debug-iphoneos/SalmanCleanerMobile.build/Objects-normal/arm64/PhotoManager.swiftconstvalues -emit-reference-dependencies-path /Users/runner/Library/Developer/Xcode/DerivedData/SalmanCleanerMobile-feedweulbhasgaenidqhausboxfb/Build/Intermediates.noindex/SalmanCleanerMobile.build/Debug-iphoneos/SalmanCleanerMobile.build/Objects-normal/arm64/PhotoManager.swiftdeps -serialize-diagnostics-path /Users/runner/Library/Developer/Xcode/DerivedData/SalmanCleanerMobile-feedweulbhasgaenidqhausboxfb/Build/Intermediates.noindex/SalmanCleanerMobile.build/Debug-iphoneos/SalmanCleanerMobile.build/Objects-normal/arm64/PhotoManager.dia -emit-localized-strings -emit-localized-strings-path /Users/runner/Library/Developer/Xcode/DerivedData/SalmanCleanerMobile-feedweulbhasgaenidqhausboxfb/Build/Intermediates.noindex/SalmanCleanerMobile.build/Debug-iphoneos/SalmanCleanerMobile.build/Objects-normal/arm64 -target arm64-apple-ios16.0 -Xllvm -aarch64-use-tbi -enable-objc-interop -stack-check -sdk /Applications/Xcode_15.4.app/Contents/Developer/Platforms/iPhoneOS.platform/Developer/SDKs/iPhoneOS17.5.sdk -I /Users/runner/Library/Developer/Xcode/DerivedData/SalmanCleanerMobile-feedweulbhasgaenidqhausboxfb/Build/Products/Debug-iphoneos -F /Users/runner/Library/Developer/Xcode/DerivedData/SalmanCleanerMobile-feedweulbhasgaenidqhausboxfb/Build/Products/Debug-iphoneos -no-color-diagnostics -enable-testing -g -module-cache-path /Users/runner/Library/Developer/Xcode/DerivedData/ModuleCache.noindex -swift-version 5 -enforce-exclusivity\=checked -Onone -D DEBUG -serialize-debugging-options -const-gather-protocols-file /Users/runner/Library/Developer/Xcode/DerivedData/SalmanCleanerMobile-feedweulbhasgaenidqhausboxfb/Build/Intermediates.noindex/SalmanCleanerMobile.build/Debug-iphoneos/SalmanCleanerMobile.build/Objects-normal/arm64/SalmanCleanerMobile_const_extract_protocols.json -enable-bare-slash-regex -empty-abi-descriptor -validate-clang-modules-once -clang-build-session-file /Users/runner/Library/Developer/Xcode/DerivedData/ModuleCache.noindex/Session.modulevalidation -Xcc -working-directory -Xcc /Users/runner/work/SalmanMacCleaner/SalmanMacCleaner -resource-dir /Applications/Xcode_15.4.app/Contents/Developer/Toolchains/XcodeDefault.xctoolchain/usr/lib/swift -enable-anonymous-context-mangled-names -Xcc -ivfsstatcache -Xcc /Users/runner/Library/Developer/Xcode/DerivedData/SDKStatCaches.noindex/iphoneos17.5-21F77-f0fa7969d082b13145125136a829df3a.sdkstatcache -Xcc -I/Users/runner/Library/Developer/Xcode/DerivedData/SalmanCleanerMobile-feedweulbhasgaenidqhausboxfb/Build/Intermediates.noindex/SalmanCleanerMobile.build/Debug-iphoneos/SalmanCleanerMobile.build/swift-overrides.hmap -Xcc -iquote -Xcc /Users/runner/Library/Developer/Xcode/DerivedData/SalmanCleanerMobile-feedweulbhasgaenidqhausboxfb/Build/Intermediates.noindex/SalmanCleanerMobile.build/Debug-iphoneos/SalmanCleanerMobile.build/SalmanCleanerMobile-generated-files.hmap -Xcc -I/Users/runner/Library/Developer/Xcode/DerivedData/SalmanCleanerMobile-feedweulbhasgaenidqhausboxfb/Build/Intermediates.noindex/SalmanCleanerMobile.build/Debug-iphoneos/SalmanCleanerMobile.build/SalmanCleanerMobile-own-target-headers.hmap -Xcc -I/Users/runner/Library/Developer/Xcode/DerivedData/SalmanCleanerMobile-feedweulbhasgaenidqhausboxfb/Build/Intermediates.noindex/SalmanCleanerMobile.build/Debug-iphoneos/SalmanCleanerMobile.build/SalmanCleanerMobile-all-non-framework-target-headers.hmap -Xcc -ivfsoverlay -Xcc /Users/runner/Library/Developer/Xcode/DerivedData/SalmanCleanerMobile-feedweulbhasgaenidqhausboxfb/Build/Intermediates.noindex/SalmanCleanerMobile.build/Debug-iphoneos/SalmanCleanerMobile.build/all-product-headers.yaml -Xcc -iquote -Xcc /Users/runner/Library/Developer/Xcode/DerivedData/SalmanCleanerMobile-feedweulbhasgaenidqhausboxfb/Build/Intermediates.noindex/SalmanCleanerMobile.build/Debug-iphoneos/SalmanCleanerMobile.build/SalmanCleanerMobile-project-headers.hmap -Xcc -I/Users/runner/Library/Developer/Xcode/DerivedData/SalmanCleanerMobile-feedweulbhasgaenidqhausboxfb/Build/Products/Debug-iphoneos/include -Xcc -I/Users/runner/Library/Developer/Xcode/DerivedData/SalmanCleanerMobile-feedweulbhasgaenidqhausboxfb/Build/Intermediates.noindex/SalmanCleanerMobile.build/Debug-iphoneos/SalmanCleanerMobile.build/DerivedSources-normal/arm64 -Xcc -I/Users/runner/Library/Developer/Xcode/DerivedData/SalmanCleanerMobile-feedweulbhasgaenidqhausboxfb/Build/Intermediates.noindex/SalmanCleanerMobile.build/Debug-iphoneos/SalmanCleanerMobile.build/DerivedSources/arm64 -Xcc -I/Users/runner/Library/Developer/Xcode/DerivedData/SalmanCleanerMobile-feedweulbhasgaenidqhausboxfb/Build/Intermediates.noindex/SalmanCleanerMobile.build/Debug-iphoneos/SalmanCleanerMobile.build/DerivedSources -Xcc -DDEBUG\=1 -module-name SalmanCleanerMobile -frontend-parseable-output -disable-clang-spi -target-sdk-version 17.5 -target-sdk-name iphoneos17.5 -external-plugin-path /Applications/Xcode_15.4.app/Contents/Developer/Platforms/iPhoneOS.platform/Developer/SDKs/iPhoneOS17.5.sdk/usr/lib/swift/host/plugins\#/Applications/Xcode_15.4.app/Contents/Developer/Platforms/iPhoneOS.platform/Developer/SDKs/iPhoneOS17.5.sdk/usr/bin/swift-plugin-server -external-plugin-path /Applications/Xcode_15.4.app/Contents/Developer/Platforms/iPhoneOS.platform/Developer/SDKs/iPhoneOS17.5.sdk/usr/local/lib/swift/host/plugins\#/Applications/Xcode_15.4.app/Contents/Developer/Platforms/iPhoneOS.platform/Developer/SDKs/iPhoneOS17.5.sdk/usr/bin/swift-plugin-server -external-plugin-path /Applications/Xcode_15.4.app/Contents/Developer/Platforms/iPhoneOS.platform/Developer/usr/lib/swift/host/plugins\#/Applications/Xcode_15.4.app/Contents/Developer/Platforms/iPhoneOS.platform/Developer/usr/bin/swift-plugin-server -external-plugin-path /Applications/Xcode_15.4.app/Contents/Developer/Platforms/iPhoneOS.platform/Developer/usr/local/lib/swift/host/plugins\#/Applications/Xcode_15.4.app/Contents/Developer/Platforms/iPhoneOS.platform/Developer/usr/bin/swift-plugin-server -plugin-path /Applications/Xcode_15.4.app/Contents/Developer/Toolchains/XcodeDefault.xctoolchain/usr/lib/swift/host/plugins -plugin-path /Applications/Xcode_15.4.app/Contents/Developer/Toolchains/XcodeDefault.xctoolchain/usr/local/lib/swift/host/plugins -o /Users/runner/Library/Developer/Xcode/DerivedData/SalmanCleanerMobile-feedweulbhasgaenidqhausboxfb/Build/Intermediates.noindex/SalmanCleanerMobile.build/Debug-iphoneos/SalmanCleanerMobile.build/Objects-normal/arm64/LargeMediaView.o -o /Users/runner/Library/Developer/Xcode/DerivedData/SalmanCleanerMobile-feedweulbhasgaenidqhausboxfb/Build/Intermediates.noindex/SalmanCleanerMobile.build/Debug-iphoneos/SalmanCleanerMobile.build/Objects-normal/arm64/PhotoManager.o -index-unit-output-path /SalmanCleanerMobile.build/Debug-iphoneos/SalmanCleanerMobile.build/Objects-normal/arm64/LargeMediaView.o -index-unit-output-path /SalmanCleanerMobile.build/Debug-iphoneos/SalmanCleanerMobile.build/Objects-normal/arm64/PhotoManager.o -index-store-path /Users/runner/Library/Developer/Xcode/DerivedData/SalmanCleanerMobile-feedweulbhasgaenidqhausboxfb/Index.noindex/DataStore -index-system-modules

SwiftCompile normal arm64 /Users/runner/work/SalmanMacCleaner/SalmanMacCleaner/SalmanCleanerMobile/PhotoManager.swift (in target 'SalmanCleanerMobile' from project 'SalmanCleanerMobile')
    cd /Users/runner/work/SalmanMacCleaner/SalmanMacCleaner
    /Applications/Xcode_15.4.app/Contents/Developer/Toolchains/XcodeDefault.xctoolchain/usr/bin/swift-frontend -c /Users/runner/work/SalmanMacCleaner/SalmanMacCleaner/SalmanCleanerMobile/ContentView.swift /Users/runner/work/SalmanMacCleaner/SalmanMacCleaner/SalmanCleanerMobile/DuplicatesView.swift -primary-file /Users/runner/work/SalmanMacCleaner/SalmanMacCleaner/SalmanCleanerMobile/LargeMediaView.swift -primary-file /Users/runner/work/SalmanMacCleaner/SalmanMacCleaner/SalmanCleanerMobile/PhotoManager.swift /Users/runner/work/SalmanMacCleaner/SalmanMacCleaner/SalmanCleanerMobile/SalmanCleanerMobileApp.swift /Users/runner/Library/Developer/Xcode/DerivedData/SalmanCleanerMobile-feedweulbhasgaenidqhausboxfb/Build/Intermediates.noindex/SalmanCleanerMobile.build/Debug-iphoneos/SalmanCleanerMobile.build/DerivedSources/GeneratedAssetSymbols.swift -emit-dependencies-path /Users/runner/Library/Developer/Xcode/DerivedData/SalmanCleanerMobile-feedweulbhasgaenidqhausboxfb/Build/Intermediates.noindex/SalmanCleanerMobile.build/Debug-iphoneos/SalmanCleanerMobile.build/Objects-normal/arm64/LargeMediaView.d -emit-const-values-path /Users/runner/Library/Developer/Xcode/DerivedData/SalmanCleanerMobile-feedweulbhasgaenidqhausboxfb/Build/Intermediates.noindex/SalmanCleanerMobile.build/Debug-iphoneos/SalmanCleanerMobile.build/Objects-normal/arm64/LargeMediaView.swiftconstvalues -emit-reference-dependencies-path /Users/runner/Library/Developer/Xcode/DerivedData/SalmanCleanerMobile-feedweulbhasgaenidqhausboxfb/Build/Intermediates.noindex/SalmanCleanerMobile.build/Debug-iphoneos/SalmanCleanerMobile.build/Objects-normal/arm64/LargeMediaView.swiftdeps -serialize-diagnostics-path /Users/runner/Library/Developer/Xcode/DerivedData/SalmanCleanerMobile-feedweulbhasgaenidqhausboxfb/Build/Intermediates.noindex/SalmanCleanerMobile.build/Debug-iphoneos/SalmanCleanerMobile.build/Objects-normal/arm64/LargeMediaView.dia -emit-dependencies-path /Users/runner/Library/Developer/Xcode/DerivedData/SalmanCleanerMobile-feedweulbhasgaenidqhausboxfb/Build/Intermediates.noindex/SalmanCleanerMobile.build/Debug-iphoneos/SalmanCleanerMobile.build/Objects-normal/arm64/PhotoManager.d -emit-const-values-path /Users/runner/Library/Developer/Xcode/DerivedData/SalmanCleanerMobile-feedweulbhasgaenidqhausboxfb/Build/Intermediates.noindex/SalmanCleanerMobile.build/Debug-iphoneos/SalmanCleanerMobile.build/Objects-normal/arm64/PhotoManager.swiftconstvalues -emit-reference-dependencies-path /Users/runner/Library/Developer/Xcode/DerivedData/SalmanCleanerMobile-feedweulbhasgaenidqhausboxfb/Build/Intermediates.noindex/SalmanCleanerMobile.build/Debug-iphoneos/SalmanCleanerMobile.build/Objects-normal/arm64/PhotoManager.swiftdeps -serialize-diagnostics-path /Users/runner/Library/Developer/Xcode/DerivedData/SalmanCleanerMobile-feedweulbhasgaenidqhausboxfb/Build/Intermediates.noindex/SalmanCleanerMobile.build/Debug-iphoneos/SalmanCleanerMobile.build/Objects-normal/arm64/PhotoManager.dia -emit-localized-strings -emit-localized-strings-path /Users/runner/Library/Developer/Xcode/DerivedData/SalmanCleanerMobile-feedweulbhasgaenidqhausboxfb/Build/Intermediates.noindex/SalmanCleanerMobile.build/Debug-iphoneos/SalmanCleanerMobile.build/Objects-normal/arm64 -target arm64-apple-ios16.0 -Xllvm -aarch64-use-tbi -enable-objc-interop -stack-check -sdk /Applications/Xcode_15.4.app/Contents/Developer/Platforms/iPhoneOS.platform/Developer/SDKs/iPhoneOS17.5.sdk -I /Users/runner/Library/Developer/Xcode/DerivedData/SalmanCleanerMobile-feedweulbhasgaenidqhausboxfb/Build/Products/Debug-iphoneos -F /Users/runner/Library/Developer/Xcode/DerivedData/SalmanCleanerMobile-feedweulbhasgaenidqhausboxfb/Build/Products/Debug-iphoneos -no-color-diagnostics -enable-testing -g -module-cache-path /Users/runner/Library/Developer/Xcode/DerivedData/ModuleCache.noindex -swift-version 5 -enforce-exclusivity\=checked -Onone -D DEBUG -serialize-debugging-options -const-gather-protocols-file /Users/runner/Library/Developer/Xcode/DerivedData/SalmanCleanerMobile-feedweulbhasgaenidqhausboxfb/Build/Intermediates.noindex/SalmanCleanerMobile.build/Debug-iphoneos/SalmanCleanerMobile.build/Objects-normal/arm64/SalmanCleanerMobile_const_extract_protocols.json -enable-bare-slash-regex -empty-abi-descriptor -validate-clang-modules-once -clang-build-session-file /Users/runner/Library/Developer/Xcode/DerivedData/ModuleCache.noindex/Session.modulevalidation -Xcc -working-directory -Xcc /Users/runner/work/SalmanMacCleaner/SalmanMacCleaner -resource-dir /Applications/Xcode_15.4.app/Contents/Developer/Toolchains/XcodeDefault.xctoolchain/usr/lib/swift -enable-anonymous-context-mangled-names -Xcc -ivfsstatcache -Xcc /Users/runner/Library/Developer/Xcode/DerivedData/SDKStatCaches.noindex/iphoneos17.5-21F77-f0fa7969d082b13145125136a829df3a.sdkstatcache -Xcc -I/Users/runner/Library/Developer/Xcode/DerivedData/SalmanCleanerMobile-feedweulbhasgaenidqhausboxfb/Build/Intermediates.noindex/SalmanCleanerMobile.build/Debug-iphoneos/SalmanCleanerMobile.build/swift-overrides.hmap -Xcc -iquote -Xcc /Users/runner/Library/Developer/Xcode/DerivedData/SalmanCleanerMobile-feedweulbhasgaenidqhausboxfb/Build/Intermediates.noindex/SalmanCleanerMobile.build/Debug-iphoneos/SalmanCleanerMobile.build/SalmanCleanerMobile-generated-files.hmap -Xcc -I/Users/runner/Library/Developer/Xcode/DerivedData/SalmanCleanerMobile-feedweulbhasgaenidqhausboxfb/Build/Intermediates.noindex/SalmanCleanerMobile.build/Debug-iphoneos/SalmanCleanerMobile.build/SalmanCleanerMobile-own-target-headers.hmap -Xcc -I/Users/runner/Library/Developer/Xcode/DerivedData/SalmanCleanerMobile-feedweulbhasgaenidqhausboxfb/Build/Intermediates.noindex/SalmanCleanerMobile.build/Debug-iphoneos/SalmanCleanerMobile.build/SalmanCleanerMobile-all-non-framework-target-headers.hmap -Xcc -ivfsoverlay -Xcc /Users/runner/Library/Developer/Xcode/DerivedData/SalmanCleanerMobile-feedweulbhasgaenidqhausboxfb/Build/Intermediates.noindex/SalmanCleanerMobile.build/Debug-iphoneos/SalmanCleanerMobile.build/all-product-headers.yaml -Xcc -iquote -Xcc /Users/runner/Library/Developer/Xcode/DerivedData/SalmanCleanerMobile-feedweulbhasgaenidqhausboxfb/Build/Intermediates.noindex/SalmanCleanerMobile.build/Debug-iphoneos/SalmanCleanerMobile.build/SalmanCleanerMobile-project-headers.hmap -Xcc -I/Users/runner/Library/Developer/Xcode/DerivedData/SalmanCleanerMobile-feedweulbhasgaenidqhausboxfb/Build/Products/Debug-iphoneos/include -Xcc -I/Users/runner/Library/Developer/Xcode/DerivedData/SalmanCleanerMobile-feedweulbhasgaenidqhausboxfb/Build/Intermediates.noindex/SalmanCleanerMobile.build/Debug-iphoneos/SalmanCleanerMobile.build/DerivedSources-normal/arm64 -Xcc -I/Users/runner/Library/Developer/Xcode/DerivedData/SalmanCleanerMobile-feedweulbhasgaenidqhausboxfb/Build/Intermediates.noindex/SalmanCleanerMobile.build/Debug-iphoneos/SalmanCleanerMobile.build/DerivedSources/arm64 -Xcc -I/Users/runner/Library/Developer/Xcode/DerivedData/SalmanCleanerMobile-feedweulbhasgaenidqhausboxfb/Build/Intermediates.noindex/SalmanCleanerMobile.build/Debug-iphoneos/SalmanCleanerMobile.build/DerivedSources -Xcc -DDEBUG\=1 -module-name SalmanCleanerMobile -frontend-parseable-output -disable-clang-spi -target-sdk-version 17.5 -target-sdk-name iphoneos17.5 -external-plugin-path /Applications/Xcode_15.4.app/Contents/Developer/Platforms/iPhoneOS.platform/Developer/SDKs/iPhoneOS17.5.sdk/usr/lib/swift/host/plugins\#/Applications/Xcode_15.4.app/Contents/Developer/Platforms/iPhoneOS.platform/Developer/SDKs/iPhoneOS17.5.sdk/usr/bin/swift-plugin-server -external-plugin-path /Applications/Xcode_15.4.app/Contents/Developer/Platforms/iPhoneOS.platform/Developer/SDKs/iPhoneOS17.5.sdk/usr/local/lib/swift/host/plugins\#/Applications/Xcode_15.4.app/Contents/Developer/Platforms/iPhoneOS.platform/Developer/SDKs/iPhoneOS17.5.sdk/usr/bin/swift-plugin-server -external-plugin-path /Applications/Xcode_15.4.app/Contents/Developer/Platforms/iPhoneOS.platform/Developer/usr/lib/swift/host/plugins\#/Applications/Xcode_15.4.app/Contents/Developer/Platforms/iPhoneOS.platform/Developer/usr/bin/swift-plugin-server -external-plugin-path /Applications/Xcode_15.4.app/Contents/Developer/Platforms/iPhoneOS.platform/Developer/usr/local/lib/swift/host/plugins\#/Applications/Xcode_15.4.app/Contents/Developer/Platforms/iPhoneOS.platform/Developer/usr/bin/swift-plugin-server -plugin-path /Applications/Xcode_15.4.app/Contents/Developer/Toolchains/XcodeDefault.xctoolchain/usr/lib/swift/host/plugins -plugin-path /Applications/Xcode_15.4.app/Contents/Developer/Toolchains/XcodeDefault.xctoolchain/usr/local/lib/swift/host/plugins -o /Users/runner/Library/Developer/Xcode/DerivedData/SalmanCleanerMobile-feedweulbhasgaenidqhausboxfb/Build/Intermediates.noindex/SalmanCleanerMobile.build/Debug-iphoneos/SalmanCleanerMobile.build/Objects-normal/arm64/LargeMediaView.o -o /Users/runner/Library/Developer/Xcode/DerivedData/SalmanCleanerMobile-feedweulbhasgaenidqhausboxfb/Build/Intermediates.noindex/SalmanCleanerMobile.build/Debug-iphoneos/SalmanCleanerMobile.build/Objects-normal/arm64/PhotoManager.o -index-unit-output-path /SalmanCleanerMobile.build/Debug-iphoneos/SalmanCleanerMobile.build/Objects-normal/arm64/LargeMediaView.o -index-unit-output-path /SalmanCleanerMobile.build/Debug-iphoneos/SalmanCleanerMobile.build/Objects-normal/arm64/PhotoManager.o -index-store-path /Users/runner/Library/Developer/Xcode/DerivedData/SalmanCleanerMobile-feedweulbhasgaenidqhausboxfb/Index.noindex/DataStore -index-system-modules

SwiftCompile normal arm64 Compiling\ SalmanCleanerMobileApp.swift,\ GeneratedAssetSymbols.swift /Users/runner/work/SalmanMacCleaner/SalmanMacCleaner/SalmanCleanerMobile/SalmanCleanerMobileApp.swift /Users/runner/Library/Developer/Xcode/DerivedData/SalmanCleanerMobile-feedweulbhasgaenidqhausboxfb/Build/Intermediates.noindex/SalmanCleanerMobile.build/Debug-iphoneos/SalmanCleanerMobile.build/DerivedSources/GeneratedAssetSymbols.swift (in target 'SalmanCleanerMobile' from project 'SalmanCleanerMobile')
    cd /Users/runner/work/SalmanMacCleaner/SalmanMacCleaner
    builtin-swiftTaskExecution -- /Applications/Xcode_15.4.app/Contents/Developer/Toolchains/XcodeDefault.xctoolchain/usr/bin/swift-frontend -frontend -c /Users/runner/work/SalmanMacCleaner/SalmanMacCleaner/SalmanCleanerMobile/ContentView.swift /Users/runner/work/SalmanMacCleaner/SalmanMacCleaner/SalmanCleanerMobile/DuplicatesView.swift /Users/runner/work/SalmanMacCleaner/SalmanMacCleaner/SalmanCleanerMobile/LargeMediaView.swift /Users/runner/work/SalmanMacCleaner/SalmanMacCleaner/SalmanCleanerMobile/PhotoManager.swift -primary-file /Users/runner/work/SalmanMacCleaner/SalmanMacCleaner/SalmanCleanerMobile/SalmanCleanerMobileApp.swift -primary-file /Users/runner/Library/Developer/Xcode/DerivedData/SalmanCleanerMobile-feedweulbhasgaenidqhausboxfb/Build/Intermediates.noindex/SalmanCleanerMobile.build/Debug-iphoneos/SalmanCleanerMobile.build/DerivedSources/GeneratedAssetSymbols.swift -emit-dependencies-path /Users/runner/Library/Developer/Xcode/DerivedData/SalmanCleanerMobile-feedweulbhasgaenidqhausboxfb/Build/Intermediates.noindex/SalmanCleanerMobile.build/Debug-iphoneos/SalmanCleanerMobile.build/Objects-normal/arm64/SalmanCleanerMobileApp.d -emit-const-values-path /Users/runner/Library/Developer/Xcode/DerivedData/SalmanCleanerMobile-feedweulbhasgaenidqhausboxfb/Build/Intermediates.noindex/SalmanCleanerMobile.build/Debug-iphoneos/SalmanCleanerMobile.build/Objects-normal/arm64/SalmanCleanerMobileApp.swiftconstvalues -emit-reference-dependencies-path /Users/runner/Library/Developer/Xcode/DerivedData/SalmanCleanerMobile-feedweulbhasgaenidqhausboxfb/Build/Intermediates.noindex/SalmanCleanerMobile.build/Debug-iphoneos/SalmanCleanerMobile.build/Objects-normal/arm64/SalmanCleanerMobileApp.swiftdeps -serialize-diagnostics-path /Users/runner/Library/Developer/Xcode/DerivedData/SalmanCleanerMobile-feedweulbhasgaenidqhausboxfb/Build/Intermediates.noindex/SalmanCleanerMobile.build/Debug-iphoneos/SalmanCleanerMobile.build/Objects-normal/arm64/SalmanCleanerMobileApp.dia -emit-dependencies-path /Users/runner/Library/Developer/Xcode/DerivedData/SalmanCleanerMobile-feedweulbhasgaenidqhausboxfb/Build/Intermediates.noindex/SalmanCleanerMobile.build/Debug-iphoneos/SalmanCleanerMobile.build/Objects-normal/arm64/GeneratedAssetSymbols.d -emit-const-values-path /Users/runner/Library/Developer/Xcode/DerivedData/SalmanCleanerMobile-feedweulbhasgaenidqhausboxfb/Build/Intermediates.noindex/SalmanCleanerMobile.build/Debug-iphoneos/SalmanCleanerMobile.build/Objects-normal/arm64/GeneratedAssetSymbols.swiftconstvalues -emit-reference-dependencies-path /Users/runner/Library/Developer/Xcode/DerivedData/SalmanCleanerMobile-feedweulbhasgaenidqhausboxfb/Build/Intermediates.noindex/SalmanCleanerMobile.build/Debug-iphoneos/SalmanCleanerMobile.build/Objects-normal/arm64/GeneratedAssetSymbols.swiftdeps -serialize-diagnostics-path /Users/runner/Library/Developer/Xcode/DerivedData/SalmanCleanerMobile-feedweulbhasgaenidqhausboxfb/Build/Intermediates.noindex/SalmanCleanerMobile.build/Debug-iphoneos/SalmanCleanerMobile.build/Objects-normal/arm64/GeneratedAssetSymbols.dia -emit-localized-strings -emit-localized-strings-path /Users/runner/Library/Developer/Xcode/DerivedData/SalmanCleanerMobile-feedweulbhasgaenidqhausboxfb/Build/Intermediates.noindex/SalmanCleanerMobile.build/Debug-iphoneos/SalmanCleanerMobile.build/Objects-normal/arm64 -target arm64-apple-ios16.0 -Xllvm -aarch64-use-tbi -enable-objc-interop -stack-check -sdk /Applications/Xcode_15.4.app/Contents/Developer/Platforms/iPhoneOS.platform/Developer/SDKs/iPhoneOS17.5.sdk -I /Users/runner/Library/Developer/Xcode/DerivedData/SalmanCleanerMobile-feedweulbhasgaenidqhausboxfb/Build/Products/Debug-iphoneos -F /Users/runner/Library/Developer/Xcode/DerivedData/SalmanCleanerMobile-feedweulbhasgaenidqhausboxfb/Build/Products/Debug-iphoneos -no-color-diagnostics -enable-testing -g -module-cache-path /Users/runner/Library/Developer/Xcode/DerivedData/ModuleCache.noindex -swift-version 5 -enforce-exclusivity\=checked -Onone -D DEBUG -serialize-debugging-options -const-gather-protocols-file /Users/runner/Library/Developer/Xcode/DerivedData/SalmanCleanerMobile-feedweulbhasgaenidqhausboxfb/Build/Intermediates.noindex/SalmanCleanerMobile.build/Debug-iphoneos/SalmanCleanerMobile.build/Objects-normal/arm64/SalmanCleanerMobile_const_extract_protocols.json -enable-bare-slash-regex -empty-abi-descriptor -validate-clang-modules-once -clang-build-session-file /Users/runner/Library/Developer/Xcode/DerivedData/ModuleCache.noindex/Session.modulevalidation -Xcc -working-directory -Xcc /Users/runner/work/SalmanMacCleaner/SalmanMacCleaner -resource-dir /Applications/Xcode_15.4.app/Contents/Developer/Toolchains/XcodeDefault.xctoolchain/usr/lib/swift -enable-anonymous-context-mangled-names -Xcc -ivfsstatcache -Xcc /Users/runner/Library/Developer/Xcode/DerivedData/SDKStatCaches.noindex/iphoneos17.5-21F77-f0fa7969d082b13145125136a829df3a.sdkstatcache -Xcc -I/Users/runner/Library/Developer/Xcode/DerivedData/SalmanCleanerMobile-feedweulbhasgaenidqhausboxfb/Build/Intermediates.noindex/SalmanCleanerMobile.build/Debug-iphoneos/SalmanCleanerMobile.build/swift-overrides.hmap -Xcc -iquote -Xcc /Users/runner/Library/Developer/Xcode/DerivedData/SalmanCleanerMobile-feedweulbhasgaenidqhausboxfb/Build/Intermediates.noindex/SalmanCleanerMobile.build/Debug-iphoneos/SalmanCleanerMobile.build/SalmanCleanerMobile-generated-files.hmap -Xcc -I/Users/runner/Library/Developer/Xcode/DerivedData/SalmanCleanerMobile-feedweulbhasgaenidqhausboxfb/Build/Intermediates.noindex/SalmanCleanerMobile.build/Debug-iphoneos/SalmanCleanerMobile.build/SalmanCleanerMobile-own-target-headers.hmap -Xcc -I/Users/runner/Library/Developer/Xcode/DerivedData/SalmanCleanerMobile-feedweulbhasgaenidqhausboxfb/Build/Intermediates.noindex/SalmanCleanerMobile.build/Debug-iphoneos/SalmanCleanerMobile.build/SalmanCleanerMobile-all-non-framework-target-headers.hmap -Xcc -ivfsoverlay -Xcc /Users/runner/Library/Developer/Xcode/DerivedData/SalmanCleanerMobile-feedweulbhasgaenidqhausboxfb/Build/Intermediates.noindex/SalmanCleanerMobile.build/Debug-iphoneos/SalmanCleanerMobile.build/all-product-headers.yaml -Xcc -iquote -Xcc /Users/runner/Library/Developer/Xcode/DerivedData/SalmanCleanerMobile-feedweulbhasgaenidqhausboxfb/Build/Intermediates.noindex/SalmanCleanerMobile.build/Debug-iphoneos/SalmanCleanerMobile.build/SalmanCleanerMobile-project-headers.hmap -Xcc -I/Users/runner/Library/Developer/Xcode/DerivedData/SalmanCleanerMobile-feedweulbhasgaenidqhausboxfb/Build/Products/Debug-iphoneos/include -Xcc -I/Users/runner/Library/Developer/Xcode/DerivedData/SalmanCleanerMobile-feedweulbhasgaenidqhausboxfb/Build/Intermediates.noindex/SalmanCleanerMobile.build/Debug-iphoneos/SalmanCleanerMobile.build/DerivedSources-normal/arm64 -Xcc -I/Users/runner/Library/Developer/Xcode/DerivedData/SalmanCleanerMobile-feedweulbhasgaenidqhausboxfb/Build/Intermediates.noindex/SalmanCleanerMobile.build/Debug-iphoneos/SalmanCleanerMobile.build/DerivedSources/arm64 -Xcc -I/Users/runner/Library/Developer/Xcode/DerivedData/SalmanCleanerMobile-feedweulbhasgaenidqhausboxfb/Build/Intermediates.noindex/SalmanCleanerMobile.build/Debug-iphoneos/SalmanCleanerMobile.build/DerivedSources -Xcc -DDEBUG\=1 -module-name SalmanCleanerMobile -frontend-parseable-output -disable-clang-spi -target-sdk-version 17.5 -target-sdk-name iphoneos17.5 -external-plugin-path /Applications/Xcode_15.4.app/Contents/Developer/Platforms/iPhoneOS.platform/Developer/SDKs/iPhoneOS17.5.sdk/usr/lib/swift/host/plugins\#/Applications/Xcode_15.4.app/Contents/Developer/Platforms/iPhoneOS.platform/Developer/SDKs/iPhoneOS17.5.sdk/usr/bin/swift-plugin-server -external-plugin-path /Applications/Xcode_15.4.app/Contents/Developer/Platforms/iPhoneOS.platform/Developer/SDKs/iPhoneOS17.5.sdk/usr/local/lib/swift/host/plugins\#/Applications/Xcode_15.4.app/Contents/Developer/Platforms/iPhoneOS.platform/Developer/SDKs/iPhoneOS17.5.sdk/usr/bin/swift-plugin-server -external-plugin-path /Applications/Xcode_15.4.app/Contents/Developer/Platforms/iPhoneOS.platform/Developer/usr/lib/swift/host/plugins\#/Applications/Xcode_15.4.app/Contents/Developer/Platforms/iPhoneOS.platform/Developer/usr/bin/swift-plugin-server -external-plugin-path /Applications/Xcode_15.4.app/Contents/Developer/Platforms/iPhoneOS.platform/Developer/usr/local/lib/swift/host/plugins\#/Applications/Xcode_15.4.app/Contents/Developer/Platforms/iPhoneOS.platform/Developer/usr/bin/swift-plugin-server -plugin-path /Applications/Xcode_15.4.app/Contents/Developer/Toolchains/XcodeDefault.xctoolchain/usr/lib/swift/host/plugins -plugin-path /Applications/Xcode_15.4.app/Contents/Developer/Toolchains/XcodeDefault.xctoolchain/usr/local/lib/swift/host/plugins -o /Users/runner/Library/Developer/Xcode/DerivedData/SalmanCleanerMobile-feedweulbhasgaenidqhausboxfb/Build/Intermediates.noindex/SalmanCleanerMobile.build/Debug-iphoneos/SalmanCleanerMobile.build/Objects-normal/arm64/SalmanCleanerMobileApp.o -o /Users/runner/Library/Developer/Xcode/DerivedData/SalmanCleanerMobile-feedweulbhasgaenidqhausboxfb/Build/Intermediates.noindex/SalmanCleanerMobile.build/Debug-iphoneos/SalmanCleanerMobile.build/Objects-normal/arm64/GeneratedAssetSymbols.o -index-unit-output-path /SalmanCleanerMobile.build/Debug-iphoneos/SalmanCleanerMobile.build/Objects-normal/arm64/SalmanCleanerMobileApp.o -index-unit-output-path /SalmanCleanerMobile.build/Debug-iphoneos/SalmanCleanerMobile.build/Objects-normal/arm64/GeneratedAssetSymbols.o -index-store-path /Users/runner/Library/Developer/Xcode/DerivedData/SalmanCleanerMobile-feedweulbhasgaenidqhausboxfb/Index.noindex/DataStore -index-system-modules

SwiftCompile normal arm64 /Users/runner/work/SalmanMacCleaner/SalmanMacCleaner/SalmanCleanerMobile/SalmanCleanerMobileApp.swift (in target 'SalmanCleanerMobile' from project 'SalmanCleanerMobile')
    cd /Users/runner/work/SalmanMacCleaner/SalmanMacCleaner
    /Applications/Xcode_15.4.app/Contents/Developer/Toolchains/XcodeDefault.xctoolchain/usr/bin/swift-frontend -c /Users/runner/work/SalmanMacCleaner/SalmanMacCleaner/SalmanCleanerMobile/ContentView.swift /Users/runner/work/SalmanMacCleaner/SalmanMacCleaner/SalmanCleanerMobile/DuplicatesView.swift /Users/runner/work/SalmanMacCleaner/SalmanMacCleaner/SalmanCleanerMobile/LargeMediaView.swift /Users/runner/work/SalmanMacCleaner/SalmanMacCleaner/SalmanCleanerMobile/PhotoManager.swift -primary-file /Users/runner/work/SalmanMacCleaner/SalmanMacCleaner/SalmanCleanerMobile/SalmanCleanerMobileApp.swift -primary-file /Users/runner/Library/Developer/Xcode/DerivedData/SalmanCleanerMobile-feedweulbhasgaenidqhausboxfb/Build/Intermediates.noindex/SalmanCleanerMobile.build/Debug-iphoneos/SalmanCleanerMobile.build/DerivedSources/GeneratedAssetSymbols.swift -emit-dependencies-path /Users/runner/Library/Developer/Xcode/DerivedData/SalmanCleanerMobile-feedweulbhasgaenidqhausboxfb/Build/Intermediates.noindex/SalmanCleanerMobile.build/Debug-iphoneos/SalmanCleanerMobile.build/Objects-normal/arm64/SalmanCleanerMobileApp.d -emit-const-values-path /Users/runner/Library/Developer/Xcode/DerivedData/SalmanCleanerMobile-feedweulbhasgaenidqhausboxfb/Build/Intermediates.noindex/SalmanCleanerMobile.build/Debug-iphoneos/SalmanCleanerMobile.build/Objects-normal/arm64/SalmanCleanerMobileApp.swiftconstvalues -emit-reference-dependencies-path /Users/runner/Library/Developer/Xcode/DerivedData/SalmanCleanerMobile-feedweulbhasgaenidqhausboxfb/Build/Intermediates.noindex/SalmanCleanerMobile.build/Debug-iphoneos/SalmanCleanerMobile.build/Objects-normal/arm64/SalmanCleanerMobileApp.swiftdeps -serialize-diagnostics-path /Users/runner/Library/Developer/Xcode/DerivedData/SalmanCleanerMobile-feedweulbhasgaenidqhausboxfb/Build/Intermediates.noindex/SalmanCleanerMobile.build/Debug-iphoneos/SalmanCleanerMobile.build/Objects-normal/arm64/SalmanCleanerMobileApp.dia -emit-dependencies-path /Users/runner/Library/Developer/Xcode/DerivedData/SalmanCleanerMobile-feedweulbhasgaenidqhausboxfb/Build/Intermediates.noindex/SalmanCleanerMobile.build/Debug-iphoneos/SalmanCleanerMobile.build/Objects-normal/arm64/GeneratedAssetSymbols.d -emit-const-values-path /Users/runner/Library/Developer/Xcode/DerivedData/SalmanCleanerMobile-feedweulbhasgaenidqhausboxfb/Build/Intermediates.noindex/SalmanCleanerMobile.build/Debug-iphoneos/SalmanCleanerMobile.build/Objects-normal/arm64/GeneratedAssetSymbols.swiftconstvalues -emit-reference-dependencies-path /Users/runner/Library/Developer/Xcode/DerivedData/SalmanCleanerMobile-feedweulbhasgaenidqhausboxfb/Build/Intermediates.noindex/SalmanCleanerMobile.build/Debug-iphoneos/SalmanCleanerMobile.build/Objects-normal/arm64/GeneratedAssetSymbols.swiftdeps -serialize-diagnostics-path /Users/runner/Library/Developer/Xcode/DerivedData/SalmanCleanerMobile-feedweulbhasgaenidqhausboxfb/Build/Intermediates.noindex/SalmanCleanerMobile.build/Debug-iphoneos/SalmanCleanerMobile.build/Objects-normal/arm64/GeneratedAssetSymbols.dia -emit-localized-strings -emit-localized-strings-path /Users/runner/Library/Developer/Xcode/DerivedData/SalmanCleanerMobile-feedweulbhasgaenidqhausboxfb/Build/Intermediates.noindex/SalmanCleanerMobile.build/Debug-iphoneos/SalmanCleanerMobile.build/Objects-normal/arm64 -target arm64-apple-ios16.0 -Xllvm -aarch64-use-tbi -enable-objc-interop -stack-check -sdk /Applications/Xcode_15.4.app/Contents/Developer/Platforms/iPhoneOS.platform/Developer/SDKs/iPhoneOS17.5.sdk -I /Users/runner/Library/Developer/Xcode/DerivedData/SalmanCleanerMobile-feedweulbhasgaenidqhausboxfb/Build/Products/Debug-iphoneos -F /Users/runner/Library/Developer/Xcode/DerivedData/SalmanCleanerMobile-feedweulbhasgaenidqhausboxfb/Build/Products/Debug-iphoneos -no-color-diagnostics -enable-testing -g -module-cache-path /Users/runner/Library/Developer/Xcode/DerivedData/ModuleCache.noindex -swift-version 5 -enforce-exclusivity\=checked -Onone -D DEBUG -serialize-debugging-options -const-gather-protocols-file /Users/runner/Library/Developer/Xcode/DerivedData/SalmanCleanerMobile-feedweulbhasgaenidqhausboxfb/Build/Intermediates.noindex/SalmanCleanerMobile.build/Debug-iphoneos/SalmanCleanerMobile.build/Objects-normal/arm64/SalmanCleanerMobile_const_extract_protocols.json -enable-bare-slash-regex -empty-abi-descriptor -validate-clang-modules-once -clang-build-session-file /Users/runner/Library/Developer/Xcode/DerivedData/ModuleCache.noindex/Session.modulevalidation -Xcc -working-directory -Xcc /Users/runner/work/SalmanMacCleaner/SalmanMacCleaner -resource-dir /Applications/Xcode_15.4.app/Contents/Developer/Toolchains/XcodeDefault.xctoolchain/usr/lib/swift -enable-anonymous-context-mangled-names -Xcc -ivfsstatcache -Xcc /Users/runner/Library/Developer/Xcode/DerivedData/SDKStatCaches.noindex/iphoneos17.5-21F77-f0fa7969d082b13145125136a829df3a.sdkstatcache -Xcc -I/Users/runner/Library/Developer/Xcode/DerivedData/SalmanCleanerMobile-feedweulbhasgaenidqhausboxfb/Build/Intermediates.noindex/SalmanCleanerMobile.build/Debug-iphoneos/SalmanCleanerMobile.build/swift-overrides.hmap -Xcc -iquote -Xcc /Users/runner/Library/Developer/Xcode/DerivedData/SalmanCleanerMobile-feedweulbhasgaenidqhausboxfb/Build/Intermediates.noindex/SalmanCleanerMobile.build/Debug-iphoneos/SalmanCleanerMobile.build/SalmanCleanerMobile-generated-files.hmap -Xcc -I/Users/runner/Library/Developer/Xcode/DerivedData/SalmanCleanerMobile-feedweulbhasgaenidqhausboxfb/Build/Intermediates.noindex/SalmanCleanerMobile.build/Debug-iphoneos/SalmanCleanerMobile.build/SalmanCleanerMobile-own-target-headers.hmap -Xcc -I/Users/runner/Library/Developer/Xcode/DerivedData/SalmanCleanerMobile-feedweulbhasgaenidqhausboxfb/Build/Intermediates.noindex/SalmanCleanerMobile.build/Debug-iphoneos/SalmanCleanerMobile.build/SalmanCleanerMobile-all-non-framework-target-headers.hmap -Xcc -ivfsoverlay -Xcc /Users/runner/Library/Developer/Xcode/DerivedData/SalmanCleanerMobile-feedweulbhasgaenidqhausboxfb/Build/Intermediates.noindex/SalmanCleanerMobile.build/Debug-iphoneos/SalmanCleanerMobile.build/all-product-headers.yaml -Xcc -iquote -Xcc /Users/runner/Library/Developer/Xcode/DerivedData/SalmanCleanerMobile-feedweulbhasgaenidqhausboxfb/Build/Intermediates.noindex/SalmanCleanerMobile.build/Debug-iphoneos/SalmanCleanerMobile.build/SalmanCleanerMobile-project-headers.hmap -Xcc -I/Users/runner/Library/Developer/Xcode/DerivedData/SalmanCleanerMobile-feedweulbhasgaenidqhausboxfb/Build/Products/Debug-iphoneos/include -Xcc -I/Users/runner/Library/Developer/Xcode/DerivedData/SalmanCleanerMobile-feedweulbhasgaenidqhausboxfb/Build/Intermediates.noindex/SalmanCleanerMobile.build/Debug-iphoneos/SalmanCleanerMobile.build/DerivedSources-normal/arm64 -Xcc -I/Users/runner/Library/Developer/Xcode/DerivedData/SalmanCleanerMobile-feedweulbhasgaenidqhausboxfb/Build/Intermediates.noindex/SalmanCleanerMobile.build/Debug-iphoneos/SalmanCleanerMobile.build/DerivedSources/arm64 -Xcc -I/Users/runner/Library/Developer/Xcode/DerivedData/SalmanCleanerMobile-feedweulbhasgaenidqhausboxfb/Build/Intermediates.noindex/SalmanCleanerMobile.build/Debug-iphoneos/SalmanCleanerMobile.build/DerivedSources -Xcc -DDEBUG\=1 -module-name SalmanCleanerMobile -frontend-parseable-output -disable-clang-spi -target-sdk-version 17.5 -target-sdk-name iphoneos17.5 -external-plugin-path /Applications/Xcode_15.4.app/Contents/Developer/Platforms/iPhoneOS.platform/Developer/SDKs/iPhoneOS17.5.sdk/usr/lib/swift/host/plugins\#/Applications/Xcode_15.4.app/Contents/Developer/Platforms/iPhoneOS.platform/Developer/SDKs/iPhoneOS17.5.sdk/usr/bin/swift-plugin-server -external-plugin-path /Applications/Xcode_15.4.app/Contents/Developer/Platforms/iPhoneOS.platform/Developer/SDKs/iPhoneOS17.5.sdk/usr/local/lib/swift/host/plugins\#/Applications/Xcode_15.4.app/Contents/Developer/Platforms/iPhoneOS.platform/Developer/SDKs/iPhoneOS17.5.sdk/usr/bin/swift-plugin-server -external-plugin-path /Applications/Xcode_15.4.app/Contents/Developer/Platforms/iPhoneOS.platform/Developer/usr/lib/swift/host/plugins\#/Applications/Xcode_15.4.app/Contents/Developer/Platforms/iPhoneOS.platform/Developer/usr/bin/swift-plugin-server -external-plugin-path /Applications/Xcode_15.4.app/Contents/Developer/Platforms/iPhoneOS.platform/Developer/usr/local/lib/swift/host/plugins\#/Applications/Xcode_15.4.app/Contents/Developer/Platforms/iPhoneOS.platform/Developer/usr/bin/swift-plugin-server -plugin-path /Applications/Xcode_15.4.app/Contents/Developer/Toolchains/XcodeDefault.xctoolchain/usr/lib/swift/host/plugins -plugin-path /Applications/Xcode_15.4.app/Contents/Developer/Toolchains/XcodeDefault.xctoolchain/usr/local/lib/swift/host/plugins -o /Users/runner/Library/Developer/Xcode/DerivedData/SalmanCleanerMobile-feedweulbhasgaenidqhausboxfb/Build/Intermediates.noindex/SalmanCleanerMobile.build/Debug-iphoneos/SalmanCleanerMobile.build/Objects-normal/arm64/SalmanCleanerMobileApp.o -o /Users/runner/Library/Developer/Xcode/DerivedData/SalmanCleanerMobile-feedweulbhasgaenidqhausboxfb/Build/Intermediates.noindex/SalmanCleanerMobile.build/Debug-iphoneos/SalmanCleanerMobile.build/Objects-normal/arm64/GeneratedAssetSymbols.o -index-unit-output-path /SalmanCleanerMobile.build/Debug-iphoneos/SalmanCleanerMobile.build/Objects-normal/arm64/SalmanCleanerMobileApp.o -index-unit-output-path /SalmanCleanerMobile.build/Debug-iphoneos/SalmanCleanerMobile.build/Objects-normal/arm64/GeneratedAssetSymbols.o -index-store-path /Users/runner/Library/Developer/Xcode/DerivedData/SalmanCleanerMobile-feedweulbhasgaenidqhausboxfb/Index.noindex/DataStore -index-system-modules

SwiftCompile normal arm64 /Users/runner/Library/Developer/Xcode/DerivedData/SalmanCleanerMobile-feedweulbhasgaenidqhausboxfb/Build/Intermediates.noindex/SalmanCleanerMobile.build/Debug-iphoneos/SalmanCleanerMobile.build/DerivedSources/GeneratedAssetSymbols.swift (in target 'SalmanCleanerMobile' from project 'SalmanCleanerMobile')
    cd /Users/runner/work/SalmanMacCleaner/SalmanMacCleaner
    /Applications/Xcode_15.4.app/Contents/Developer/Toolchains/XcodeDefault.xctoolchain/usr/bin/swift-frontend -c /Users/runner/work/SalmanMacCleaner/SalmanMacCleaner/SalmanCleanerMobile/ContentView.swift /Users/runner/work/SalmanMacCleaner/SalmanMacCleaner/SalmanCleanerMobile/DuplicatesView.swift /Users/runner/work/SalmanMacCleaner/SalmanMacCleaner/SalmanCleanerMobile/LargeMediaView.swift /Users/runner/work/SalmanMacCleaner/SalmanMacCleaner/SalmanCleanerMobile/PhotoManager.swift -primary-file /Users/runner/work/SalmanMacCleaner/SalmanMacCleaner/SalmanCleanerMobile/SalmanCleanerMobileApp.swift -primary-file /Users/runner/Library/Developer/Xcode/DerivedData/SalmanCleanerMobile-feedweulbhasgaenidqhausboxfb/Build/Intermediates.noindex/SalmanCleanerMobile.build/Debug-iphoneos/SalmanCleanerMobile.build/DerivedSources/GeneratedAssetSymbols.swift -emit-dependencies-path /Users/runner/Library/Developer/Xcode/DerivedData/SalmanCleanerMobile-feedweulbhasgaenidqhausboxfb/Build/Intermediates.noindex/SalmanCleanerMobile.build/Debug-iphoneos/SalmanCleanerMobile.build/Objects-normal/arm64/SalmanCleanerMobileApp.d -emit-const-values-path /Users/runner/Library/Developer/Xcode/DerivedData/SalmanCleanerMobile-feedweulbhasgaenidqhausboxfb/Build/Intermediates.noindex/SalmanCleanerMobile.build/Debug-iphoneos/SalmanCleanerMobile.build/Objects-normal/arm64/SalmanCleanerMobileApp.swiftconstvalues -emit-reference-dependencies-path /Users/runner/Library/Developer/Xcode/DerivedData/SalmanCleanerMobile-feedweulbhasgaenidqhausboxfb/Build/Intermediates.noindex/SalmanCleanerMobile.build/Debug-iphoneos/SalmanCleanerMobile.build/Objects-normal/arm64/SalmanCleanerMobileApp.swiftdeps -serialize-diagnostics-path /Users/runner/Library/Developer/Xcode/DerivedData/SalmanCleanerMobile-feedweulbhasgaenidqhausboxfb/Build/Intermediates.noindex/SalmanCleanerMobile.build/Debug-iphoneos/SalmanCleanerMobile.build/Objects-normal/arm64/SalmanCleanerMobileApp.dia -emit-dependencies-path /Users/runner/Library/Developer/Xcode/DerivedData/SalmanCleanerMobile-feedweulbhasgaenidqhausboxfb/Build/Intermediates.noindex/SalmanCleanerMobile.build/Debug-iphoneos/SalmanCleanerMobile.build/Objects-normal/arm64/GeneratedAssetSymbols.d -emit-const-values-path /Users/runner/Library/Developer/Xcode/DerivedData/SalmanCleanerMobile-feedweulbhasgaenidqhausboxfb/Build/Intermediates.noindex/SalmanCleanerMobile.build/Debug-iphoneos/SalmanCleanerMobile.build/Objects-normal/arm64/GeneratedAssetSymbols.swiftconstvalues -emit-reference-dependencies-path /Users/runner/Library/Developer/Xcode/DerivedData/SalmanCleanerMobile-feedweulbhasgaenidqhausboxfb/Build/Intermediates.noindex/SalmanCleanerMobile.build/Debug-iphoneos/SalmanCleanerMobile.build/Objects-normal/arm64/GeneratedAssetSymbols.swiftdeps -serialize-diagnostics-path /Users/runner/Library/Developer/Xcode/DerivedData/SalmanCleanerMobile-feedweulbhasgaenidqhausboxfb/Build/Intermediates.noindex/SalmanCleanerMobile.build/Debug-iphoneos/SalmanCleanerMobile.build/Objects-normal/arm64/GeneratedAssetSymbols.dia -emit-localized-strings -emit-localized-strings-path /Users/runner/Library/Developer/Xcode/DerivedData/SalmanCleanerMobile-feedweulbhasgaenidqhausboxfb/Build/Intermediates.noindex/SalmanCleanerMobile.build/Debug-iphoneos/SalmanCleanerMobile.build/Objects-normal/arm64 -target arm64-apple-ios16.0 -Xllvm -aarch64-use-tbi -enable-objc-interop -stack-check -sdk /Applications/Xcode_15.4.app/Contents/Developer/Platforms/iPhoneOS.platform/Developer/SDKs/iPhoneOS17.5.sdk -I /Users/runner/Library/Developer/Xcode/DerivedData/SalmanCleanerMobile-feedweulbhasgaenidqhausboxfb/Build/Products/Debug-iphoneos -F /Users/runner/Library/Developer/Xcode/DerivedData/SalmanCleanerMobile-feedweulbhasgaenidqhausboxfb/Build/Products/Debug-iphoneos -no-color-diagnostics -enable-testing -g -module-cache-path /Users/runner/Library/Developer/Xcode/DerivedData/ModuleCache.noindex -swift-version 5 -enforce-exclusivity\=checked -Onone -D DEBUG -serialize-debugging-options -const-gather-protocols-file /Users/runner/Library/Developer/Xcode/DerivedData/SalmanCleanerMobile-feedweulbhasgaenidqhausboxfb/Build/Intermediates.noindex/SalmanCleanerMobile.build/Debug-iphoneos/SalmanCleanerMobile.build/Objects-normal/arm64/SalmanCleanerMobile_const_extract_protocols.json -enable-bare-slash-regex -empty-abi-descriptor -validate-clang-modules-once -clang-build-session-file /Users/runner/Library/Developer/Xcode/DerivedData/ModuleCache.noindex/Session.modulevalidation -Xcc -working-directory -Xcc /Users/runner/work/SalmanMacCleaner/SalmanMacCleaner -resource-dir /Applications/Xcode_15.4.app/Contents/Developer/Toolchains/XcodeDefault.xctoolchain/usr/lib/swift -enable-anonymous-context-mangled-names -Xcc -ivfsstatcache -Xcc /Users/runner/Library/Developer/Xcode/DerivedData/SDKStatCaches.noindex/iphoneos17.5-21F77-f0fa7969d082b13145125136a829df3a.sdkstatcache -Xcc -I/Users/runner/Library/Developer/Xcode/DerivedData/SalmanCleanerMobile-feedweulbhasgaenidqhausboxfb/Build/Intermediates.noindex/SalmanCleanerMobile.build/Debug-iphoneos/SalmanCleanerMobile.build/swift-overrides.hmap -Xcc -iquote -Xcc /Users/runner/Library/Developer/Xcode/DerivedData/SalmanCleanerMobile-feedweulbhasgaenidqhausboxfb/Build/Intermediates.noindex/SalmanCleanerMobile.build/Debug-iphoneos/SalmanCleanerMobile.build/SalmanCleanerMobile-generated-files.hmap -Xcc -I/Users/runner/Library/Developer/Xcode/DerivedData/SalmanCleanerMobile-feedweulbhasgaenidqhausboxfb/Build/Intermediates.noindex/SalmanCleanerMobile.build/Debug-iphoneos/SalmanCleanerMobile.build/SalmanCleanerMobile-own-target-headers.hmap -Xcc -I/Users/runner/Library/Developer/Xcode/DerivedData/SalmanCleanerMobile-feedweulbhasgaenidqhausboxfb/Build/Intermediates.noindex/SalmanCleanerMobile.build/Debug-iphoneos/SalmanCleanerMobile.build/SalmanCleanerMobile-all-non-framework-target-headers.hmap -Xcc -ivfsoverlay -Xcc /Users/runner/Library/Developer/Xcode/DerivedData/SalmanCleanerMobile-feedweulbhasgaenidqhausboxfb/Build/Intermediates.noindex/SalmanCleanerMobile.build/Debug-iphoneos/SalmanCleanerMobile.build/all-product-headers.yaml -Xcc -iquote -Xcc /Users/runner/Library/Developer/Xcode/DerivedData/SalmanCleanerMobile-feedweulbhasgaenidqhausboxfb/Build/Intermediates.noindex/SalmanCleanerMobile.build/Debug-iphoneos/SalmanCleanerMobile.build/SalmanCleanerMobile-project-headers.hmap -Xcc -I/Users/runner/Library/Developer/Xcode/DerivedData/SalmanCleanerMobile-feedweulbhasgaenidqhausboxfb/Build/Products/Debug-iphoneos/include -Xcc -I/Users/runner/Library/Developer/Xcode/DerivedData/SalmanCleanerMobile-feedweulbhasgaenidqhausboxfb/Build/Intermediates.noindex/SalmanCleanerMobile.build/Debug-iphoneos/SalmanCleanerMobile.build/DerivedSources-normal/arm64 -Xcc -I/Users/runner/Library/Developer/Xcode/DerivedData/SalmanCleanerMobile-feedweulbhasgaenidqhausboxfb/Build/Intermediates.noindex/SalmanCleanerMobile.build/Debug-iphoneos/SalmanCleanerMobile.build/DerivedSources/arm64 -Xcc -I/Users/runner/Library/Developer/Xcode/DerivedData/SalmanCleanerMobile-feedweulbhasgaenidqhausboxfb/Build/Intermediates.noindex/SalmanCleanerMobile.build/Debug-iphoneos/SalmanCleanerMobile.build/DerivedSources -Xcc -DDEBUG\=1 -module-name SalmanCleanerMobile -frontend-parseable-output -disable-clang-spi -target-sdk-version 17.5 -target-sdk-name iphoneos17.5 -external-plugin-path /Applications/Xcode_15.4.app/Contents/Developer/Platforms/iPhoneOS.platform/Developer/SDKs/iPhoneOS17.5.sdk/usr/lib/swift/host/plugins\#/Applications/Xcode_15.4.app/Contents/Developer/Platforms/iPhoneOS.platform/Developer/SDKs/iPhoneOS17.5.sdk/usr/bin/swift-plugin-server -external-plugin-path /Applications/Xcode_15.4.app/Contents/Developer/Platforms/iPhoneOS.platform/Developer/SDKs/iPhoneOS17.5.sdk/usr/local/lib/swift/host/plugins\#/Applications/Xcode_15.4.app/Contents/Developer/Platforms/iPhoneOS.platform/Developer/SDKs/iPhoneOS17.5.sdk/usr/bin/swift-plugin-server -external-plugin-path /Applications/Xcode_15.4.app/Contents/Developer/Platforms/iPhoneOS.platform/Developer/usr/lib/swift/host/plugins\#/Applications/Xcode_15.4.app/Contents/Developer/Platforms/iPhoneOS.platform/Developer/usr/bin/swift-plugin-server -external-plugin-path /Applications/Xcode_15.4.app/Contents/Developer/Platforms/iPhoneOS.platform/Developer/usr/local/lib/swift/host/plugins\#/Applications/Xcode_15.4.app/Contents/Developer/Platforms/iPhoneOS.platform/Developer/usr/bin/swift-plugin-server -plugin-path /Applications/Xcode_15.4.app/Contents/Developer/Toolchains/XcodeDefault.xctoolchain/usr/lib/swift/host/plugins -plugin-path /Applications/Xcode_15.4.app/Contents/Developer/Toolchains/XcodeDefault.xctoolchain/usr/local/lib/swift/host/plugins -o /Users/runner/Library/Developer/Xcode/DerivedData/SalmanCleanerMobile-feedweulbhasgaenidqhausboxfb/Build/Intermediates.noindex/SalmanCleanerMobile.build/Debug-iphoneos/SalmanCleanerMobile.build/Objects-normal/arm64/SalmanCleanerMobileApp.o -o /Users/runner/Library/Developer/Xcode/DerivedData/SalmanCleanerMobile-feedweulbhasgaenidqhausboxfb/Build/Intermediates.noindex/SalmanCleanerMobile.build/Debug-iphoneos/SalmanCleanerMobile.build/Objects-normal/arm64/GeneratedAssetSymbols.o -index-unit-output-path /SalmanCleanerMobile.build/Debug-iphoneos/SalmanCleanerMobile.build/Objects-normal/arm64/SalmanCleanerMobileApp.o -index-unit-output-path /SalmanCleanerMobile.build/Debug-iphoneos/SalmanCleanerMobile.build/Objects-normal/arm64/GeneratedAssetSymbols.o -index-store-path /Users/runner/Library/Developer/Xcode/DerivedData/SalmanCleanerMobile-feedweulbhasgaenidqhausboxfb/Index.noindex/DataStore -index-system-modules

SwiftCompile normal arm64 Compiling\ ContentView.swift,\ DuplicatesView.swift /Users/runner/work/SalmanMacCleaner/SalmanMacCleaner/SalmanCleanerMobile/ContentView.swift /Users/runner/work/SalmanMacCleaner/SalmanMacCleaner/SalmanCleanerMobile/DuplicatesView.swift (in target 'SalmanCleanerMobile' from project 'SalmanCleanerMobile')
    cd /Users/runner/work/SalmanMacCleaner/SalmanMacCleaner
    builtin-swiftTaskExecution -- /Applications/Xcode_15.4.app/Contents/Developer/Toolchains/XcodeDefault.xctoolchain/usr/bin/swift-frontend -frontend -c -primary-file /Users/runner/work/SalmanMacCleaner/SalmanMacCleaner/SalmanCleanerMobile/ContentView.swift -primary-file /Users/runner/work/SalmanMacCleaner/SalmanMacCleaner/SalmanCleanerMobile/DuplicatesView.swift /Users/runner/work/SalmanMacCleaner/SalmanMacCleaner/SalmanCleanerMobile/LargeMediaView.swift /Users/runner/work/SalmanMacCleaner/SalmanMacCleaner/SalmanCleanerMobile/PhotoManager.swift /Users/runner/work/SalmanMacCleaner/SalmanMacCleaner/SalmanCleanerMobile/SalmanCleanerMobileApp.swift /Users/runner/Library/Developer/Xcode/DerivedData/SalmanCleanerMobile-feedweulbhasgaenidqhausboxfb/Build/Intermediates.noindex/SalmanCleanerMobile.build/Debug-iphoneos/SalmanCleanerMobile.build/DerivedSources/GeneratedAssetSymbols.swift -emit-dependencies-path /Users/runner/Library/Developer/Xcode/DerivedData/SalmanCleanerMobile-feedweulbhasgaenidqhausboxfb/Build/Intermediates.noindex/SalmanCleanerMobile.build/Debug-iphoneos/SalmanCleanerMobile.build/Objects-normal/arm64/ContentView.d -emit-const-values-path /Users/runner/Library/Developer/Xcode/DerivedData/SalmanCleanerMobile-feedweulbhasgaenidqhausboxfb/Build/Intermediates.noindex/SalmanCleanerMobile.build/Debug-iphoneos/SalmanCleanerMobile.build/Objects-normal/arm64/ContentView.swiftconstvalues -emit-reference-dependencies-path /Users/runner/Library/Developer/Xcode/DerivedData/SalmanCleanerMobile-feedweulbhasgaenidqhausboxfb/Build/Intermediates.noindex/SalmanCleanerMobile.build/Debug-iphoneos/SalmanCleanerMobile.build/Objects-normal/arm64/ContentView.swiftdeps -serialize-diagnostics-path /Users/runner/Library/Developer/Xcode/DerivedData/SalmanCleanerMobile-feedweulbhasgaenidqhausboxfb/Build/Intermediates.noindex/SalmanCleanerMobile.build/Debug-iphoneos/SalmanCleanerMobile.build/Objects-normal/arm64/ContentView.dia -emit-dependencies-path /Users/runner/Library/Developer/Xcode/DerivedData/SalmanCleanerMobile-feedweulbhasgaenidqhausboxfb/Build/Intermediates.noindex/SalmanCleanerMobile.build/Debug-iphoneos/SalmanCleanerMobile.build/Objects-normal/arm64/DuplicatesView.d -emit-const-values-path /Users/runner/Library/Developer/Xcode/DerivedData/SalmanCleanerMobile-feedweulbhasgaenidqhausboxfb/Build/Intermediates.noindex/SalmanCleanerMobile.build/Debug-iphoneos/SalmanCleanerMobile.build/Objects-normal/arm64/DuplicatesView.swiftconstvalues -emit-reference-dependencies-path /Users/runner/Library/Developer/Xcode/DerivedData/SalmanCleanerMobile-feedweulbhasgaenidqhausboxfb/Build/Intermediates.noindex/SalmanCleanerMobile.build/Debug-iphoneos/SalmanCleanerMobile.build/Objects-normal/arm64/DuplicatesView.swiftdeps -serialize-diagnostics-path /Users/runner/Library/Developer/Xcode/DerivedData/SalmanCleanerMobile-feedweulbhasgaenidqhausboxfb/Build/Intermediates.noindex/SalmanCleanerMobile.build/Debug-iphoneos/SalmanCleanerMobile.build/Objects-normal/arm64/DuplicatesView.dia -emit-localized-strings -emit-localized-strings-path /Users/runner/Library/Developer/Xcode/DerivedData/SalmanCleanerMobile-feedweulbhasgaenidqhausboxfb/Build/Intermediates.noindex/SalmanCleanerMobile.build/Debug-iphoneos/SalmanCleanerMobile.build/Objects-normal/arm64 -target arm64-apple-ios16.0 -Xllvm -aarch64-use-tbi -enable-objc-interop -stack-check -sdk /Applications/Xcode_15.4.app/Contents/Developer/Platforms/iPhoneOS.platform/Developer/SDKs/iPhoneOS17.5.sdk -I /Users/runner/Library/Developer/Xcode/DerivedData/SalmanCleanerMobile-feedweulbhasgaenidqhausboxfb/Build/Products/Debug-iphoneos -F /Users/runner/Library/Developer/Xcode/DerivedData/SalmanCleanerMobile-feedweulbhasgaenidqhausboxfb/Build/Products/Debug-iphoneos -no-color-diagnostics -enable-testing -g -module-cache-path /Users/runner/Library/Developer/Xcode/DerivedData/ModuleCache.noindex -swift-version 5 -enforce-exclusivity\=checked -Onone -D DEBUG -serialize-debugging-options -const-gather-protocols-file /Users/runner/Library/Developer/Xcode/DerivedData/SalmanCleanerMobile-feedweulbhasgaenidqhausboxfb/Build/Intermediates.noindex/SalmanCleanerMobile.build/Debug-iphoneos/SalmanCleanerMobile.build/Objects-normal/arm64/SalmanCleanerMobile_const_extract_protocols.json -enable-bare-slash-regex -empty-abi-descriptor -validate-clang-modules-once -clang-build-session-file /Users/runner/Library/Developer/Xcode/DerivedData/ModuleCache.noindex/Session.modulevalidation -Xcc -working-directory -Xcc /Users/runner/work/SalmanMacCleaner/SalmanMacCleaner -resource-dir /Applications/Xcode_15.4.app/Contents/Developer/Toolchains/XcodeDefault.xctoolchain/usr/lib/swift -enable-anonymous-context-mangled-names -Xcc -ivfsstatcache -Xcc /Users/runner/Library/Developer/Xcode/DerivedData/SDKStatCaches.noindex/iphoneos17.5-21F77-f0fa7969d082b13145125136a829df3a.sdkstatcache -Xcc -I/Users/runner/Library/Developer/Xcode/DerivedData/SalmanCleanerMobile-feedweulbhasgaenidqhausboxfb/Build/Intermediates.noindex/SalmanCleanerMobile.build/Debug-iphoneos/SalmanCleanerMobile.build/swift-overrides.hmap -Xcc -iquote -Xcc /Users/runner/Library/Developer/Xcode/DerivedData/SalmanCleanerMobile-feedweulbhasgaenidqhausboxfb/Build/Intermediates.noindex/SalmanCleanerMobile.build/Debug-iphoneos/SalmanCleanerMobile.build/SalmanCleanerMobile-generated-files.hmap -Xcc -I/Users/runner/Library/Developer/Xcode/DerivedData/SalmanCleanerMobile-feedweulbhasgaenidqhausboxfb/Build/Intermediates.noindex/SalmanCleanerMobile.build/Debug-iphoneos/SalmanCleanerMobile.build/SalmanCleanerMobile-own-target-headers.hmap -Xcc -I/Users/runner/Library/Developer/Xcode/DerivedData/SalmanCleanerMobile-feedweulbhasgaenidqhausboxfb/Build/Intermediates.noindex/SalmanCleanerMobile.build/Debug-iphoneos/SalmanCleanerMobile.build/SalmanCleanerMobile-all-non-framework-target-headers.hmap -Xcc -ivfsoverlay -Xcc /Users/runner/Library/Developer/Xcode/DerivedData/SalmanCleanerMobile-feedweulbhasgaenidqhausboxfb/Build/Intermediates.noindex/SalmanCleanerMobile.build/Debug-iphoneos/SalmanCleanerMobile.build/all-product-headers.yaml -Xcc -iquote -Xcc /Users/runner/Library/Developer/Xcode/DerivedData/SalmanCleanerMobile-feedweulbhasgaenidqhausboxfb/Build/Intermediates.noindex/SalmanCleanerMobile.build/Debug-iphoneos/SalmanCleanerMobile.build/SalmanCleanerMobile-project-headers.hmap -Xcc -I/Users/runner/Library/Developer/Xcode/DerivedData/SalmanCleanerMobile-feedweulbhasgaenidqhausboxfb/Build/Products/Debug-iphoneos/include -Xcc -I/Users/runner/Library/Developer/Xcode/DerivedData/SalmanCleanerMobile-feedweulbhasgaenidqhausboxfb/Build/Intermediates.noindex/SalmanCleanerMobile.build/Debug-iphoneos/SalmanCleanerMobile.build/DerivedSources-normal/arm64 -Xcc -I/Users/runner/Library/Developer/Xcode/DerivedData/SalmanCleanerMobile-feedweulbhasgaenidqhausboxfb/Build/Intermediates.noindex/SalmanCleanerMobile.build/Debug-iphoneos/SalmanCleanerMobile.build/DerivedSources/arm64 -Xcc -I/Users/runner/Library/Developer/Xcode/DerivedData/SalmanCleanerMobile-feedweulbhasgaenidqhausboxfb/Build/Intermediates.noindex/SalmanCleanerMobile.build/Debug-iphoneos/SalmanCleanerMobile.build/DerivedSources -Xcc -DDEBUG\=1 -module-name SalmanCleanerMobile -frontend-parseable-output -disable-clang-spi -target-sdk-version 17.5 -target-sdk-name iphoneos17.5 -external-plugin-path /Applications/Xcode_15.4.app/Contents/Developer/Platforms/iPhoneOS.platform/Developer/SDKs/iPhoneOS17.5.sdk/usr/lib/swift/host/plugins\#/Applications/Xcode_15.4.app/Contents/Developer/Platforms/iPhoneOS.platform/Developer/SDKs/iPhoneOS17.5.sdk/usr/bin/swift-plugin-server -external-plugin-path /Applications/Xcode_15.4.app/Contents/Developer/Platforms/iPhoneOS.platform/Developer/SDKs/iPhoneOS17.5.sdk/usr/local/lib/swift/host/plugins\#/Applications/Xcode_15.4.app/Contents/Developer/Platforms/iPhoneOS.platform/Developer/SDKs/iPhoneOS17.5.sdk/usr/bin/swift-plugin-server -external-plugin-path /Applications/Xcode_15.4.app/Contents/Developer/Platforms/iPhoneOS.platform/Developer/usr/lib/swift/host/plugins\#/Applications/Xcode_15.4.app/Contents/Developer/Platforms/iPhoneOS.platform/Developer/usr/bin/swift-plugin-server -external-plugin-path /Applications/Xcode_15.4.app/Contents/Developer/Platforms/iPhoneOS.platform/Developer/usr/local/lib/swift/host/plugins\#/Applications/Xcode_15.4.app/Contents/Developer/Platforms/iPhoneOS.platform/Developer/usr/bin/swift-plugin-server -plugin-path /Applications/Xcode_15.4.app/Contents/Developer/Toolchains/XcodeDefault.xctoolchain/usr/lib/swift/host/plugins -plugin-path /Applications/Xcode_15.4.app/Contents/Developer/Toolchains/XcodeDefault.xctoolchain/usr/local/lib/swift/host/plugins -o /Users/runner/Library/Developer/Xcode/DerivedData/SalmanCleanerMobile-feedweulbhasgaenidqhausboxfb/Build/Intermediates.noindex/SalmanCleanerMobile.build/Debug-iphoneos/SalmanCleanerMobile.build/Objects-normal/arm64/ContentView.o -o /Users/runner/Library/Developer/Xcode/DerivedData/SalmanCleanerMobile-feedweulbhasgaenidqhausboxfb/Build/Intermediates.noindex/SalmanCleanerMobile.build/Debug-iphoneos/SalmanCleanerMobile.build/Objects-normal/arm64/DuplicatesView.o -index-unit-output-path /SalmanCleanerMobile.build/Debug-iphoneos/SalmanCleanerMobile.build/Objects-normal/arm64/ContentView.o -index-unit-output-path /SalmanCleanerMobile.build/Debug-iphoneos/SalmanCleanerMobile.build/Objects-normal/arm64/DuplicatesView.o -index-store-path /Users/runner/Library/Developer/Xcode/DerivedData/SalmanCleanerMobile-feedweulbhasgaenidqhausboxfb/Index.noindex/DataStore -index-system-modules

SwiftCompile normal arm64 /Users/runner/work/SalmanMacCleaner/SalmanMacCleaner/SalmanCleanerMobile/ContentView.swift (in target 'SalmanCleanerMobile' from project 'SalmanCleanerMobile')
    cd /Users/runner/work/SalmanMacCleaner/SalmanMacCleaner
    /Applications/Xcode_15.4.app/Contents/Developer/Toolchains/XcodeDefault.xctoolchain/usr/bin/swift-frontend -c -primary-file /Users/runner/work/SalmanMacCleaner/SalmanMacCleaner/SalmanCleanerMobile/ContentView.swift -primary-file /Users/runner/work/SalmanMacCleaner/SalmanMacCleaner/SalmanCleanerMobile/DuplicatesView.swift /Users/runner/work/SalmanMacCleaner/SalmanMacCleaner/SalmanCleanerMobile/LargeMediaView.swift /Users/runner/work/SalmanMacCleaner/SalmanMacCleaner/SalmanCleanerMobile/PhotoManager.swift /Users/runner/work/SalmanMacCleaner/SalmanMacCleaner/SalmanCleanerMobile/SalmanCleanerMobileApp.swift /Users/runner/Library/Developer/Xcode/DerivedData/SalmanCleanerMobile-feedweulbhasgaenidqhausboxfb/Build/Intermediates.noindex/SalmanCleanerMobile.build/Debug-iphoneos/SalmanCleanerMobile.build/DerivedSources/GeneratedAssetSymbols.swift -emit-dependencies-path /Users/runner/Library/Developer/Xcode/DerivedData/SalmanCleanerMobile-feedweulbhasgaenidqhausboxfb/Build/Intermediates.noindex/SalmanCleanerMobile.build/Debug-iphoneos/SalmanCleanerMobile.build/Objects-normal/arm64/ContentView.d -emit-const-values-path /Users/runner/Library/Developer/Xcode/DerivedData/SalmanCleanerMobile-feedweulbhasgaenidqhausboxfb/Build/Intermediates.noindex/SalmanCleanerMobile.build/Debug-iphoneos/SalmanCleanerMobile.build/Objects-normal/arm64/ContentView.swiftconstvalues -emit-reference-dependencies-path /Users/runner/Library/Developer/Xcode/DerivedData/SalmanCleanerMobile-feedweulbhasgaenidqhausboxfb/Build/Intermediates.noindex/SalmanCleanerMobile.build/Debug-iphoneos/SalmanCleanerMobile.build/Objects-normal/arm64/ContentView.swiftdeps -serialize-diagnostics-path /Users/runner/Library/Developer/Xcode/DerivedData/SalmanCleanerMobile-feedweulbhasgaenidqhausboxfb/Build/Intermediates.noindex/SalmanCleanerMobile.build/Debug-iphoneos/SalmanCleanerMobile.build/Objects-normal/arm64/ContentView.dia -emit-dependencies-path /Users/runner/Library/Developer/Xcode/DerivedData/SalmanCleanerMobile-feedweulbhasgaenidqhausboxfb/Build/Intermediates.noindex/SalmanCleanerMobile.build/Debug-iphoneos/SalmanCleanerMobile.build/Objects-normal/arm64/DuplicatesView.d -emit-const-values-path /Users/runner/Library/Developer/Xcode/DerivedData/SalmanCleanerMobile-feedweulbhasgaenidqhausboxfb/Build/Intermediates.noindex/SalmanCleanerMobile.build/Debug-iphoneos/SalmanCleanerMobile.build/Objects-normal/arm64/DuplicatesView.swiftconstvalues -emit-reference-dependencies-path /Users/runner/Library/Developer/Xcode/DerivedData/SalmanCleanerMobile-feedweulbhasgaenidqhausboxfb/Build/Intermediates.noindex/SalmanCleanerMobile.build/Debug-iphoneos/SalmanCleanerMobile.build/Objects-normal/arm64/DuplicatesView.swiftdeps -serialize-diagnostics-path /Users/runner/Library/Developer/Xcode/DerivedData/SalmanCleanerMobile-feedweulbhasgaenidqhausboxfb/Build/Intermediates.noindex/SalmanCleanerMobile.build/Debug-iphoneos/SalmanCleanerMobile.build/Objects-normal/arm64/DuplicatesView.dia -emit-localized-strings -emit-localized-strings-path /Users/runner/Library/Developer/Xcode/DerivedData/SalmanCleanerMobile-feedweulbhasgaenidqhausboxfb/Build/Intermediates.noindex/SalmanCleanerMobile.build/Debug-iphoneos/SalmanCleanerMobile.build/Objects-normal/arm64 -target arm64-apple-ios16.0 -Xllvm -aarch64-use-tbi -enable-objc-interop -stack-check -sdk /Applications/Xcode_15.4.app/Contents/Developer/Platforms/iPhoneOS.platform/Developer/SDKs/iPhoneOS17.5.sdk -I /Users/runner/Library/Developer/Xcode/DerivedData/SalmanCleanerMobile-feedweulbhasgaenidqhausboxfb/Build/Products/Debug-iphoneos -F /Users/runner/Library/Developer/Xcode/DerivedData/SalmanCleanerMobile-feedweulbhasgaenidqhausboxfb/Build/Products/Debug-iphoneos -no-color-diagnostics -enable-testing -g -module-cache-path /Users/runner/Library/Developer/Xcode/DerivedData/ModuleCache.noindex -swift-version 5 -enforce-exclusivity\=checked -Onone -D DEBUG -serialize-debugging-options -const-gather-protocols-file /Users/runner/Library/Developer/Xcode/DerivedData/SalmanCleanerMobile-feedweulbhasgaenidqhausboxfb/Build/Intermediates.noindex/SalmanCleanerMobile.build/Debug-iphoneos/SalmanCleanerMobile.build/Objects-normal/arm64/SalmanCleanerMobile_const_extract_protocols.json -enable-bare-slash-regex -empty-abi-descriptor -validate-clang-modules-once -clang-build-session-file /Users/runner/Library/Developer/Xcode/DerivedData/ModuleCache.noindex/Session.modulevalidation -Xcc -working-directory -Xcc /Users/runner/work/SalmanMacCleaner/SalmanMacCleaner -resource-dir /Applications/Xcode_15.4.app/Contents/Developer/Toolchains/XcodeDefault.xctoolchain/usr/lib/swift -enable-anonymous-context-mangled-names -Xcc -ivfsstatcache -Xcc /Users/runner/Library/Developer/Xcode/DerivedData/SDKStatCaches.noindex/iphoneos17.5-21F77-f0fa7969d082b13145125136a829df3a.sdkstatcache -Xcc -I/Users/runner/Library/Developer/Xcode/DerivedData/SalmanCleanerMobile-feedweulbhasgaenidqhausboxfb/Build/Intermediates.noindex/SalmanCleanerMobile.build/Debug-iphoneos/SalmanCleanerMobile.build/swift-overrides.hmap -Xcc -iquote -Xcc /Users/runner/Library/Developer/Xcode/DerivedData/SalmanCleanerMobile-feedweulbhasgaenidqhausboxfb/Build/Intermediates.noindex/SalmanCleanerMobile.build/Debug-iphoneos/SalmanCleanerMobile.build/SalmanCleanerMobile-generated-files.hmap -Xcc -I/Users/runner/Library/Developer/Xcode/DerivedData/SalmanCleanerMobile-feedweulbhasgaenidqhausboxfb/Build/Intermediates.noindex/SalmanCleanerMobile.build/Debug-iphoneos/SalmanCleanerMobile.build/SalmanCleanerMobile-own-target-headers.hmap -Xcc -I/Users/runner/Library/Developer/Xcode/DerivedData/SalmanCleanerMobile-feedweulbhasgaenidqhausboxfb/Build/Intermediates.noindex/SalmanCleanerMobile.build/Debug-iphoneos/SalmanCleanerMobile.build/SalmanCleanerMobile-all-non-framework-target-headers.hmap -Xcc -ivfsoverlay -Xcc /Users/runner/Library/Developer/Xcode/DerivedData/SalmanCleanerMobile-feedweulbhasgaenidqhausboxfb/Build/Intermediates.noindex/SalmanCleanerMobile.build/Debug-iphoneos/SalmanCleanerMobile.build/all-product-headers.yaml -Xcc -iquote -Xcc /Users/runner/Library/Developer/Xcode/DerivedData/SalmanCleanerMobile-feedweulbhasgaenidqhausboxfb/Build/Intermediates.noindex/SalmanCleanerMobile.build/Debug-iphoneos/SalmanCleanerMobile.build/SalmanCleanerMobile-project-headers.hmap -Xcc -I/Users/runner/Library/Developer/Xcode/DerivedData/SalmanCleanerMobile-feedweulbhasgaenidqhausboxfb/Build/Products/Debug-iphoneos/include -Xcc -I/Users/runner/Library/Developer/Xcode/DerivedData/SalmanCleanerMobile-feedweulbhasgaenidqhausboxfb/Build/Intermediates.noindex/SalmanCleanerMobile.build/Debug-iphoneos/SalmanCleanerMobile.build/DerivedSources-normal/arm64 -Xcc -I/Users/runner/Library/Developer/Xcode/DerivedData/SalmanCleanerMobile-feedweulbhasgaenidqhausboxfb/Build/Intermediates.noindex/SalmanCleanerMobile.build/Debug-iphoneos/SalmanCleanerMobile.build/DerivedSources/arm64 -Xcc -I/Users/runner/Library/Developer/Xcode/DerivedData/SalmanCleanerMobile-feedweulbhasgaenidqhausboxfb/Build/Intermediates.noindex/SalmanCleanerMobile.build/Debug-iphoneos/SalmanCleanerMobile.build/DerivedSources -Xcc -DDEBUG\=1 -module-name SalmanCleanerMobile -frontend-parseable-output -disable-clang-spi -target-sdk-version 17.5 -target-sdk-name iphoneos17.5 -external-plugin-path /Applications/Xcode_15.4.app/Contents/Developer/Platforms/iPhoneOS.platform/Developer/SDKs/iPhoneOS17.5.sdk/usr/lib/swift/host/plugins\#/Applications/Xcode_15.4.app/Contents/Developer/Platforms/iPhoneOS.platform/Developer/SDKs/iPhoneOS17.5.sdk/usr/bin/swift-plugin-server -external-plugin-path /Applications/Xcode_15.4.app/Contents/Developer/Platforms/iPhoneOS.platform/Developer/SDKs/iPhoneOS17.5.sdk/usr/local/lib/swift/host/plugins\#/Applications/Xcode_15.4.app/Contents/Developer/Platforms/iPhoneOS.platform/Developer/SDKs/iPhoneOS17.5.sdk/usr/bin/swift-plugin-server -external-plugin-path /Applications/Xcode_15.4.app/Contents/Developer/Platforms/iPhoneOS.platform/Developer/usr/lib/swift/host/plugins\#/Applications/Xcode_15.4.app/Contents/Developer/Platforms/iPhoneOS.platform/Developer/usr/bin/swift-plugin-server -external-plugin-path /Applications/Xcode_15.4.app/Contents/Developer/Platforms/iPhoneOS.platform/Developer/usr/local/lib/swift/host/plugins\#/Applications/Xcode_15.4.app/Contents/Developer/Platforms/iPhoneOS.platform/Developer/usr/bin/swift-plugin-server -plugin-path /Applications/Xcode_15.4.app/Contents/Developer/Toolchains/XcodeDefault.xctoolchain/usr/lib/swift/host/plugins -plugin-path /Applications/Xcode_15.4.app/Contents/Developer/Toolchains/XcodeDefault.xctoolchain/usr/local/lib/swift/host/plugins -o /Users/runner/Library/Developer/Xcode/DerivedData/SalmanCleanerMobile-feedweulbhasgaenidqhausboxfb/Build/Intermediates.noindex/SalmanCleanerMobile.build/Debug-iphoneos/SalmanCleanerMobile.build/Objects-normal/arm64/ContentView.o -o /Users/runner/Library/Developer/Xcode/DerivedData/SalmanCleanerMobile-feedweulbhasgaenidqhausboxfb/Build/Intermediates.noindex/SalmanCleanerMobile.build/Debug-iphoneos/SalmanCleanerMobile.build/Objects-normal/arm64/DuplicatesView.o -index-unit-output-path /SalmanCleanerMobile.build/Debug-iphoneos/SalmanCleanerMobile.build/Objects-normal/arm64/ContentView.o -index-unit-output-path /SalmanCleanerMobile.build/Debug-iphoneos/SalmanCleanerMobile.build/Objects-normal/arm64/DuplicatesView.o -index-store-path /Users/runner/Library/Developer/Xcode/DerivedData/SalmanCleanerMobile-feedweulbhasgaenidqhausboxfb/Index.noindex/DataStore -index-system-modules

SwiftCompile normal arm64 /Users/runner/work/SalmanMacCleaner/SalmanMacCleaner/SalmanCleanerMobile/DuplicatesView.swift (in target 'SalmanCleanerMobile' from project 'SalmanCleanerMobile')
    cd /Users/runner/work/SalmanMacCleaner/SalmanMacCleaner
    /Applications/Xcode_15.4.app/Contents/Developer/Toolchains/XcodeDefault.xctoolchain/usr/bin/swift-frontend -c -primary-file /Users/runner/work/SalmanMacCleaner/SalmanMacCleaner/SalmanCleanerMobile/ContentView.swift -primary-file /Users/runner/work/SalmanMacCleaner/SalmanMacCleaner/SalmanCleanerMobile/DuplicatesView.swift /Users/runner/work/SalmanMacCleaner/SalmanMacCleaner/SalmanCleanerMobile/LargeMediaView.swift /Users/runner/work/SalmanMacCleaner/SalmanMacCleaner/SalmanCleanerMobile/PhotoManager.swift /Users/runner/work/SalmanMacCleaner/SalmanMacCleaner/SalmanCleanerMobile/SalmanCleanerMobileApp.swift /Users/runner/Library/Developer/Xcode/DerivedData/SalmanCleanerMobile-feedweulbhasgaenidqhausboxfb/Build/Intermediates.noindex/SalmanCleanerMobile.build/Debug-iphoneos/SalmanCleanerMobile.build/DerivedSources/GeneratedAssetSymbols.swift -emit-dependencies-path /Users/runner/Library/Developer/Xcode/DerivedData/SalmanCleanerMobile-feedweulbhasgaenidqhausboxfb/Build/Intermediates.noindex/SalmanCleanerMobile.build/Debug-iphoneos/SalmanCleanerMobile.build/Objects-normal/arm64/ContentView.d -emit-const-values-path /Users/runner/Library/Developer/Xcode/DerivedData/SalmanCleanerMobile-feedweulbhasgaenidqhausboxfb/Build/Intermediates.noindex/SalmanCleanerMobile.build/Debug-iphoneos/SalmanCleanerMobile.build/Objects-normal/arm64/ContentView.swiftconstvalues -emit-reference-dependencies-path /Users/runner/Library/Developer/Xcode/DerivedData/SalmanCleanerMobile-feedweulbhasgaenidqhausboxfb/Build/Intermediates.noindex/SalmanCleanerMobile.build/Debug-iphoneos/SalmanCleanerMobile.build/Objects-normal/arm64/ContentView.swiftdeps -serialize-diagnostics-path /Users/runner/Library/Developer/Xcode/DerivedData/SalmanCleanerMobile-feedweulbhasgaenidqhausboxfb/Build/Intermediates.noindex/SalmanCleanerMobile.build/Debug-iphoneos/SalmanCleanerMobile.build/Objects-normal/arm64/ContentView.dia -emit-dependencies-path /Users/runner/Library/Developer/Xcode/DerivedData/SalmanCleanerMobile-feedweulbhasgaenidqhausboxfb/Build/Intermediates.noindex/SalmanCleanerMobile.build/Debug-iphoneos/SalmanCleanerMobile.build/Objects-normal/arm64/DuplicatesView.d -emit-const-values-path /Users/runner/Library/Developer/Xcode/DerivedData/SalmanCleanerMobile-feedweulbhasgaenidqhausboxfb/Build/Intermediates.noindex/SalmanCleanerMobile.build/Debug-iphoneos/SalmanCleanerMobile.build/Objects-normal/arm64/DuplicatesView.swiftconstvalues -emit-reference-dependencies-path /Users/runner/Library/Developer/Xcode/DerivedData/SalmanCleanerMobile-feedweulbhasgaenidqhausboxfb/Build/Intermediates.noindex/SalmanCleanerMobile.build/Debug-iphoneos/SalmanCleanerMobile.build/Objects-normal/arm64/DuplicatesView.swiftdeps -serialize-diagnostics-path /Users/runner/Library/Developer/Xcode/DerivedData/SalmanCleanerMobile-feedweulbhasgaenidqhausboxfb/Build/Intermediates.noindex/SalmanCleanerMobile.build/Debug-iphoneos/SalmanCleanerMobile.build/Objects-normal/arm64/DuplicatesView.dia -emit-localized-strings -emit-localized-strings-path /Users/runner/Library/Developer/Xcode/DerivedData/SalmanCleanerMobile-feedweulbhasgaenidqhausboxfb/Build/Intermediates.noindex/SalmanCleanerMobile.build/Debug-iphoneos/SalmanCleanerMobile.build/Objects-normal/arm64 -target arm64-apple-ios16.0 -Xllvm -aarch64-use-tbi -enable-objc-interop -stack-check -sdk /Applications/Xcode_15.4.app/Contents/Developer/Platforms/iPhoneOS.platform/Developer/SDKs/iPhoneOS17.5.sdk -I /Users/runner/Library/Developer/Xcode/DerivedData/SalmanCleanerMobile-feedweulbhasgaenidqhausboxfb/Build/Products/Debug-iphoneos -F /Users/runner/Library/Developer/Xcode/DerivedData/SalmanCleanerMobile-feedweulbhasgaenidqhausboxfb/Build/Products/Debug-iphoneos -no-color-diagnostics -enable-testing -g -module-cache-path /Users/runner/Library/Developer/Xcode/DerivedData/ModuleCache.noindex -swift-version 5 -enforce-exclusivity\=checked -Onone -D DEBUG -serialize-debugging-options -const-gather-protocols-file /Users/runner/Library/Developer/Xcode/DerivedData/SalmanCleanerMobile-feedweulbhasgaenidqhausboxfb/Build/Intermediates.noindex/SalmanCleanerMobile.build/Debug-iphoneos/SalmanCleanerMobile.build/Objects-normal/arm64/SalmanCleanerMobile_const_extract_protocols.json -enable-bare-slash-regex -empty-abi-descriptor -validate-clang-modules-once -clang-build-session-file /Users/runner/Library/Developer/Xcode/DerivedData/ModuleCache.noindex/Session.modulevalidation -Xcc -working-directory -Xcc /Users/runner/work/SalmanMacCleaner/SalmanMacCleaner -resource-dir /Applications/Xcode_15.4.app/Contents/Developer/Toolchains/XcodeDefault.xctoolchain/usr/lib/swift -enable-anonymous-context-mangled-names -Xcc -ivfsstatcache -Xcc /Users/runner/Library/Developer/Xcode/DerivedData/SDKStatCaches.noindex/iphoneos17.5-21F77-f0fa7969d082b13145125136a829df3a.sdkstatcache -Xcc -I/Users/runner/Library/Developer/Xcode/DerivedData/SalmanCleanerMobile-feedweulbhasgaenidqhausboxfb/Build/Intermediates.noindex/SalmanCleanerMobile.build/Debug-iphoneos/SalmanCleanerMobile.build/swift-overrides.hmap -Xcc -iquote -Xcc /Users/runner/Library/Developer/Xcode/DerivedData/SalmanCleanerMobile-feedweulbhasgaenidqhausboxfb/Build/Intermediates.noindex/SalmanCleanerMobile.build/Debug-iphoneos/SalmanCleanerMobile.build/SalmanCleanerMobile-generated-files.hmap -Xcc -I/Users/runner/Library/Developer/Xcode/DerivedData/SalmanCleanerMobile-feedweulbhasgaenidqhausboxfb/Build/Intermediates.noindex/SalmanCleanerMobile.build/Debug-iphoneos/SalmanCleanerMobile.build/SalmanCleanerMobile-own-target-headers.hmap -Xcc -I/Users/runner/Library/Developer/Xcode/DerivedData/SalmanCleanerMobile-feedweulbhasgaenidqhausboxfb/Build/Intermediates.noindex/SalmanCleanerMobile.build/Debug-iphoneos/SalmanCleanerMobile.build/SalmanCleanerMobile-all-non-framework-target-headers.hmap -Xcc -ivfsoverlay -Xcc /Users/runner/Library/Developer/Xcode/DerivedData/SalmanCleanerMobile-feedweulbhasgaenidqhausboxfb/Build/Intermediates.noindex/SalmanCleanerMobile.build/Debug-iphoneos/SalmanCleanerMobile.build/all-product-headers.yaml -Xcc -iquote -Xcc /Users/runner/Library/Developer/Xcode/DerivedData/SalmanCleanerMobile-feedweulbhasgaenidqhausboxfb/Build/Intermediates.noindex/SalmanCleanerMobile.build/Debug-iphoneos/SalmanCleanerMobile.build/SalmanCleanerMobile-project-headers.hmap -Xcc -I/Users/runner/Library/Developer/Xcode/DerivedData/SalmanCleanerMobile-feedweulbhasgaenidqhausboxfb/Build/Products/Debug-iphoneos/include -Xcc -I/Users/runner/Library/Developer/Xcode/DerivedData/SalmanCleanerMobile-feedweulbhasgaenidqhausboxfb/Build/Intermediates.noindex/SalmanCleanerMobile.build/Debug-iphoneos/SalmanCleanerMobile.build/DerivedSources-normal/arm64 -Xcc -I/Users/runner/Library/Developer/Xcode/DerivedData/SalmanCleanerMobile-feedweulbhasgaenidqhausboxfb/Build/Intermediates.noindex/SalmanCleanerMobile.build/Debug-iphoneos/SalmanCleanerMobile.build/DerivedSources/arm64 -Xcc -I/Users/runner/Library/Developer/Xcode/DerivedData/SalmanCleanerMobile-feedweulbhasgaenidqhausboxfb/Build/Intermediates.noindex/SalmanCleanerMobile.build/Debug-iphoneos/SalmanCleanerMobile.build/DerivedSources -Xcc -DDEBUG\=1 -module-name SalmanCleanerMobile -frontend-parseable-output -disable-clang-spi -target-sdk-version 17.5 -target-sdk-name iphoneos17.5 -external-plugin-path /Applications/Xcode_15.4.app/Contents/Developer/Platforms/iPhoneOS.platform/Developer/SDKs/iPhoneOS17.5.sdk/usr/lib/swift/host/plugins\#/Applications/Xcode_15.4.app/Contents/Developer/Platforms/iPhoneOS.platform/Developer/SDKs/iPhoneOS17.5.sdk/usr/bin/swift-plugin-server -external-plugin-path /Applications/Xcode_15.4.app/Contents/Developer/Platforms/iPhoneOS.platform/Developer/SDKs/iPhoneOS17.5.sdk/usr/local/lib/swift/host/plugins\#/Applications/Xcode_15.4.app/Contents/Developer/Platforms/iPhoneOS.platform/Developer/SDKs/iPhoneOS17.5.sdk/usr/bin/swift-plugin-server -external-plugin-path /Applications/Xcode_15.4.app/Contents/Developer/Platforms/iPhoneOS.platform/Developer/usr/lib/swift/host/plugins\#/Applications/Xcode_15.4.app/Contents/Developer/Platforms/iPhoneOS.platform/Developer/usr/bin/swift-plugin-server -external-plugin-path /Applications/Xcode_15.4.app/Contents/Developer/Platforms/iPhoneOS.platform/Developer/usr/local/lib/swift/host/plugins\#/Applications/Xcode_15.4.app/Contents/Developer/Platforms/iPhoneOS.platform/Developer/usr/bin/swift-plugin-server -plugin-path /Applications/Xcode_15.4.app/Contents/Developer/Toolchains/XcodeDefault.xctoolchain/usr/lib/swift/host/plugins -plugin-path /Applications/Xcode_15.4.app/Contents/Developer/Toolchains/XcodeDefault.xctoolchain/usr/local/lib/swift/host/plugins -o /Users/runner/Library/Developer/Xcode/DerivedData/SalmanCleanerMobile-feedweulbhasgaenidqhausboxfb/Build/Intermediates.noindex/SalmanCleanerMobile.build/Debug-iphoneos/SalmanCleanerMobile.build/Objects-normal/arm64/ContentView.o -o /Users/runner/Library/Developer/Xcode/DerivedData/SalmanCleanerMobile-feedweulbhasgaenidqhausboxfb/Build/Intermediates.noindex/SalmanCleanerMobile.build/Debug-iphoneos/SalmanCleanerMobile.build/Objects-normal/arm64/DuplicatesView.o -index-unit-output-path /SalmanCleanerMobile.build/Debug-iphoneos/SalmanCleanerMobile.build/Objects-normal/arm64/ContentView.o -index-unit-output-path /SalmanCleanerMobile.build/Debug-iphoneos/SalmanCleanerMobile.build/Objects-normal/arm64/DuplicatesView.o -index-store-path /Users/runner/Library/Developer/Xcode/DerivedData/SalmanCleanerMobile-feedweulbhasgaenidqhausboxfb/Index.noindex/DataStore -index-system-modules

SwiftDriverJobDiscovery normal arm64 Emitting module for SalmanCleanerMobile (in target 'SalmanCleanerMobile' from project 'SalmanCleanerMobile')

SwiftDriver\ Compilation\ Requirements SalmanCleanerMobile normal arm64 com.apple.xcode.tools.swift.compiler (in target 'SalmanCleanerMobile' from project 'SalmanCleanerMobile')
    cd /Users/runner/work/SalmanMacCleaner/SalmanMacCleaner
    builtin-Swift-Compilation-Requirements -- /Applications/Xcode_15.4.app/Contents/Developer/Toolchains/XcodeDefault.xctoolchain/usr/bin/swiftc -module-name SalmanCleanerMobile -Onone -enforce-exclusivity\=checked @/Users/runner/Library/Developer/Xcode/DerivedData/SalmanCleanerMobile-feedweulbhasgaenidqhausboxfb/Build/Intermediates.noindex/SalmanCleanerMobile.build/Debug-iphoneos/SalmanCleanerMobile.build/Objects-normal/arm64/SalmanCleanerMobile.SwiftFileList -DDEBUG -sdk /Applications/Xcode_15.4.app/Contents/Developer/Platforms/iPhoneOS.platform/Developer/SDKs/iPhoneOS17.5.sdk -target arm64-apple-ios16.0 -enable-bare-slash-regex -g -module-cache-path /Users/runner/Library/Developer/Xcode/DerivedData/ModuleCache.noindex -Xfrontend -serialize-debugging-options -enable-testing -index-store-path /Users/runner/Library/Developer/Xcode/DerivedData/SalmanCleanerMobile-feedweulbhasgaenidqhausboxfb/Index.noindex/DataStore -swift-version 5 -I /Users/runner/Library/Developer/Xcode/DerivedData/SalmanCleanerMobile-feedweulbhasgaenidqhausboxfb/Build/Products/Debug-iphoneos -F /Users/runner/Library/Developer/Xcode/DerivedData/SalmanCleanerMobile-feedweulbhasgaenidqhausboxfb/Build/Products/Debug-iphoneos -emit-localized-strings -emit-localized-strings-path /Users/runner/Library/Developer/Xcode/DerivedData/SalmanCleanerMobile-feedweulbhasgaenidqhausboxfb/Build/Intermediates.noindex/SalmanCleanerMobile.build/Debug-iphoneos/SalmanCleanerMobile.build/Objects-normal/arm64 -c -j3 -enable-batch-mode -incremental -Xcc -ivfsstatcache -Xcc /Users/runner/Library/Developer/Xcode/DerivedData/SDKStatCaches.noindex/iphoneos17.5-21F77-f0fa7969d082b13145125136a829df3a.sdkstatcache -output-file-map /Users/runner/Library/Developer/Xcode/DerivedData/SalmanCleanerMobile-feedweulbhasgaenidqhausboxfb/Build/Intermediates.noindex/SalmanCleanerMobile.build/Debug-iphoneos/SalmanCleanerMobile.build/Objects-normal/arm64/SalmanCleanerMobile-OutputFileMap.json -use-frontend-parseable-output -save-temps -no-color-diagnostics -serialize-diagnostics -emit-dependencies -emit-module -emit-module-path /Users/runner/Library/Developer/Xcode/DerivedData/SalmanCleanerMobile-feedweulbhasgaenidqhausboxfb/Build/Intermediates.noindex/SalmanCleanerMobile.build/Debug-iphoneos/SalmanCleanerMobile.build/Objects-normal/arm64/SalmanCleanerMobile.swiftmodule -validate-clang-modules-once -clang-build-session-file /Users/runner/Library/Developer/Xcode/DerivedData/ModuleCache.noindex/Session.modulevalidation -Xcc -I/Users/runner/Library/Developer/Xcode/DerivedData/SalmanCleanerMobile-feedweulbhasgaenidqhausboxfb/Build/Intermediates.noindex/SalmanCleanerMobile.build/Debug-iphoneos/SalmanCleanerMobile.build/swift-overrides.hmap -emit-const-values -Xfrontend -const-gather-protocols-file -Xfrontend /Users/runner/Library/Developer/Xcode/DerivedData/SalmanCleanerMobile-feedweulbhasgaenidqhausboxfb/Build/Intermediates.noindex/SalmanCleanerMobile.build/Debug-iphoneos/SalmanCleanerMobile.build/Objects-normal/arm64/SalmanCleanerMobile_const_extract_protocols.json -Xcc -iquote -Xcc /Users/runner/Library/Developer/Xcode/DerivedData/SalmanCleanerMobile-feedweulbhasgaenidqhausboxfb/Build/Intermediates.noindex/SalmanCleanerMobile.build/Debug-iphoneos/SalmanCleanerMobile.build/SalmanCleanerMobile-generated-files.hmap -Xcc -I/Users/runner/Library/Developer/Xcode/DerivedData/SalmanCleanerMobile-feedweulbhasgaenidqhausboxfb/Build/Intermediates.noindex/SalmanCleanerMobile.build/Debug-iphoneos/SalmanCleanerMobile.build/SalmanCleanerMobile-own-target-headers.hmap -Xcc -I/Users/runner/Library/Developer/Xcode/DerivedData/SalmanCleanerMobile-feedweulbhasgaenidqhausboxfb/Build/Intermediates.noindex/SalmanCleanerMobile.build/Debug-iphoneos/SalmanCleanerMobile.build/SalmanCleanerMobile-all-non-framework-target-headers.hmap -Xcc -ivfsoverlay -Xcc /Users/runner/Library/Developer/Xcode/DerivedData/SalmanCleanerMobile-feedweulbhasgaenidqhausboxfb/Build/Intermediates.noindex/SalmanCleanerMobile.build/Debug-iphoneos/SalmanCleanerMobile.build/all-product-headers.yaml -Xcc -iquote -Xcc /Users/runner/Library/Developer/Xcode/DerivedData/SalmanCleanerMobile-feedweulbhasgaenidqhausboxfb/Build/Intermediates.noindex/SalmanCleanerMobile.build/Debug-iphoneos/SalmanCleanerMobile.build/SalmanCleanerMobile-project-headers.hmap -Xcc -I/Users/runner/Library/Developer/Xcode/DerivedData/SalmanCleanerMobile-feedweulbhasgaenidqhausboxfb/Build/Products/Debug-iphoneos/include -Xcc -I/Users/runner/Library/Developer/Xcode/DerivedData/SalmanCleanerMobile-feedweulbhasgaenidqhausboxfb/Build/Intermediates.noindex/SalmanCleanerMobile.build/Debug-iphoneos/SalmanCleanerMobile.build/DerivedSources-normal/arm64 -Xcc -I/Users/runner/Library/Developer/Xcode/DerivedData/SalmanCleanerMobile-feedweulbhasgaenidqhausboxfb/Build/Intermediates.noindex/SalmanCleanerMobile.build/Debug-iphoneos/SalmanCleanerMobile.build/DerivedSources/arm64 -Xcc -I/Users/runner/Library/Developer/Xcode/DerivedData/SalmanCleanerMobile-feedweulbhasgaenidqhausboxfb/Build/Intermediates.noindex/SalmanCleanerMobile.build/Debug-iphoneos/SalmanCleanerMobile.build/DerivedSources -Xcc -DDEBUG\=1 -emit-objc-header -emit-objc-header-path /Users/runner/Library/Developer/Xcode/DerivedData/SalmanCleanerMobile-feedweulbhasgaenidqhausboxfb/Build/Intermediates.noindex/SalmanCleanerMobile.build/Debug-iphoneos/SalmanCleanerMobile.build/Objects-normal/arm64/SalmanCleanerMobile-Swift.h -working-directory /Users/runner/work/SalmanMacCleaner/SalmanMacCleaner -experimental-emit-module-separately -disable-cmo

SwiftDriverJobDiscovery normal arm64 Compiling SalmanCleanerMobileApp.swift, GeneratedAssetSymbols.swift (in target 'SalmanCleanerMobile' from project 'SalmanCleanerMobile')

SwiftDriverJobDiscovery normal arm64 Compiling LargeMediaView.swift, PhotoManager.swift (in target 'SalmanCleanerMobile' from project 'SalmanCleanerMobile')

SwiftMergeGeneratedHeaders /Users/runner/Library/Developer/Xcode/DerivedData/SalmanCleanerMobile-feedweulbhasgaenidqhausboxfb/Build/Intermediates.noindex/SalmanCleanerMobile.build/Debug-iphoneos/SalmanCleanerMobile.build/DerivedSources/SalmanCleanerMobile-Swift.h /Users/runner/Library/Developer/Xcode/DerivedData/SalmanCleanerMobile-feedweulbhasgaenidqhausboxfb/Build/Intermediates.noindex/SalmanCleanerMobile.build/Debug-iphoneos/SalmanCleanerMobile.build/Objects-normal/arm64/SalmanCleanerMobile-Swift.h (in target 'SalmanCleanerMobile' from project 'SalmanCleanerMobile')
    cd /Users/runner/work/SalmanMacCleaner/SalmanMacCleaner
    builtin-swiftHeaderTool -arch arm64 /Users/runner/Library/Developer/Xcode/DerivedData/SalmanCleanerMobile-feedweulbhasgaenidqhausboxfb/Build/Intermediates.noindex/SalmanCleanerMobile.build/Debug-iphoneos/SalmanCleanerMobile.build/Objects-normal/arm64/SalmanCleanerMobile-Swift.h -o /Users/runner/Library/Developer/Xcode/DerivedData/SalmanCleanerMobile-feedweulbhasgaenidqhausboxfb/Build/Intermediates.noindex/SalmanCleanerMobile.build/Debug-iphoneos/SalmanCleanerMobile.build/DerivedSources/SalmanCleanerMobile-Swift.h

Copy /Users/runner/Library/Developer/Xcode/DerivedData/SalmanCleanerMobile-feedweulbhasgaenidqhausboxfb/Build/Products/Debug-iphoneos/SalmanCleanerMobile.swiftmodule/arm64-apple-ios.swiftmodule /Users/runner/Library/Developer/Xcode/DerivedData/SalmanCleanerMobile-feedweulbhasgaenidqhausboxfb/Build/Intermediates.noindex/SalmanCleanerMobile.build/Debug-iphoneos/SalmanCleanerMobile.build/Objects-normal/arm64/SalmanCleanerMobile.swiftmodule (in target 'SalmanCleanerMobile' from project 'SalmanCleanerMobile')
    cd /Users/runner/work/SalmanMacCleaner/SalmanMacCleaner
    builtin-copy -exclude .DS_Store -exclude CVS -exclude .svn -exclude .git -exclude .hg -resolve-src-symlinks -rename /Users/runner/Library/Developer/Xcode/DerivedData/SalmanCleanerMobile-feedweulbhasgaenidqhausboxfb/Build/Intermediates.noindex/SalmanCleanerMobile.build/Debug-iphoneos/SalmanCleanerMobile.build/Objects-normal/arm64/SalmanCleanerMobile.swiftmodule /Users/runner/Library/Developer/Xcode/DerivedData/SalmanCleanerMobile-feedweulbhasgaenidqhausboxfb/Build/Products/Debug-iphoneos/SalmanCleanerMobile.swiftmodule/arm64-apple-ios.swiftmodule

Copy /Users/runner/Library/Developer/Xcode/DerivedData/SalmanCleanerMobile-feedweulbhasgaenidqhausboxfb/Build/Products/Debug-iphoneos/SalmanCleanerMobile.swiftmodule/arm64-apple-ios.swiftdoc /Users/runner/Library/Developer/Xcode/DerivedData/SalmanCleanerMobile-feedweulbhasgaenidqhausboxfb/Build/Intermediates.noindex/SalmanCleanerMobile.build/Debug-iphoneos/SalmanCleanerMobile.build/Objects-normal/arm64/SalmanCleanerMobile.swiftdoc (in target 'SalmanCleanerMobile' from project 'SalmanCleanerMobile')
    cd /Users/runner/work/SalmanMacCleaner/SalmanMacCleaner
    builtin-copy -exclude .DS_Store -exclude CVS -exclude .svn -exclude .git -exclude .hg -resolve-src-symlinks -rename /Users/runner/Library/Developer/Xcode/DerivedData/SalmanCleanerMobile-feedweulbhasgaenidqhausboxfb/Build/Intermediates.noindex/SalmanCleanerMobile.build/Debug-iphoneos/SalmanCleanerMobile.build/Objects-normal/arm64/SalmanCleanerMobile.swiftdoc /Users/runner/Library/Developer/Xcode/DerivedData/SalmanCleanerMobile-feedweulbhasgaenidqhausboxfb/Build/Products/Debug-iphoneos/SalmanCleanerMobile.swiftmodule/arm64-apple-ios.swiftdoc

Copy /Users/runner/Library/Developer/Xcode/DerivedData/SalmanCleanerMobile-feedweulbhasgaenidqhausboxfb/Build/Products/Debug-iphoneos/SalmanCleanerMobile.swiftmodule/arm64-apple-ios.abi.json /Users/runner/Library/Developer/Xcode/DerivedData/SalmanCleanerMobile-feedweulbhasgaenidqhausboxfb/Build/Intermediates.noindex/SalmanCleanerMobile.build/Debug-iphoneos/SalmanCleanerMobile.build/Objects-normal/arm64/SalmanCleanerMobile.abi.json (in target 'SalmanCleanerMobile' from project 'SalmanCleanerMobile')
    cd /Users/runner/work/SalmanMacCleaner/SalmanMacCleaner
    builtin-copy -exclude .DS_Store -exclude CVS -exclude .svn -exclude .git -exclude .hg -resolve-src-symlinks -rename /Users/runner/Library/Developer/Xcode/DerivedData/SalmanCleanerMobile-feedweulbhasgaenidqhausboxfb/Build/Intermediates.noindex/SalmanCleanerMobile.build/Debug-iphoneos/SalmanCleanerMobile.build/Objects-normal/arm64/SalmanCleanerMobile.abi.json /Users/runner/Library/Developer/Xcode/DerivedData/SalmanCleanerMobile-feedweulbhasgaenidqhausboxfb/Build/Products/Debug-iphoneos/SalmanCleanerMobile.swiftmodule/arm64-apple-ios.abi.json

Copy /Users/runner/Library/Developer/Xcode/DerivedData/SalmanCleanerMobile-feedweulbhasgaenidqhausboxfb/Build/Products/Debug-iphoneos/SalmanCleanerMobile.swiftmodule/Project/arm64-apple-ios.swiftsourceinfo /Users/runner/Library/Developer/Xcode/DerivedData/SalmanCleanerMobile-feedweulbhasgaenidqhausboxfb/Build/Intermediates.noindex/SalmanCleanerMobile.build/Debug-iphoneos/SalmanCleanerMobile.build/Objects-normal/arm64/SalmanCleanerMobile.swiftsourceinfo (in target 'SalmanCleanerMobile' from project 'SalmanCleanerMobile')
    cd /Users/runner/work/SalmanMacCleaner/SalmanMacCleaner
    builtin-copy -exclude .DS_Store -exclude CVS -exclude .svn -exclude .git -exclude .hg -resolve-src-symlinks -rename /Users/runner/Library/Developer/Xcode/DerivedData/SalmanCleanerMobile-feedweulbhasgaenidqhausboxfb/Build/Intermediates.noindex/SalmanCleanerMobile.build/Debug-iphoneos/SalmanCleanerMobile.build/Objects-normal/arm64/SalmanCleanerMobile.swiftsourceinfo /Users/runner/Library/Developer/Xcode/DerivedData/SalmanCleanerMobile-feedweulbhasgaenidqhausboxfb/Build/Products/Debug-iphoneos/SalmanCleanerMobile.swiftmodule/Project/arm64-apple-ios.swiftsourceinfo

WriteAuxiliaryFile /Users/runner/Library/Developer/Xcode/DerivedData/SalmanCleanerMobile-feedweulbhasgaenidqhausboxfb/Build/Intermediates.noindex/SalmanCleanerMobile.build/Debug-maccatalyst/SalmanCleanerMobileTests.build/SalmanCleanerMobileTests.hmap (in target 'SalmanCleanerMobileTests' from project 'SalmanCleanerMobile')
    cd /Users/runner/work/SalmanMacCleaner/SalmanMacCleaner
    write-file /Users/runner/Library/Developer/Xcode/DerivedData/SalmanCleanerMobile-feedweulbhasgaenidqhausboxfb/Build/Intermediates.noindex/SalmanCleanerMobile.build/Debug-maccatalyst/SalmanCleanerMobileTests.build/SalmanCleanerMobileTests.hmap

WriteAuxiliaryFile /Users/runner/Library/Developer/Xcode/DerivedData/SalmanCleanerMobile-feedweulbhasgaenidqhausboxfb/Build/Intermediates.noindex/SalmanCleanerMobile.build/Debug-maccatalyst/SalmanCleanerMobileTests.build/all-product-headers.yaml (in target 'SalmanCleanerMobileTests' from project 'SalmanCleanerMobile')
    cd /Users/runner/work/SalmanMacCleaner/SalmanMacCleaner
    write-file /Users/runner/Library/Developer/Xcode/DerivedData/SalmanCleanerMobile-feedweulbhasgaenidqhausboxfb/Build/Intermediates.noindex/SalmanCleanerMobile.build/Debug-maccatalyst/SalmanCleanerMobileTests.build/all-product-headers.yaml

WriteAuxiliaryFile /Users/runner/Library/Developer/Xcode/DerivedData/SalmanCleanerMobile-feedweulbhasgaenidqhausboxfb/Build/Intermediates.noindex/SalmanCleanerMobile.build/Debug-maccatalyst/SalmanCleanerMobileTests.build/SalmanCleanerMobileTests-project-headers.hmap (in target 'SalmanCleanerMobileTests' from project 'SalmanCleanerMobile')
    cd /Users/runner/work/SalmanMacCleaner/SalmanMacCleaner
    write-file /Users/runner/Library/Developer/Xcode/DerivedData/SalmanCleanerMobile-feedweulbhasgaenidqhausboxfb/Build/Intermediates.noindex/SalmanCleanerMobile.build/Debug-maccatalyst/SalmanCleanerMobileTests.build/SalmanCleanerMobileTests-project-headers.hmap

WriteAuxiliaryFile /Users/runner/Library/Developer/Xcode/DerivedData/SalmanCleanerMobile-feedweulbhasgaenidqhausboxfb/Build/Intermediates.noindex/SalmanCleanerMobile.build/Debug-maccatalyst/SalmanCleanerMobileTests.build/SalmanCleanerMobileTests-own-target-headers.hmap (in target 'SalmanCleanerMobileTests' from project 'SalmanCleanerMobile')
    cd /Users/runner/work/SalmanMacCleaner/SalmanMacCleaner
    write-file /Users/runner/Library/Developer/Xcode/DerivedData/SalmanCleanerMobile-feedweulbhasgaenidqhausboxfb/Build/Intermediates.noindex/SalmanCleanerMobile.build/Debug-maccatalyst/SalmanCleanerMobileTests.build/SalmanCleanerMobileTests-own-target-headers.hmap

WriteAuxiliaryFile /Users/runner/Library/Developer/Xcode/DerivedData/SalmanCleanerMobile-feedweulbhasgaenidqhausboxfb/Build/Intermediates.noindex/SalmanCleanerMobile.build/Debug-maccatalyst/SalmanCleanerMobileTests.build/SalmanCleanerMobileTests-generated-files.hmap (in target 'SalmanCleanerMobileTests' from project 'SalmanCleanerMobile')
    cd /Users/runner/work/SalmanMacCleaner/SalmanMacCleaner
    write-file /Users/runner/Library/Developer/Xcode/DerivedData/SalmanCleanerMobile-feedweulbhasgaenidqhausboxfb/Build/Intermediates.noindex/SalmanCleanerMobile.build/Debug-maccatalyst/SalmanCleanerMobileTests.build/SalmanCleanerMobileTests-generated-files.hmap

WriteAuxiliaryFile /Users/runner/Library/Developer/Xcode/DerivedData/SalmanCleanerMobile-feedweulbhasgaenidqhausboxfb/Build/Intermediates.noindex/SalmanCleanerMobile.build/Debug-maccatalyst/SalmanCleanerMobileTests.build/SalmanCleanerMobileTests-all-target-headers.hmap (in target 'SalmanCleanerMobileTests' from project 'SalmanCleanerMobile')
    cd /Users/runner/work/SalmanMacCleaner/SalmanMacCleaner
    write-file /Users/runner/Library/Developer/Xcode/DerivedData/SalmanCleanerMobile-feedweulbhasgaenidqhausboxfb/Build/Intermediates.noindex/SalmanCleanerMobile.build/Debug-maccatalyst/SalmanCleanerMobileTests.build/SalmanCleanerMobileTests-all-target-headers.hmap

WriteAuxiliaryFile /Users/runner/Library/Developer/Xcode/DerivedData/SalmanCleanerMobile-feedweulbhasgaenidqhausboxfb/Build/Intermediates.noindex/SalmanCleanerMobile.build/Debug-maccatalyst/SalmanCleanerMobileTests.build/SalmanCleanerMobileTests-all-non-framework-target-headers.hmap (in target 'SalmanCleanerMobileTests' from project 'SalmanCleanerMobile')
    cd /Users/runner/work/SalmanMacCleaner/SalmanMacCleaner
    write-file /Users/runner/Library/Developer/Xcode/DerivedData/SalmanCleanerMobile-feedweulbhasgaenidqhausboxfb/Build/Intermediates.noindex/SalmanCleanerMobile.build/Debug-maccatalyst/SalmanCleanerMobileTests.build/SalmanCleanerMobileTests-all-non-framework-target-headers.hmap

WriteAuxiliaryFile /Users/runner/Library/Developer/Xcode/DerivedData/SalmanCleanerMobile-feedweulbhasgaenidqhausboxfb/Build/Intermediates.noindex/SalmanCleanerMobile.build/Debug-maccatalyst/SalmanCleanerMobileTests.build/Objects-normal/x86_64/SalmanCleanerMobileTests_const_extract_protocols.json (in target 'SalmanCleanerMobileTests' from project 'SalmanCleanerMobile')
    cd /Users/runner/work/SalmanMacCleaner/SalmanMacCleaner
    write-file /Users/runner/Library/Developer/Xcode/DerivedData/SalmanCleanerMobile-feedweulbhasgaenidqhausboxfb/Build/Intermediates.noindex/SalmanCleanerMobile.build/Debug-maccatalyst/SalmanCleanerMobileTests.build/Objects-normal/x86_64/SalmanCleanerMobileTests_const_extract_protocols.json

WriteAuxiliaryFile /Users/runner/Library/Developer/Xcode/DerivedData/SalmanCleanerMobile-feedweulbhasgaenidqhausboxfb/Build/Intermediates.noindex/SalmanCleanerMobile.build/Debug-maccatalyst/SalmanCleanerMobileTests.build/Objects-normal/x86_64/SalmanCleanerMobileTests.SwiftFileList (in target 'SalmanCleanerMobileTests' from project 'SalmanCleanerMobile')
    cd /Users/runner/work/SalmanMacCleaner/SalmanMacCleaner
    write-file /Users/runner/Library/Developer/Xcode/DerivedData/SalmanCleanerMobile-feedweulbhasgaenidqhausboxfb/Build/Intermediates.noindex/SalmanCleanerMobile.build/Debug-maccatalyst/SalmanCleanerMobileTests.build/Objects-normal/x86_64/SalmanCleanerMobileTests.SwiftFileList

WriteAuxiliaryFile /Users/runner/Library/Developer/Xcode/DerivedData/SalmanCleanerMobile-feedweulbhasgaenidqhausboxfb/Build/Intermediates.noindex/SalmanCleanerMobile.build/Debug-maccatalyst/SalmanCleanerMobileTests.build/Objects-normal/x86_64/SalmanCleanerMobileTests-OutputFileMap.json (in target 'SalmanCleanerMobileTests' from project 'SalmanCleanerMobile')
    cd /Users/runner/work/SalmanMacCleaner/SalmanMacCleaner
    write-file /Users/runner/Library/Developer/Xcode/DerivedData/SalmanCleanerMobile-feedweulbhasgaenidqhausboxfb/Build/Intermediates.noindex/SalmanCleanerMobile.build/Debug-maccatalyst/SalmanCleanerMobileTests.build/Objects-normal/x86_64/SalmanCleanerMobileTests-OutputFileMap.json

WriteAuxiliaryFile /Users/runner/Library/Developer/Xcode/DerivedData/SalmanCleanerMobile-feedweulbhasgaenidqhausboxfb/Build/Intermediates.noindex/SalmanCleanerMobile.build/Debug-maccatalyst/SalmanCleanerMobileTests.build/Objects-normal/arm64/SalmanCleanerMobileTests_const_extract_protocols.json (in target 'SalmanCleanerMobileTests' from project 'SalmanCleanerMobile')
    cd /Users/runner/work/SalmanMacCleaner/SalmanMacCleaner
    write-file /Users/runner/Library/Developer/Xcode/DerivedData/SalmanCleanerMobile-feedweulbhasgaenidqhausboxfb/Build/Intermediates.noindex/SalmanCleanerMobile.build/Debug-maccatalyst/SalmanCleanerMobileTests.build/Objects-normal/arm64/SalmanCleanerMobileTests_const_extract_protocols.json

WriteAuxiliaryFile /Users/runner/Library/Developer/Xcode/DerivedData/SalmanCleanerMobile-feedweulbhasgaenidqhausboxfb/Build/Intermediates.noindex/SalmanCleanerMobile.build/Debug-maccatalyst/SalmanCleanerMobileTests.build/Objects-normal/arm64/SalmanCleanerMobileTests.SwiftFileList (in target 'SalmanCleanerMobileTests' from project 'SalmanCleanerMobile')
    cd /Users/runner/work/SalmanMacCleaner/SalmanMacCleaner
    write-file /Users/runner/Library/Developer/Xcode/DerivedData/SalmanCleanerMobile-feedweulbhasgaenidqhausboxfb/Build/Intermediates.noindex/SalmanCleanerMobile.build/Debug-maccatalyst/SalmanCleanerMobileTests.build/Objects-normal/arm64/SalmanCleanerMobileTests.SwiftFileList

WriteAuxiliaryFile /Users/runner/Library/Developer/Xcode/DerivedData/SalmanCleanerMobile-feedweulbhasgaenidqhausboxfb/Build/Intermediates.noindex/SalmanCleanerMobile.build/Debug-maccatalyst/SalmanCleanerMobileTests.build/Objects-normal/arm64/SalmanCleanerMobileTests-OutputFileMap.json (in target 'SalmanCleanerMobileTests' from project 'SalmanCleanerMobile')
    cd /Users/runner/work/SalmanMacCleaner/SalmanMacCleaner
    write-file /Users/runner/Library/Developer/Xcode/DerivedData/SalmanCleanerMobile-feedweulbhasgaenidqhausboxfb/Build/Intermediates.noindex/SalmanCleanerMobile.build/Debug-maccatalyst/SalmanCleanerMobileTests.build/Objects-normal/arm64/SalmanCleanerMobileTests-OutputFileMap.json

SwiftDriver SalmanCleanerMobileTests normal x86_64 com.apple.xcode.tools.swift.compiler (in target 'SalmanCleanerMobileTests' from project 'SalmanCleanerMobile')
    cd /Users/runner/work/SalmanMacCleaner/SalmanMacCleaner
    builtin-SwiftDriver -- /Applications/Xcode_15.4.app/Contents/Developer/Toolchains/XcodeDefault.xctoolchain/usr/bin/swiftc -module-name SalmanCleanerMobileTests -Onone -enforce-exclusivity\=checked @/Users/runner/Library/Developer/Xcode/DerivedData/SalmanCleanerMobile-feedweulbhasgaenidqhausboxfb/Build/Intermediates.noindex/SalmanCleanerMobile.build/Debug-maccatalyst/SalmanCleanerMobileTests.build/Objects-normal/x86_64/SalmanCleanerMobileTests.SwiftFileList -DDEBUG -sdk /Applications/Xcode_15.4.app/Contents/Developer/Platforms/MacOSX.platform/Developer/SDKs/MacOSX14.5.sdk -target x86_64-apple-ios16.0-macabi -enable-bare-slash-regex -g -module-cache-path /Users/runner/Library/Developer/Xcode/DerivedData/ModuleCache.noindex -Xfrontend -serialize-debugging-options -enable-testing -index-store-path /Users/runner/Library/Developer/Xcode/DerivedData/SalmanCleanerMobile-feedweulbhasgaenidqhausboxfb/Index.noindex/DataStore -swift-version 5 -I /Users/runner/Library/Developer/Xcode/DerivedData/SalmanCleanerMobile-feedweulbhasgaenidqhausboxfb/Build/Products/Debug-maccatalyst -I /Applications/Xcode_15.4.app/Contents/Developer/Platforms/MacOSX.platform/Developer/usr/lib -F /Users/runner/Library/Developer/Xcode/DerivedData/SalmanCleanerMobile-feedweulbhasgaenidqhausboxfb/Build/Products/Debug-maccatalyst -Fsystem /Applications/Xcode_15.4.app/Contents/Developer/Platforms/MacOSX.platform/Developer/SDKs/MacOSX14.5.sdk/System/iOSSupport/System/Library/Frameworks -F /Applications/Xcode_15.4.app/Contents/Developer/Platforms/MacOSX.platform/Developer/Library/Frameworks -parse-as-library -c -j3 -enable-batch-mode -incremental -Xcc -ivfsstatcache -Xcc /Users/runner/Library/Developer/Xcode/DerivedData/SDKStatCaches.noindex/macosx14.5-23F73-370e46e0f02e54db71bc6d75e3f2cef2.sdkstatcache -output-file-map /Users/runner/Library/Developer/Xcode/DerivedData/SalmanCleanerMobile-feedweulbhasgaenidqhausboxfb/Build/Intermediates.noindex/SalmanCleanerMobile.build/Debug-maccatalyst/SalmanCleanerMobileTests.build/Objects-normal/x86_64/SalmanCleanerMobileTests-OutputFileMap.json -use-frontend-parseable-output -save-temps -no-color-diagnostics -serialize-diagnostics -emit-dependencies -emit-module -emit-module-path /Users/runner/Library/Developer/Xcode/DerivedData/SalmanCleanerMobile-feedweulbhasgaenidqhausboxfb/Build/Intermediates.noindex/SalmanCleanerMobile.build/Debug-maccatalyst/SalmanCleanerMobileTests.build/Objects-normal/x86_64/SalmanCleanerMobileTests.swiftmodule -validate-clang-modules-once -clang-build-session-file /Users/runner/Library/Developer/Xcode/DerivedData/ModuleCache.noindex/Session.modulevalidation -Xcc -I/Users/runner/Library/Developer/Xcode/DerivedData/SalmanCleanerMobile-feedweulbhasgaenidqhausboxfb/Build/Intermediates.noindex/SalmanCleanerMobile.build/Debug-maccatalyst/SalmanCleanerMobileTests.build/swift-overrides.hmap -emit-const-values -Xfrontend -const-gather-protocols-file -Xfrontend /Users/runner/Library/Developer/Xcode/DerivedData/SalmanCleanerMobile-feedweulbhasgaenidqhausboxfb/Build/Intermediates.noindex/SalmanCleanerMobile.build/Debug-maccatalyst/SalmanCleanerMobileTests.build/Objects-normal/x86_64/SalmanCleanerMobileTests_const_extract_protocols.json -Xcc -iquote -Xcc /Users/runner/Library/Developer/Xcode/DerivedData/SalmanCleanerMobile-feedweulbhasgaenidqhausboxfb/Build/Intermediates.noindex/SalmanCleanerMobile.build/Debug-maccatalyst/SalmanCleanerMobileTests.build/SalmanCleanerMobileTests-generated-files.hmap -Xcc -I/Users/runner/Library/Developer/Xcode/DerivedData/SalmanCleanerMobile-feedweulbhasgaenidqhausboxfb/Build/Intermediates.noindex/SalmanCleanerMobile.build/Debug-maccatalyst/SalmanCleanerMobileTests.build/SalmanCleanerMobileTests-own-target-headers.hmap -Xcc -I/Users/runner/Library/Developer/Xcode/DerivedData/SalmanCleanerMobile-feedweulbhasgaenidqhausboxfb/Build/Intermediates.noindex/SalmanCleanerMobile.build/Debug-maccatalyst/SalmanCleanerMobileTests.build/SalmanCleanerMobileTests-all-non-framework-target-headers.hmap -Xcc -ivfsoverlay -Xcc /Users/runner/Library/Developer/Xcode/DerivedData/SalmanCleanerMobile-feedweulbhasgaenidqhausboxfb/Build/Intermediates.noindex/SalmanCleanerMobile.build/Debug-maccatalyst/SalmanCleanerMobileTests.build/all-product-headers.yaml -Xcc -iquote -Xcc /Users/runner/Library/Developer/Xcode/DerivedData/SalmanCleanerMobile-feedweulbhasgaenidqhausboxfb/Build/Intermediates.noindex/SalmanCleanerMobile.build/Debug-maccatalyst/SalmanCleanerMobileTests.build/SalmanCleanerMobileTests-project-headers.hmap -Xcc -I/Users/runner/Library/Developer/Xcode/DerivedData/SalmanCleanerMobile-feedweulbhasgaenidqhausboxfb/Build/Products/Debug-maccatalyst/include -Xcc -isystem -Xcc /Applications/Xcode_15.4.app/Contents/Developer/Platforms/MacOSX.platform/Developer/SDKs/MacOSX14.5.sdk/System/iOSSupport/usr/include -Xcc -I/Users/runner/Library/Developer/Xcode/DerivedData/SalmanCleanerMobile-feedweulbhasgaenidqhausboxfb/Build/Intermediates.noindex/SalmanCleanerMobile.build/Debug-maccatalyst/SalmanCleanerMobileTests.build/DerivedSources-normal/x86_64 -Xcc -I/Users/runner/Library/Developer/Xcode/DerivedData/SalmanCleanerMobile-feedweulbhasgaenidqhausboxfb/Build/Intermediates.noindex/SalmanCleanerMobile.build/Debug-maccatalyst/SalmanCleanerMobileTests.build/DerivedSources/x86_64 -Xcc -I/Users/runner/Library/Developer/Xcode/DerivedData/SalmanCleanerMobile-feedweulbhasgaenidqhausboxfb/Build/Intermediates.noindex/SalmanCleanerMobile.build/Debug-maccatalyst/SalmanCleanerMobileTests.build/DerivedSources -Xcc -DDEBUG\=1 -emit-objc-header -emit-objc-header-path /Users/runner/Library/Developer/Xcode/DerivedData/SalmanCleanerMobile-feedweulbhasgaenidqhausboxfb/Build/Intermediates.noindex/SalmanCleanerMobile.build/Debug-maccatalyst/SalmanCleanerMobileTests.build/Objects-normal/x86_64/SalmanCleanerMobileTests-Swift.h -working-directory /Users/runner/work/SalmanMacCleaner/SalmanMacCleaner -experimental-emit-module-separately -disable-cmo

SwiftDriver SalmanCleanerMobileTests normal arm64 com.apple.xcode.tools.swift.compiler (in target 'SalmanCleanerMobileTests' from project 'SalmanCleanerMobile')
    cd /Users/runner/work/SalmanMacCleaner/SalmanMacCleaner
    builtin-SwiftDriver -- /Applications/Xcode_15.4.app/Contents/Developer/Toolchains/XcodeDefault.xctoolchain/usr/bin/swiftc -module-name SalmanCleanerMobileTests -Onone -enforce-exclusivity\=checked @/Users/runner/Library/Developer/Xcode/DerivedData/SalmanCleanerMobile-feedweulbhasgaenidqhausboxfb/Build/Intermediates.noindex/SalmanCleanerMobile.build/Debug-maccatalyst/SalmanCleanerMobileTests.build/Objects-normal/arm64/SalmanCleanerMobileTests.SwiftFileList -DDEBUG -sdk /Applications/Xcode_15.4.app/Contents/Developer/Platforms/MacOSX.platform/Developer/SDKs/MacOSX14.5.sdk -target arm64-apple-ios16.0-macabi -enable-bare-slash-regex -g -module-cache-path /Users/runner/Library/Developer/Xcode/DerivedData/ModuleCache.noindex -Xfrontend -serialize-debugging-options -enable-testing -index-store-path /Users/runner/Library/Developer/Xcode/DerivedData/SalmanCleanerMobile-feedweulbhasgaenidqhausboxfb/Index.noindex/DataStore -swift-version 5 -I /Users/runner/Library/Developer/Xcode/DerivedData/SalmanCleanerMobile-feedweulbhasgaenidqhausboxfb/Build/Products/Debug-maccatalyst -I /Applications/Xcode_15.4.app/Contents/Developer/Platforms/MacOSX.platform/Developer/usr/lib -F /Users/runner/Library/Developer/Xcode/DerivedData/SalmanCleanerMobile-feedweulbhasgaenidqhausboxfb/Build/Products/Debug-maccatalyst -Fsystem /Applications/Xcode_15.4.app/Contents/Developer/Platforms/MacOSX.platform/Developer/SDKs/MacOSX14.5.sdk/System/iOSSupport/System/Library/Frameworks -F /Applications/Xcode_15.4.app/Contents/Developer/Platforms/MacOSX.platform/Developer/Library/Frameworks -parse-as-library -c -j3 -enable-batch-mode -incremental -Xcc -ivfsstatcache -Xcc /Users/runner/Library/Developer/Xcode/DerivedData/SDKStatCaches.noindex/macosx14.5-23F73-370e46e0f02e54db71bc6d75e3f2cef2.sdkstatcache -output-file-map /Users/runner/Library/Developer/Xcode/DerivedData/SalmanCleanerMobile-feedweulbhasgaenidqhausboxfb/Build/Intermediates.noindex/SalmanCleanerMobile.build/Debug-maccatalyst/SalmanCleanerMobileTests.build/Objects-normal/arm64/SalmanCleanerMobileTests-OutputFileMap.json -use-frontend-parseable-output -save-temps -no-color-diagnostics -serialize-diagnostics -emit-dependencies -emit-module -emit-module-path /Users/runner/Library/Developer/Xcode/DerivedData/SalmanCleanerMobile-feedweulbhasgaenidqhausboxfb/Build/Intermediates.noindex/SalmanCleanerMobile.build/Debug-maccatalyst/SalmanCleanerMobileTests.build/Objects-normal/arm64/SalmanCleanerMobileTests.swiftmodule -validate-clang-modules-once -clang-build-session-file /Users/runner/Library/Developer/Xcode/DerivedData/ModuleCache.noindex/Session.modulevalidation -Xcc -I/Users/runner/Library/Developer/Xcode/DerivedData/SalmanCleanerMobile-feedweulbhasgaenidqhausboxfb/Build/Intermediates.noindex/SalmanCleanerMobile.build/Debug-maccatalyst/SalmanCleanerMobileTests.build/swift-overrides.hmap -emit-const-values -Xfrontend -const-gather-protocols-file -Xfrontend /Users/runner/Library/Developer/Xcode/DerivedData/SalmanCleanerMobile-feedweulbhasgaenidqhausboxfb/Build/Intermediates.noindex/SalmanCleanerMobile.build/Debug-maccatalyst/SalmanCleanerMobileTests.build/Objects-normal/arm64/SalmanCleanerMobileTests_const_extract_protocols.json -Xcc -iquote -Xcc /Users/runner/Library/Developer/Xcode/DerivedData/SalmanCleanerMobile-feedweulbhasgaenidqhausboxfb/Build/Intermediates.noindex/SalmanCleanerMobile.build/Debug-maccatalyst/SalmanCleanerMobileTests.build/SalmanCleanerMobileTests-generated-files.hmap -Xcc -I/Users/runner/Library/Developer/Xcode/DerivedData/SalmanCleanerMobile-feedweulbhasgaenidqhausboxfb/Build/Intermediates.noindex/SalmanCleanerMobile.build/Debug-maccatalyst/SalmanCleanerMobileTests.build/SalmanCleanerMobileTests-own-target-headers.hmap -Xcc -I/Users/runner/Library/Developer/Xcode/DerivedData/SalmanCleanerMobile-feedweulbhasgaenidqhausboxfb/Build/Intermediates.noindex/SalmanCleanerMobile.build/Debug-maccatalyst/SalmanCleanerMobileTests.build/SalmanCleanerMobileTests-all-non-framework-target-headers.hmap -Xcc -ivfsoverlay -Xcc /Users/runner/Library/Developer/Xcode/DerivedData/SalmanCleanerMobile-feedweulbhasgaenidqhausboxfb/Build/Intermediates.noindex/SalmanCleanerMobile.build/Debug-maccatalyst/SalmanCleanerMobileTests.build/all-product-headers.yaml -Xcc -iquote -Xcc /Users/runner/Library/Developer/Xcode/DerivedData/SalmanCleanerMobile-feedweulbhasgaenidqhausboxfb/Build/Intermediates.noindex/SalmanCleanerMobile.build/Debug-maccatalyst/SalmanCleanerMobileTests.build/SalmanCleanerMobileTests-project-headers.hmap -Xcc -I/Users/runner/Library/Developer/Xcode/DerivedData/SalmanCleanerMobile-feedweulbhasgaenidqhausboxfb/Build/Products/Debug-maccatalyst/include -Xcc -isystem -Xcc /Applications/Xcode_15.4.app/Contents/Developer/Platforms/MacOSX.platform/Developer/SDKs/MacOSX14.5.sdk/System/iOSSupport/usr/include -Xcc -I/Users/runner/Library/Developer/Xcode/DerivedData/SalmanCleanerMobile-feedweulbhasgaenidqhausboxfb/Build/Intermediates.noindex/SalmanCleanerMobile.build/Debug-maccatalyst/SalmanCleanerMobileTests.build/DerivedSources-normal/arm64 -Xcc -I/Users/runner/Library/Developer/Xcode/DerivedData/SalmanCleanerMobile-feedweulbhasgaenidqhausboxfb/Build/Intermediates.noindex/SalmanCleanerMobile.build/Debug-maccatalyst/SalmanCleanerMobileTests.build/DerivedSources/arm64 -Xcc -I/Users/runner/Library/Developer/Xcode/DerivedData/SalmanCleanerMobile-feedweulbhasgaenidqhausboxfb/Build/Intermediates.noindex/SalmanCleanerMobile.build/Debug-maccatalyst/SalmanCleanerMobileTests.build/DerivedSources -Xcc -DDEBUG\=1 -emit-objc-header -emit-objc-header-path /Users/runner/Library/Developer/Xcode/DerivedData/SalmanCleanerMobile-feedweulbhasgaenidqhausboxfb/Build/Intermediates.noindex/SalmanCleanerMobile.build/Debug-maccatalyst/SalmanCleanerMobileTests.build/Objects-normal/arm64/SalmanCleanerMobileTests-Swift.h -working-directory /Users/runner/work/SalmanMacCleaner/SalmanMacCleaner -experimental-emit-module-separately -disable-cmo

SwiftEmitModule normal x86_64 Emitting\ module\ for\ SalmanCleanerMobileTests (in target 'SalmanCleanerMobileTests' from project 'SalmanCleanerMobile')
    cd /Users/runner/work/SalmanMacCleaner/SalmanMacCleaner
    builtin-swiftTaskExecution -- /Applications/Xcode_15.4.app/Contents/Developer/Toolchains/XcodeDefault.xctoolchain/usr/bin/swift-frontend -frontend -emit-module -experimental-skip-non-inlinable-function-bodies-without-types /Users/runner/work/SalmanMacCleaner/SalmanMacCleaner/SalmanCleanerMobileTests/PhotoManagerTests.swift -target x86_64-apple-ios16.0-macabi -enable-objc-interop -stack-check -sdk /Applications/Xcode_15.4.app/Contents/Developer/Platforms/MacOSX.platform/Developer/SDKs/MacOSX14.5.sdk -I /Users/runner/Library/Developer/Xcode/DerivedData/SalmanCleanerMobile-feedweulbhasgaenidqhausboxfb/Build/Products/Debug-maccatalyst -I /Applications/Xcode_15.4.app/Contents/Developer/Platforms/MacOSX.platform/Developer/usr/lib -F /Users/runner/Library/Developer/Xcode/DerivedData/SalmanCleanerMobile-feedweulbhasgaenidqhausboxfb/Build/Products/Debug-maccatalyst -Fsystem /Applications/Xcode_15.4.app/Contents/Developer/Platforms/MacOSX.platform/Developer/SDKs/MacOSX14.5.sdk/System/iOSSupport/System/Library/Frameworks -F /Applications/Xcode_15.4.app/Contents/Developer/Platforms/MacOSX.platform/Developer/Library/Frameworks -no-color-diagnostics -enable-testing -g -module-cache-path /Users/runner/Library/Developer/Xcode/DerivedData/ModuleCache.noindex -swift-version 5 -enforce-exclusivity\=checked -Onone -D DEBUG -serialize-debugging-options -const-gather-protocols-file /Users/runner/Library/Developer/Xcode/DerivedData/SalmanCleanerMobile-feedweulbhasgaenidqhausboxfb/Build/Intermediates.noindex/SalmanCleanerMobile.build/Debug-maccatalyst/SalmanCleanerMobileTests.build/Objects-normal/x86_64/SalmanCleanerMobileTests_const_extract_protocols.json -enable-bare-slash-regex -empty-abi-descriptor -validate-clang-modules-once -clang-build-session-file /Users/runner/Library/Developer/Xcode/DerivedData/ModuleCache.noindex/Session.modulevalidation -Xcc -working-directory -Xcc /Users/runner/work/SalmanMacCleaner/SalmanMacCleaner -resource-dir /Applications/Xcode_15.4.app/Contents/Developer/Toolchains/XcodeDefault.xctoolchain/usr/lib/swift -enable-anonymous-context-mangled-names -Xcc -ivfsstatcache -Xcc /Users/runner/Library/Developer/Xcode/DerivedData/SDKStatCaches.noindex/macosx14.5-23F73-370e46e0f02e54db71bc6d75e3f2cef2.sdkstatcache -Xcc -I/Users/runner/Library/Developer/Xcode/DerivedData/SalmanCleanerMobile-feedweulbhasgaenidqhausboxfb/Build/Intermediates.noindex/SalmanCleanerMobile.build/Debug-maccatalyst/SalmanCleanerMobileTests.build/swift-overrides.hmap -Xcc -iquote -Xcc /Users/runner/Library/Developer/Xcode/DerivedData/SalmanCleanerMobile-feedweulbhasgaenidqhausboxfb/Build/Intermediates.noindex/SalmanCleanerMobile.build/Debug-maccatalyst/SalmanCleanerMobileTests.build/SalmanCleanerMobileTests-generated-files.hmap -Xcc -I/Users/runner/Library/Developer/Xcode/DerivedData/SalmanCleanerMobile-feedweulbhasgaenidqhausboxfb/Build/Intermediates.noindex/SalmanCleanerMobile.build/Debug-maccatalyst/SalmanCleanerMobileTests.build/SalmanCleanerMobileTests-own-target-headers.hmap -Xcc -I/Users/runner/Library/Developer/Xcode/DerivedData/SalmanCleanerMobile-feedweulbhasgaenidqhausboxfb/Build/Intermediates.noindex/SalmanCleanerMobile.build/Debug-maccatalyst/SalmanCleanerMobileTests.build/SalmanCleanerMobileTests-all-non-framework-target-headers.hmap -Xcc -ivfsoverlay -Xcc /Users/runner/Library/Developer/Xcode/DerivedData/SalmanCleanerMobile-feedweulbhasgaenidqhausboxfb/Build/Intermediates.noindex/SalmanCleanerMobile.build/Debug-maccatalyst/SalmanCleanerMobileTests.build/all-product-headers.yaml -Xcc -iquote -Xcc /Users/runner/Library/Developer/Xcode/DerivedData/SalmanCleanerMobile-feedweulbhasgaenidqhausboxfb/Build/Intermediates.noindex/SalmanCleanerMobile.build/Debug-maccatalyst/SalmanCleanerMobileTests.build/SalmanCleanerMobileTests-project-headers.hmap -Xcc -I/Users/runner/Library/Developer/Xcode/DerivedData/SalmanCleanerMobile-feedweulbhasgaenidqhausboxfb/Build/Products/Debug-maccatalyst/include -Xcc -isystem -Xcc /Applications/Xcode_15.4.app/Contents/Developer/Platforms/MacOSX.platform/Developer/SDKs/MacOSX14.5.sdk/System/iOSSupport/usr/include -Xcc -I/Users/runner/Library/Developer/Xcode/DerivedData/SalmanCleanerMobile-feedweulbhasgaenidqhausboxfb/Build/Intermediates.noindex/SalmanCleanerMobile.build/Debug-maccatalyst/SalmanCleanerMobileTests.build/DerivedSources-normal/x86_64 -Xcc -I/Users/runner/Library/Developer/Xcode/DerivedData/SalmanCleanerMobile-feedweulbhasgaenidqhausboxfb/Build/Intermediates.noindex/SalmanCleanerMobile.build/Debug-maccatalyst/SalmanCleanerMobileTests.build/DerivedSources/x86_64 -Xcc -I/Users/runner/Library/Developer/Xcode/DerivedData/SalmanCleanerMobile-feedweulbhasgaenidqhausboxfb/Build/Intermediates.noindex/SalmanCleanerMobile.build/Debug-maccatalyst/SalmanCleanerMobileTests.build/DerivedSources -Xcc -DDEBUG\=1 -module-name SalmanCleanerMobileTests -disable-clang-spi -target-sdk-version 17.5 -target-sdk-name macosx14.5 -prebuilt-module-cache-path /Applications/Xcode_15.4.app/Contents/Developer/Toolchains/XcodeDefault.xctoolchain/usr/lib/swift/macosx/prebuilt-modules/14.5 -external-plugin-path /Applications/Xcode_15.4.app/Contents/Developer/Platforms/MacOSX.platform/Developer/SDKs/MacOSX14.5.sdk/usr/lib/swift/host/plugins\#/Applications/Xcode_15.4.app/Contents/Developer/Platforms/MacOSX.platform/Developer/SDKs/MacOSX14.5.sdk/usr/bin/swift-plugin-server -external-plugin-path /Applications/Xcode_15.4.app/Contents/Developer/Platforms/MacOSX.platform/Developer/SDKs/MacOSX14.5.sdk/usr/local/lib/swift/host/plugins\#/Applications/Xcode_15.4.app/Contents/Developer/Platforms/MacOSX.platform/Developer/SDKs/MacOSX14.5.sdk/usr/bin/swift-plugin-server -external-plugin-path /Applications/Xcode_15.4.app/Contents/Developer/Platforms/MacOSX.platform/Developer/usr/lib/swift/host/plugins\#/Applications/Xcode_15.4.app/Contents/Developer/Platforms/MacOSX.platform/Developer/usr/bin/swift-plugin-server -external-plugin-path /Applications/Xcode_15.4.app/Contents/Developer/Platforms/MacOSX.platform/Developer/usr/local/lib/swift/host/plugins\#/Applications/Xcode_15.4.app/Contents/Developer/Platforms/MacOSX.platform/Developer/usr/bin/swift-plugin-server -plugin-path /Applications/Xcode_15.4.app/Contents/Developer/Toolchains/XcodeDefault.xctoolchain/usr/lib/swift/host/plugins -plugin-path /Applications/Xcode_15.4.app/Contents/Developer/Toolchains/XcodeDefault.xctoolchain/usr/local/lib/swift/host/plugins -emit-module-doc-path /Users/runner/Library/Developer/Xcode/DerivedData/SalmanCleanerMobile-feedweulbhasgaenidqhausboxfb/Build/Intermediates.noindex/SalmanCleanerMobile.build/Debug-maccatalyst/SalmanCleanerMobileTests.build/Objects-normal/x86_64/SalmanCleanerMobileTests.swiftdoc -emit-module-source-info-path /Users/runner/Library/Developer/Xcode/DerivedData/SalmanCleanerMobile-feedweulbhasgaenidqhausboxfb/Build/Intermediates.noindex/SalmanCleanerMobile.build/Debug-maccatalyst/SalmanCleanerMobileTests.build/Objects-normal/x86_64/SalmanCleanerMobileTests.swiftsourceinfo -emit-objc-header-path /Users/runner/Library/Developer/Xcode/DerivedData/SalmanCleanerMobile-feedweulbhasgaenidqhausboxfb/Build/Intermediates.noindex/SalmanCleanerMobile.build/Debug-maccatalyst/SalmanCleanerMobileTests.build/Objects-normal/x86_64/SalmanCleanerMobileTests-Swift.h -serialize-diagnostics-path /Users/runner/Library/Developer/Xcode/DerivedData/SalmanCleanerMobile-feedweulbhasgaenidqhausboxfb/Build/Intermediates.noindex/SalmanCleanerMobile.build/Debug-maccatalyst/SalmanCleanerMobileTests.build/Objects-normal/x86_64/SalmanCleanerMobileTests-master-emit-module.dia -emit-dependencies-path /Users/runner/Library/Developer/Xcode/DerivedData/SalmanCleanerMobile-feedweulbhasgaenidqhausboxfb/Build/Intermediates.noindex/SalmanCleanerMobile.build/Debug-maccatalyst/SalmanCleanerMobileTests.build/Objects-normal/x86_64/SalmanCleanerMobileTests-master-emit-module.d -parse-as-library -o /Users/runner/Library/Developer/Xcode/DerivedData/SalmanCleanerMobile-feedweulbhasgaenidqhausboxfb/Build/Intermediates.noindex/SalmanCleanerMobile.build/Debug-maccatalyst/SalmanCleanerMobileTests.build/Objects-normal/x86_64/SalmanCleanerMobileTests.swiftmodule -emit-abi-descriptor-path /Users/runner/Library/Developer/Xcode/DerivedData/SalmanCleanerMobile-feedweulbhasgaenidqhausboxfb/Build/Intermediates.noindex/SalmanCleanerMobile.build/Debug-maccatalyst/SalmanCleanerMobileTests.build/Objects-normal/x86_64/SalmanCleanerMobileTests.abi.json
/Users/runner/work/SalmanMacCleaner/SalmanMacCleaner/SalmanCleanerMobileTests/PhotoManagerTests.swift:2:18: error: no such module 'SalmanCleanerMobile'
@testable import SalmanCleanerMobile
                 ^

SwiftCompile normal x86_64 Compiling\ PhotoManagerTests.swift /Users/runner/work/SalmanMacCleaner/SalmanMacCleaner/SalmanCleanerMobileTests/PhotoManagerTests.swift (in target 'SalmanCleanerMobileTests' from project 'SalmanCleanerMobile')
    cd /Users/runner/work/SalmanMacCleaner/SalmanMacCleaner
    builtin-swiftTaskExecution -- /Applications/Xcode_15.4.app/Contents/Developer/Toolchains/XcodeDefault.xctoolchain/usr/bin/swift-frontend -frontend -c -primary-file /Users/runner/work/SalmanMacCleaner/SalmanMacCleaner/SalmanCleanerMobileTests/PhotoManagerTests.swift -emit-dependencies-path /Users/runner/Library/Developer/Xcode/DerivedData/SalmanCleanerMobile-feedweulbhasgaenidqhausboxfb/Build/Intermediates.noindex/SalmanCleanerMobile.build/Debug-maccatalyst/SalmanCleanerMobileTests.build/Objects-normal/x86_64/PhotoManagerTests.d -emit-const-values-path /Users/runner/Library/Developer/Xcode/DerivedData/SalmanCleanerMobile-feedweulbhasgaenidqhausboxfb/Build/Intermediates.noindex/SalmanCleanerMobile.build/Debug-maccatalyst/SalmanCleanerMobileTests.build/Objects-normal/x86_64/PhotoManagerTests.swiftconstvalues -emit-reference-dependencies-path /Users/runner/Library/Developer/Xcode/DerivedData/SalmanCleanerMobile-feedweulbhasgaenidqhausboxfb/Build/Intermediates.noindex/SalmanCleanerMobile.build/Debug-maccatalyst/SalmanCleanerMobileTests.build/Objects-normal/x86_64/PhotoManagerTests.swiftdeps -serialize-diagnostics-path /Users/runner/Library/Developer/Xcode/DerivedData/SalmanCleanerMobile-feedweulbhasgaenidqhausboxfb/Build/Intermediates.noindex/SalmanCleanerMobile.build/Debug-maccatalyst/SalmanCleanerMobileTests.build/Objects-normal/x86_64/PhotoManagerTests.dia -target x86_64-apple-ios16.0-macabi -enable-objc-interop -stack-check -sdk /Applications/Xcode_15.4.app/Contents/Developer/Platforms/MacOSX.platform/Developer/SDKs/MacOSX14.5.sdk -I /Users/runner/Library/Developer/Xcode/DerivedData/SalmanCleanerMobile-feedweulbhasgaenidqhausboxfb/Build/Products/Debug-maccatalyst -I /Applications/Xcode_15.4.app/Contents/Developer/Platforms/MacOSX.platform/Developer/usr/lib -F /Users/runner/Library/Developer/Xcode/DerivedData/SalmanCleanerMobile-feedweulbhasgaenidqhausboxfb/Build/Products/Debug-maccatalyst -Fsystem /Applications/Xcode_15.4.app/Contents/Developer/Platforms/MacOSX.platform/Developer/SDKs/MacOSX14.5.sdk/System/iOSSupport/System/Library/Frameworks -F /Applications/Xcode_15.4.app/Contents/Developer/Platforms/MacOSX.platform/Developer/Library/Frameworks -no-color-diagnostics -enable-testing -g -module-cache-path /Users/runner/Library/Developer/Xcode/DerivedData/ModuleCache.noindex -swift-version 5 -enforce-exclusivity\=checked -Onone -D DEBUG -serialize-debugging-options -const-gather-protocols-file /Users/runner/Library/Developer/Xcode/DerivedData/SalmanCleanerMobile-feedweulbhasgaenidqhausboxfb/Build/Intermediates.noindex/SalmanCleanerMobile.build/Debug-maccatalyst/SalmanCleanerMobileTests.build/Objects-normal/x86_64/SalmanCleanerMobileTests_const_extract_protocols.json -enable-bare-slash-regex -empty-abi-descriptor -validate-clang-modules-once -clang-build-session-file /Users/runner/Library/Developer/Xcode/DerivedData/ModuleCache.noindex/Session.modulevalidation -Xcc -working-directory -Xcc /Users/runner/work/SalmanMacCleaner/SalmanMacCleaner -resource-dir /Applications/Xcode_15.4.app/Contents/Developer/Toolchains/XcodeDefault.xctoolchain/usr/lib/swift -enable-anonymous-context-mangled-names -Xcc -ivfsstatcache -Xcc /Users/runner/Library/Developer/Xcode/DerivedData/SDKStatCaches.noindex/macosx14.5-23F73-370e46e0f02e54db71bc6d75e3f2cef2.sdkstatcache -Xcc -I/Users/runner/Library/Developer/Xcode/DerivedData/SalmanCleanerMobile-feedweulbhasgaenidqhausboxfb/Build/Intermediates.noindex/SalmanCleanerMobile.build/Debug-maccatalyst/SalmanCleanerMobileTests.build/swift-overrides.hmap -Xcc -iquote -Xcc /Users/runner/Library/Developer/Xcode/DerivedData/SalmanCleanerMobile-feedweulbhasgaenidqhausboxfb/Build/Intermediates.noindex/SalmanCleanerMobile.build/Debug-maccatalyst/SalmanCleanerMobileTests.build/SalmanCleanerMobileTests-generated-files.hmap -Xcc -I/Users/runner/Library/Developer/Xcode/DerivedData/SalmanCleanerMobile-feedweulbhasgaenidqhausboxfb/Build/Intermediates.noindex/SalmanCleanerMobile.build/Debug-maccatalyst/SalmanCleanerMobileTests.build/SalmanCleanerMobileTests-own-target-headers.hmap -Xcc -I/Users/runner/Library/Developer/Xcode/DerivedData/SalmanCleanerMobile-feedweulbhasgaenidqhausboxfb/Build/Intermediates.noindex/SalmanCleanerMobile.build/Debug-maccatalyst/SalmanCleanerMobileTests.build/SalmanCleanerMobileTests-all-non-framework-target-headers.hmap -Xcc -ivfsoverlay -Xcc /Users/runner/Library/Developer/Xcode/DerivedData/SalmanCleanerMobile-feedweulbhasgaenidqhausboxfb/Build/Intermediates.noindex/SalmanCleanerMobile.build/Debug-maccatalyst/SalmanCleanerMobileTests.build/all-product-headers.yaml -Xcc -iquote -Xcc /Users/runner/Library/Developer/Xcode/DerivedData/SalmanCleanerMobile-feedweulbhasgaenidqhausboxfb/Build/Intermediates.noindex/SalmanCleanerMobile.build/Debug-maccatalyst/SalmanCleanerMobileTests.build/SalmanCleanerMobileTests-project-headers.hmap -Xcc -I/Users/runner/Library/Developer/Xcode/DerivedData/SalmanCleanerMobile-feedweulbhasgaenidqhausboxfb/Build/Products/Debug-maccatalyst/include -Xcc -isystem -Xcc /Applications/Xcode_15.4.app/Contents/Developer/Platforms/MacOSX.platform/Developer/SDKs/MacOSX14.5.sdk/System/iOSSupport/usr/include -Xcc -I/Users/runner/Library/Developer/Xcode/DerivedData/SalmanCleanerMobile-feedweulbhasgaenidqhausboxfb/Build/Intermediates.noindex/SalmanCleanerMobile.build/Debug-maccatalyst/SalmanCleanerMobileTests.build/DerivedSources-normal/x86_64 -Xcc -I/Users/runner/Library/Developer/Xcode/DerivedData/SalmanCleanerMobile-feedweulbhasgaenidqhausboxfb/Build/Intermediates.noindex/SalmanCleanerMobile.build/Debug-maccatalyst/SalmanCleanerMobileTests.build/DerivedSources/x86_64 -Xcc -I/Users/runner/Library/Developer/Xcode/DerivedData/SalmanCleanerMobile-feedweulbhasgaenidqhausboxfb/Build/Intermediates.noindex/SalmanCleanerMobile.build/Debug-maccatalyst/SalmanCleanerMobileTests.build/DerivedSources -Xcc -DDEBUG\=1 -module-name SalmanCleanerMobileTests -frontend-parseable-output -disable-clang-spi -target-sdk-version 17.5 -target-sdk-name macosx14.5 -prebuilt-module-cache-path /Applications/Xcode_15.4.app/Contents/Developer/Toolchains/XcodeDefault.xctoolchain/usr/lib/swift/macosx/prebuilt-modules/14.5 -external-plugin-path /Applications/Xcode_15.4.app/Contents/Developer/Platforms/MacOSX.platform/Developer/SDKs/MacOSX14.5.sdk/usr/lib/swift/host/plugins\#/Applications/Xcode_15.4.app/Contents/Developer/Platforms/MacOSX.platform/Developer/SDKs/MacOSX14.5.sdk/usr/bin/swift-plugin-server -external-plugin-path /Applications/Xcode_15.4.app/Contents/Developer/Platforms/MacOSX.platform/Developer/SDKs/MacOSX14.5.sdk/usr/local/lib/swift/host/plugins\#/Applications/Xcode_15.4.app/Contents/Developer/Platforms/MacOSX.platform/Developer/SDKs/MacOSX14.5.sdk/usr/bin/swift-plugin-server -external-plugin-path /Applications/Xcode_15.4.app/Contents/Developer/Platforms/MacOSX.platform/Developer/usr/lib/swift/host/plugins\#/Applications/Xcode_15.4.app/Contents/Developer/Platforms/MacOSX.platform/Developer/usr/bin/swift-plugin-server -external-plugin-path /Applications/Xcode_15.4.app/Contents/Developer/Platforms/MacOSX.platform/Developer/usr/local/lib/swift/host/plugins\#/Applications/Xcode_15.4.app/Contents/Developer/Platforms/MacOSX.platform/Developer/usr/bin/swift-plugin-server -plugin-path /Applications/Xcode_15.4.app/Contents/Developer/Toolchains/XcodeDefault.xctoolchain/usr/lib/swift/host/plugins -plugin-path /Applications/Xcode_15.4.app/Contents/Developer/Toolchains/XcodeDefault.xctoolchain/usr/local/lib/swift/host/plugins -parse-as-library -o /Users/runner/Library/Developer/Xcode/DerivedData/SalmanCleanerMobile-feedweulbhasgaenidqhausboxfb/Build/Intermediates.noindex/SalmanCleanerMobile.build/Debug-maccatalyst/SalmanCleanerMobileTests.build/Objects-normal/x86_64/PhotoManagerTests.o -index-unit-output-path /SalmanCleanerMobile.build/Debug-maccatalyst/SalmanCleanerMobileTests.build/Objects-normal/x86_64/PhotoManagerTests.o -index-store-path /Users/runner/Library/Developer/Xcode/DerivedData/SalmanCleanerMobile-feedweulbhasgaenidqhausboxfb/Index.noindex/DataStore -index-system-modules
SwiftCompile normal x86_64 /Users/runner/work/SalmanMacCleaner/SalmanMacCleaner/SalmanCleanerMobileTests/PhotoManagerTests.swift (in target 'SalmanCleanerMobileTests' from project 'SalmanCleanerMobile')
    cd /Users/runner/work/SalmanMacCleaner/SalmanMacCleaner
    /Applications/Xcode_15.4.app/Contents/Developer/Toolchains/XcodeDefault.xctoolchain/usr/bin/swift-frontend -c -primary-file /Users/runner/work/SalmanMacCleaner/SalmanMacCleaner/SalmanCleanerMobileTests/PhotoManagerTests.swift -emit-dependencies-path /Users/runner/Library/Developer/Xcode/DerivedData/SalmanCleanerMobile-feedweulbhasgaenidqhausboxfb/Build/Intermediates.noindex/SalmanCleanerMobile.build/Debug-maccatalyst/SalmanCleanerMobileTests.build/Objects-normal/x86_64/PhotoManagerTests.d -emit-const-values-path /Users/runner/Library/Developer/Xcode/DerivedData/SalmanCleanerMobile-feedweulbhasgaenidqhausboxfb/Build/Intermediates.noindex/SalmanCleanerMobile.build/Debug-maccatalyst/SalmanCleanerMobileTests.build/Objects-normal/x86_64/PhotoManagerTests.swiftconstvalues -emit-reference-dependencies-path /Users/runner/Library/Developer/Xcode/DerivedData/SalmanCleanerMobile-feedweulbhasgaenidqhausboxfb/Build/Intermediates.noindex/SalmanCleanerMobile.build/Debug-maccatalyst/SalmanCleanerMobileTests.build/Objects-normal/x86_64/PhotoManagerTests.swiftdeps -serialize-diagnostics-path /Users/runner/Library/Developer/Xcode/DerivedData/SalmanCleanerMobile-feedweulbhasgaenidqhausboxfb/Build/Intermediates.noindex/SalmanCleanerMobile.build/Debug-maccatalyst/SalmanCleanerMobileTests.build/Objects-normal/x86_64/PhotoManagerTests.dia -target x86_64-apple-ios16.0-macabi -enable-objc-interop -stack-check -sdk /Applications/Xcode_15.4.app/Contents/Developer/Platforms/MacOSX.platform/Developer/SDKs/MacOSX14.5.sdk -I /Users/runner/Library/Developer/Xcode/DerivedData/SalmanCleanerMobile-feedweulbhasgaenidqhausboxfb/Build/Products/Debug-maccatalyst -I /Applications/Xcode_15.4.app/Contents/Developer/Platforms/MacOSX.platform/Developer/usr/lib -F /Users/runner/Library/Developer/Xcode/DerivedData/SalmanCleanerMobile-feedweulbhasgaenidqhausboxfb/Build/Products/Debug-maccatalyst -Fsystem /Applications/Xcode_15.4.app/Contents/Developer/Platforms/MacOSX.platform/Developer/SDKs/MacOSX14.5.sdk/System/iOSSupport/System/Library/Frameworks -F /Applications/Xcode_15.4.app/Contents/Developer/Platforms/MacOSX.platform/Developer/Library/Frameworks -no-color-diagnostics -enable-testing -g -module-cache-path /Users/runner/Library/Developer/Xcode/DerivedData/ModuleCache.noindex -swift-version 5 -enforce-exclusivity\=checked -Onone -D DEBUG -serialize-debugging-options -const-gather-protocols-file /Users/runner/Library/Developer/Xcode/DerivedData/SalmanCleanerMobile-feedweulbhasgaenidqhausboxfb/Build/Intermediates.noindex/SalmanCleanerMobile.build/Debug-maccatalyst/SalmanCleanerMobileTests.build/Objects-normal/x86_64/SalmanCleanerMobileTests_const_extract_protocols.json -enable-bare-slash-regex -empty-abi-descriptor -validate-clang-modules-once -clang-build-session-file /Users/runner/Library/Developer/Xcode/DerivedData/ModuleCache.noindex/Session.modulevalidation -Xcc -working-directory -Xcc /Users/runner/work/SalmanMacCleaner/SalmanMacCleaner -resource-dir /Applications/Xcode_15.4.app/Contents/Developer/Toolchains/XcodeDefault.xctoolchain/usr/lib/swift -enable-anonymous-context-mangled-names -Xcc -ivfsstatcache -Xcc /Users/runner/Library/Developer/Xcode/DerivedData/SDKStatCaches.noindex/macosx14.5-23F73-370e46e0f02e54db71bc6d75e3f2cef2.sdkstatcache -Xcc -I/Users/runner/Library/Developer/Xcode/DerivedData/SalmanCleanerMobile-feedweulbhasgaenidqhausboxfb/Build/Intermediates.noindex/SalmanCleanerMobile.build/Debug-maccatalyst/SalmanCleanerMobileTests.build/swift-overrides.hmap -Xcc -iquote -Xcc /Users/runner/Library/Developer/Xcode/DerivedData/SalmanCleanerMobile-feedweulbhasgaenidqhausboxfb/Build/Intermediates.noindex/SalmanCleanerMobile.build/Debug-maccatalyst/SalmanCleanerMobileTests.build/SalmanCleanerMobileTests-generated-files.hmap -Xcc -I/Users/runner/Library/Developer/Xcode/DerivedData/SalmanCleanerMobile-feedweulbhasgaenidqhausboxfb/Build/Intermediates.noindex/SalmanCleanerMobile.build/Debug-maccatalyst/SalmanCleanerMobileTests.build/SalmanCleanerMobileTests-own-target-headers.hmap -Xcc -I/Users/runner/Library/Developer/Xcode/DerivedData/SalmanCleanerMobile-feedweulbhasgaenidqhausboxfb/Build/Intermediates.noindex/SalmanCleanerMobile.build/Debug-maccatalyst/SalmanCleanerMobileTests.build/SalmanCleanerMobileTests-all-non-framework-target-headers.hmap -Xcc -ivfsoverlay -Xcc /Users/runner/Library/Developer/Xcode/DerivedData/SalmanCleanerMobile-feedweulbhasgaenidqhausboxfb/Build/Intermediates.noindex/SalmanCleanerMobile.build/Debug-maccatalyst/SalmanCleanerMobileTests.build/all-product-headers.yaml -Xcc -iquote -Xcc /Users/runner/Library/Developer/Xcode/DerivedData/SalmanCleanerMobile-feedweulbhasgaenidqhausboxfb/Build/Intermediates.noindex/SalmanCleanerMobile.build/Debug-maccatalyst/SalmanCleanerMobileTests.build/SalmanCleanerMobileTests-project-headers.hmap -Xcc -I/Users/runner/Library/Developer/Xcode/DerivedData/SalmanCleanerMobile-feedweulbhasgaenidqhausboxfb/Build/Products/Debug-maccatalyst/include -Xcc -isystem -Xcc /Applications/Xcode_15.4.app/Contents/Developer/Platforms/MacOSX.platform/Developer/SDKs/MacOSX14.5.sdk/System/iOSSupport/usr/include -Xcc -I/Users/runner/Library/Developer/Xcode/DerivedData/SalmanCleanerMobile-feedweulbhasgaenidqhausboxfb/Build/Intermediates.noindex/SalmanCleanerMobile.build/Debug-maccatalyst/SalmanCleanerMobileTests.build/DerivedSources-normal/x86_64 -Xcc -I/Users/runner/Library/Developer/Xcode/DerivedData/SalmanCleanerMobile-feedweulbhasgaenidqhausboxfb/Build/Intermediates.noindex/SalmanCleanerMobile.build/Debug-maccatalyst/SalmanCleanerMobileTests.build/DerivedSources/x86_64 -Xcc -I/Users/runner/Library/Developer/Xcode/DerivedData/SalmanCleanerMobile-feedweulbhasgaenidqhausboxfb/Build/Intermediates.noindex/SalmanCleanerMobile.build/Debug-maccatalyst/SalmanCleanerMobileTests.build/DerivedSources -Xcc -DDEBUG\=1 -module-name SalmanCleanerMobileTests -frontend-parseable-output -disable-clang-spi -target-sdk-version 17.5 -target-sdk-name macosx14.5 -prebuilt-module-cache-path /Applications/Xcode_15.4.app/Contents/Developer/Toolchains/XcodeDefault.xctoolchain/usr/lib/swift/macosx/prebuilt-modules/14.5 -external-plugin-path /Applications/Xcode_15.4.app/Contents/Developer/Platforms/MacOSX.platform/Developer/SDKs/MacOSX14.5.sdk/usr/lib/swift/host/plugins\#/Applications/Xcode_15.4.app/Contents/Developer/Platforms/MacOSX.platform/Developer/SDKs/MacOSX14.5.sdk/usr/bin/swift-plugin-server -external-plugin-path /Applications/Xcode_15.4.app/Contents/Developer/Platforms/MacOSX.platform/Developer/SDKs/MacOSX14.5.sdk/usr/local/lib/swift/host/plugins\#/Applications/Xcode_15.4.app/Contents/Developer/Platforms/MacOSX.platform/Developer/SDKs/MacOSX14.5.sdk/usr/bin/swift-plugin-server -external-plugin-path /Applications/Xcode_15.4.app/Contents/Developer/Platforms/MacOSX.platform/Developer/usr/lib/swift/host/plugins\#/Applications/Xcode_15.4.app/Contents/Developer/Platforms/MacOSX.platform/Developer/usr/bin/swift-plugin-server -external-plugin-path /Applications/Xcode_15.4.app/Contents/Developer/Platforms/MacOSX.platform/Developer/usr/local/lib/swift/host/plugins\#/Applications/Xcode_15.4.app/Contents/Developer/Platforms/MacOSX.platform/Developer/usr/bin/swift-plugin-server -plugin-path /Applications/Xcode_15.4.app/Contents/Developer/Toolchains/XcodeDefault.xctoolchain/usr/lib/swift/host/plugins -plugin-path /Applications/Xcode_15.4.app/Contents/Developer/Toolchains/XcodeDefault.xctoolchain/usr/local/lib/swift/host/plugins -parse-as-library -o /Users/runner/Library/Developer/Xcode/DerivedData/SalmanCleanerMobile-feedweulbhasgaenidqhausboxfb/Build/Intermediates.noindex/SalmanCleanerMobile.build/Debug-maccatalyst/SalmanCleanerMobileTests.build/Objects-normal/x86_64/PhotoManagerTests.o -index-unit-output-path /SalmanCleanerMobile.build/Debug-maccatalyst/SalmanCleanerMobileTests.build/Objects-normal/x86_64/PhotoManagerTests.o -index-store-path /Users/runner/Library/Developer/Xcode/DerivedData/SalmanCleanerMobile-feedweulbhasgaenidqhausboxfb/Index.noindex/DataStore -index-system-modules
/Users/runner/work/SalmanMacCleaner/SalmanMacCleaner/SalmanCleanerMobileTests/PhotoManagerTests.swift:2:18: error: no such module 'SalmanCleanerMobile'
@testable import SalmanCleanerMobile
                 ^

SwiftEmitModule normal arm64 Emitting\ module\ for\ SalmanCleanerMobileTests (in target 'SalmanCleanerMobileTests' from project 'SalmanCleanerMobile')
    cd /Users/runner/work/SalmanMacCleaner/SalmanMacCleaner
    builtin-swiftTaskExecution -- /Applications/Xcode_15.4.app/Contents/Developer/Toolchains/XcodeDefault.xctoolchain/usr/bin/swift-frontend -frontend -emit-module -experimental-skip-non-inlinable-function-bodies-without-types /Users/runner/work/SalmanMacCleaner/SalmanMacCleaner/SalmanCleanerMobileTests/PhotoManagerTests.swift -target arm64-apple-ios16.0-macabi -Xllvm -aarch64-use-tbi -enable-objc-interop -stack-check -sdk /Applications/Xcode_15.4.app/Contents/Developer/Platforms/MacOSX.platform/Developer/SDKs/MacOSX14.5.sdk -I /Users/runner/Library/Developer/Xcode/DerivedData/SalmanCleanerMobile-feedweulbhasgaenidqhausboxfb/Build/Products/Debug-maccatalyst -I /Applications/Xcode_15.4.app/Contents/Developer/Platforms/MacOSX.platform/Developer/usr/lib -F /Users/runner/Library/Developer/Xcode/DerivedData/SalmanCleanerMobile-feedweulbhasgaenidqhausboxfb/Build/Products/Debug-maccatalyst -Fsystem /Applications/Xcode_15.4.app/Contents/Developer/Platforms/MacOSX.platform/Developer/SDKs/MacOSX14.5.sdk/System/iOSSupport/System/Library/Frameworks -F /Applications/Xcode_15.4.app/Contents/Developer/Platforms/MacOSX.platform/Developer/Library/Frameworks -no-color-diagnostics -enable-testing -g -module-cache-path /Users/runner/Library/Developer/Xcode/DerivedData/ModuleCache.noindex -swift-version 5 -enforce-exclusivity\=checked -Onone -D DEBUG -serialize-debugging-options -const-gather-protocols-file /Users/runner/Library/Developer/Xcode/DerivedData/SalmanCleanerMobile-feedweulbhasgaenidqhausboxfb/Build/Intermediates.noindex/SalmanCleanerMobile.build/Debug-maccatalyst/SalmanCleanerMobileTests.build/Objects-normal/arm64/SalmanCleanerMobileTests_const_extract_protocols.json -enable-bare-slash-regex -empty-abi-descriptor -validate-clang-modules-once -clang-build-session-file /Users/runner/Library/Developer/Xcode/DerivedData/ModuleCache.noindex/Session.modulevalidation -Xcc -working-directory -Xcc /Users/runner/work/SalmanMacCleaner/SalmanMacCleaner -resource-dir /Applications/Xcode_15.4.app/Contents/Developer/Toolchains/XcodeDefault.xctoolchain/usr/lib/swift -enable-anonymous-context-mangled-names -Xcc -ivfsstatcache -Xcc /Users/runner/Library/Developer/Xcode/DerivedData/SDKStatCaches.noindex/macosx14.5-23F73-370e46e0f02e54db71bc6d75e3f2cef2.sdkstatcache -Xcc -I/Users/runner/Library/Developer/Xcode/DerivedData/SalmanCleanerMobile-feedweulbhasgaenidqhausboxfb/Build/Intermediates.noindex/SalmanCleanerMobile.build/Debug-maccatalyst/SalmanCleanerMobileTests.build/swift-overrides.hmap -Xcc -iquote -Xcc /Users/runner/Library/Developer/Xcode/DerivedData/SalmanCleanerMobile-feedweulbhasgaenidqhausboxfb/Build/Intermediates.noindex/SalmanCleanerMobile.build/Debug-maccatalyst/SalmanCleanerMobileTests.build/SalmanCleanerMobileTests-generated-files.hmap -Xcc -I/Users/runner/Library/Developer/Xcode/DerivedData/SalmanCleanerMobile-feedweulbhasgaenidqhausboxfb/Build/Intermediates.noindex/SalmanCleanerMobile.build/Debug-maccatalyst/SalmanCleanerMobileTests.build/SalmanCleanerMobileTests-own-target-headers.hmap -Xcc -I/Users/runner/Library/Developer/Xcode/DerivedData/SalmanCleanerMobile-feedweulbhasgaenidqhausboxfb/Build/Intermediates.noindex/SalmanCleanerMobile.build/Debug-maccatalyst/SalmanCleanerMobileTests.build/SalmanCleanerMobileTests-all-non-framework-target-headers.hmap -Xcc -ivfsoverlay -Xcc /Users/runner/Library/Developer/Xcode/DerivedData/SalmanCleanerMobile-feedweulbhasgaenidqhausboxfb/Build/Intermediates.noindex/SalmanCleanerMobile.build/Debug-maccatalyst/SalmanCleanerMobileTests.build/all-product-headers.yaml -Xcc -iquote -Xcc /Users/runner/Library/Developer/Xcode/DerivedData/SalmanCleanerMobile-feedweulbhasgaenidqhausboxfb/Build/Intermediates.noindex/SalmanCleanerMobile.build/Debug-maccatalyst/SalmanCleanerMobileTests.build/SalmanCleanerMobileTests-project-headers.hmap -Xcc -I/Users/runner/Library/Developer/Xcode/DerivedData/SalmanCleanerMobile-feedweulbhasgaenidqhausboxfb/Build/Products/Debug-maccatalyst/include -Xcc -isystem -Xcc /Applications/Xcode_15.4.app/Contents/Developer/Platforms/MacOSX.platform/Developer/SDKs/MacOSX14.5.sdk/System/iOSSupport/usr/include -Xcc -I/Users/runner/Library/Developer/Xcode/DerivedData/SalmanCleanerMobile-feedweulbhasgaenidqhausboxfb/Build/Intermediates.noindex/SalmanCleanerMobile.build/Debug-maccatalyst/SalmanCleanerMobileTests.build/DerivedSources-normal/arm64 -Xcc -I/Users/runner/Library/Developer/Xcode/DerivedData/SalmanCleanerMobile-feedweulbhasgaenidqhausboxfb/Build/Intermediates.noindex/SalmanCleanerMobile.build/Debug-maccatalyst/SalmanCleanerMobileTests.build/DerivedSources/arm64 -Xcc -I/Users/runner/Library/Developer/Xcode/DerivedData/SalmanCleanerMobile-feedweulbhasgaenidqhausboxfb/Build/Intermediates.noindex/SalmanCleanerMobile.build/Debug-maccatalyst/SalmanCleanerMobileTests.build/DerivedSources -Xcc -DDEBUG\=1 -module-name SalmanCleanerMobileTests -disable-clang-spi -target-sdk-version 17.5 -target-sdk-name macosx14.5 -prebuilt-module-cache-path /Applications/Xcode_15.4.app/Contents/Developer/Toolchains/XcodeDefault.xctoolchain/usr/lib/swift/macosx/prebuilt-modules/14.5 -external-plugin-path /Applications/Xcode_15.4.app/Contents/Developer/Platforms/MacOSX.platform/Developer/SDKs/MacOSX14.5.sdk/usr/lib/swift/host/plugins\#/Applications/Xcode_15.4.app/Contents/Developer/Platforms/MacOSX.platform/Developer/SDKs/MacOSX14.5.sdk/usr/bin/swift-plugin-server -external-plugin-path /Applications/Xcode_15.4.app/Contents/Developer/Platforms/MacOSX.platform/Developer/SDKs/MacOSX14.5.sdk/usr/local/lib/swift/host/plugins\#/Applications/Xcode_15.4.app/Contents/Developer/Platforms/MacOSX.platform/Developer/SDKs/MacOSX14.5.sdk/usr/bin/swift-plugin-server -external-plugin-path /Applications/Xcode_15.4.app/Contents/Developer/Platforms/MacOSX.platform/Developer/usr/lib/swift/host/plugins\#/Applications/Xcode_15.4.app/Contents/Developer/Platforms/MacOSX.platform/Developer/usr/bin/swift-plugin-server -external-plugin-path /Applications/Xcode_15.4.app/Contents/Developer/Platforms/MacOSX.platform/Developer/usr/local/lib/swift/host/plugins\#/Applications/Xcode_15.4.app/Contents/Developer/Platforms/MacOSX.platform/Developer/usr/bin/swift-plugin-server -plugin-path /Applications/Xcode_15.4.app/Contents/Developer/Toolchains/XcodeDefault.xctoolchain/usr/lib/swift/host/plugins -plugin-path /Applications/Xcode_15.4.app/Contents/Developer/Toolchains/XcodeDefault.xctoolchain/usr/local/lib/swift/host/plugins -emit-module-doc-path /Users/runner/Library/Developer/Xcode/DerivedData/SalmanCleanerMobile-feedweulbhasgaenidqhausboxfb/Build/Intermediates.noindex/SalmanCleanerMobile.build/Debug-maccatalyst/SalmanCleanerMobileTests.build/Objects-normal/arm64/SalmanCleanerMobileTests.swiftdoc -emit-module-source-info-path /Users/runner/Library/Developer/Xcode/DerivedData/SalmanCleanerMobile-feedweulbhasgaenidqhausboxfb/Build/Intermediates.noindex/SalmanCleanerMobile.build/Debug-maccatalyst/SalmanCleanerMobileTests.build/Objects-normal/arm64/SalmanCleanerMobileTests.swiftsourceinfo -emit-objc-header-path /Users/runner/Library/Developer/Xcode/DerivedData/SalmanCleanerMobile-feedweulbhasgaenidqhausboxfb/Build/Intermediates.noindex/SalmanCleanerMobile.build/Debug-maccatalyst/SalmanCleanerMobileTests.build/Objects-normal/arm64/SalmanCleanerMobileTests-Swift.h -serialize-diagnostics-path /Users/runner/Library/Developer/Xcode/DerivedData/SalmanCleanerMobile-feedweulbhasgaenidqhausboxfb/Build/Intermediates.noindex/SalmanCleanerMobile.build/Debug-maccatalyst/SalmanCleanerMobileTests.build/Objects-normal/arm64/SalmanCleanerMobileTests-master-emit-module.dia -emit-dependencies-path /Users/runner/Library/Developer/Xcode/DerivedData/SalmanCleanerMobile-feedweulbhasgaenidqhausboxfb/Build/Intermediates.noindex/SalmanCleanerMobile.build/Debug-maccatalyst/SalmanCleanerMobileTests.build/Objects-normal/arm64/SalmanCleanerMobileTests-master-emit-module.d -parse-as-library -o /Users/runner/Library/Developer/Xcode/DerivedData/SalmanCleanerMobile-feedweulbhasgaenidqhausboxfb/Build/Intermediates.noindex/SalmanCleanerMobile.build/Debug-maccatalyst/SalmanCleanerMobileTests.build/Objects-normal/arm64/SalmanCleanerMobileTests.swiftmodule -emit-abi-descriptor-path /Users/runner/Library/Developer/Xcode/DerivedData/SalmanCleanerMobile-feedweulbhasgaenidqhausboxfb/Build/Intermediates.noindex/SalmanCleanerMobile.build/Debug-maccatalyst/SalmanCleanerMobileTests.build/Objects-normal/arm64/SalmanCleanerMobileTests.abi.json
/Users/runner/work/SalmanMacCleaner/SalmanMacCleaner/SalmanCleanerMobileTests/PhotoManagerTests.swift:2:18: error: no such module 'SalmanCleanerMobile'
@testable import SalmanCleanerMobile
                 ^

SwiftDriverJobDiscovery normal arm64 Compiling ContentView.swift, DuplicatesView.swift (in target 'SalmanCleanerMobile' from project 'SalmanCleanerMobile')

SwiftCompile normal arm64 Compiling\ PhotoManagerTests.swift /Users/runner/work/SalmanMacCleaner/SalmanMacCleaner/SalmanCleanerMobileTests/PhotoManagerTests.swift (in target 'SalmanCleanerMobileTests' from project 'SalmanCleanerMobile')
    cd /Users/runner/work/SalmanMacCleaner/SalmanMacCleaner
    builtin-swiftTaskExecution -- /Applications/Xcode_15.4.app/Contents/Developer/Toolchains/XcodeDefault.xctoolchain/usr/bin/swift-frontend -frontend -c -primary-file /Users/runner/work/SalmanMacCleaner/SalmanMacCleaner/SalmanCleanerMobileTests/PhotoManagerTests.swift -emit-dependencies-path /Users/runner/Library/Developer/Xcode/DerivedData/SalmanCleanerMobile-feedweulbhasgaenidqhausboxfb/Build/Intermediates.noindex/SalmanCleanerMobile.build/Debug-maccatalyst/SalmanCleanerMobileTests.build/Objects-normal/arm64/PhotoManagerTests.d -emit-const-values-path /Users/runner/Library/Developer/Xcode/DerivedData/SalmanCleanerMobile-feedweulbhasgaenidqhausboxfb/Build/Intermediates.noindex/SalmanCleanerMobile.build/Debug-maccatalyst/SalmanCleanerMobileTests.build/Objects-normal/arm64/PhotoManagerTests.swiftconstvalues -emit-reference-dependencies-path /Users/runner/Library/Developer/Xcode/DerivedData/SalmanCleanerMobile-feedweulbhasgaenidqhausboxfb/Build/Intermediates.noindex/SalmanCleanerMobile.build/Debug-maccatalyst/SalmanCleanerMobileTests.build/Objects-normal/arm64/PhotoManagerTests.swiftdeps -serialize-diagnostics-path /Users/runner/Library/Developer/Xcode/DerivedData/SalmanCleanerMobile-feedweulbhasgaenidqhausboxfb/Build/Intermediates.noindex/SalmanCleanerMobile.build/Debug-maccatalyst/SalmanCleanerMobileTests.build/Objects-normal/arm64/PhotoManagerTests.dia -target arm64-apple-ios16.0-macabi -Xllvm -aarch64-use-tbi -enable-objc-interop -stack-check -sdk /Applications/Xcode_15.4.app/Contents/Developer/Platforms/MacOSX.platform/Developer/SDKs/MacOSX14.5.sdk -I /Users/runner/Library/Developer/Xcode/DerivedData/SalmanCleanerMobile-feedweulbhasgaenidqhausboxfb/Build/Products/Debug-maccatalyst -I /Applications/Xcode_15.4.app/Contents/Developer/Platforms/MacOSX.platform/Developer/usr/lib -F /Users/runner/Library/Developer/Xcode/DerivedData/SalmanCleanerMobile-feedweulbhasgaenidqhausboxfb/Build/Products/Debug-maccatalyst -Fsystem /Applications/Xcode_15.4.app/Contents/Developer/Platforms/MacOSX.platform/Developer/SDKs/MacOSX14.5.sdk/System/iOSSupport/System/Library/Frameworks -F /Applications/Xcode_15.4.app/Contents/Developer/Platforms/MacOSX.platform/Developer/Library/Frameworks -no-color-diagnostics -enable-testing -g -module-cache-path /Users/runner/Library/Developer/Xcode/DerivedData/ModuleCache.noindex -swift-version 5 -enforce-exclusivity\=checked -Onone -D DEBUG -serialize-debugging-options -const-gather-protocols-file /Users/runner/Library/Developer/Xcode/DerivedData/SalmanCleanerMobile-feedweulbhasgaenidqhausboxfb/Build/Intermediates.noindex/SalmanCleanerMobile.build/Debug-maccatalyst/SalmanCleanerMobileTests.build/Objects-normal/arm64/SalmanCleanerMobileTests_const_extract_protocols.json -enable-bare-slash-regex -empty-abi-descriptor -validate-clang-modules-once -clang-build-session-file /Users/runner/Library/Developer/Xcode/DerivedData/ModuleCache.noindex/Session.modulevalidation -Xcc -working-directory -Xcc /Users/runner/work/SalmanMacCleaner/SalmanMacCleaner -resource-dir /Applications/Xcode_15.4.app/Contents/Developer/Toolchains/XcodeDefault.xctoolchain/usr/lib/swift -enable-anonymous-context-mangled-names -Xcc -ivfsstatcache -Xcc /Users/runner/Library/Developer/Xcode/DerivedData/SDKStatCaches.noindex/macosx14.5-23F73-370e46e0f02e54db71bc6d75e3f2cef2.sdkstatcache -Xcc -I/Users/runner/Library/Developer/Xcode/DerivedData/SalmanCleanerMobile-feedweulbhasgaenidqhausboxfb/Build/Intermediates.noindex/SalmanCleanerMobile.build/Debug-maccatalyst/SalmanCleanerMobileTests.build/swift-overrides.hmap -Xcc -iquote -Xcc /Users/runner/Library/Developer/Xcode/DerivedData/SalmanCleanerMobile-feedweulbhasgaenidqhausboxfb/Build/Intermediates.noindex/SalmanCleanerMobile.build/Debug-maccatalyst/SalmanCleanerMobileTests.build/SalmanCleanerMobileTests-generated-files.hmap -Xcc -I/Users/runner/Library/Developer/Xcode/DerivedData/SalmanCleanerMobile-feedweulbhasgaenidqhausboxfb/Build/Intermediates.noindex/SalmanCleanerMobile.build/Debug-maccatalyst/SalmanCleanerMobileTests.build/SalmanCleanerMobileTests-own-target-headers.hmap -Xcc -I/Users/runner/Library/Developer/Xcode/DerivedData/SalmanCleanerMobile-feedweulbhasgaenidqhausboxfb/Build/Intermediates.noindex/SalmanCleanerMobile.build/Debug-maccatalyst/SalmanCleanerMobileTests.build/SalmanCleanerMobileTests-all-non-framework-target-headers.hmap -Xcc -ivfsoverlay -Xcc /Users/runner/Library/Developer/Xcode/DerivedData/SalmanCleanerMobile-feedweulbhasgaenidqhausboxfb/Build/Intermediates.noindex/SalmanCleanerMobile.build/Debug-maccatalyst/SalmanCleanerMobileTests.build/all-product-headers.yaml -Xcc -iquote -Xcc /Users/runner/Library/Developer/Xcode/DerivedData/SalmanCleanerMobile-feedweulbhasgaenidqhausboxfb/Build/Intermediates.noindex/SalmanCleanerMobile.build/Debug-maccatalyst/SalmanCleanerMobileTests.build/SalmanCleanerMobileTests-project-headers.hmap -Xcc -I/Users/runner/Library/Developer/Xcode/DerivedData/SalmanCleanerMobile-feedweulbhasgaenidqhausboxfb/Build/Products/Debug-maccatalyst/include -Xcc -isystem -Xcc /Applications/Xcode_15.4.app/Contents/Developer/Platforms/MacOSX.platform/Developer/SDKs/MacOSX14.5.sdk/System/iOSSupport/usr/include -Xcc -I/Users/runner/Library/Developer/Xcode/DerivedData/SalmanCleanerMobile-feedweulbhasgaenidqhausboxfb/Build/Intermediates.noindex/SalmanCleanerMobile.build/Debug-maccatalyst/SalmanCleanerMobileTests.build/DerivedSources-normal/arm64 -Xcc -I/Users/runner/Library/Developer/Xcode/DerivedData/SalmanCleanerMobile-feedweulbhasgaenidqhausboxfb/Build/Intermediates.noindex/SalmanCleanerMobile.build/Debug-maccatalyst/SalmanCleanerMobileTests.build/DerivedSources/arm64 -Xcc -I/Users/runner/Library/Developer/Xcode/DerivedData/SalmanCleanerMobile-feedweulbhasgaenidqhausboxfb/Build/Intermediates.noindex/SalmanCleanerMobile.build/Debug-maccatalyst/SalmanCleanerMobileTests.build/DerivedSources -Xcc -DDEBUG\=1 -module-name SalmanCleanerMobileTests -frontend-parseable-output -disable-clang-spi -target-sdk-version 17.5 -target-sdk-name macosx14.5 -prebuilt-module-cache-path /Applications/Xcode_15.4.app/Contents/Developer/Toolchains/XcodeDefault.xctoolchain/usr/lib/swift/macosx/prebuilt-modules/14.5 -external-plugin-path /Applications/Xcode_15.4.app/Contents/Developer/Platforms/MacOSX.platform/Developer/SDKs/MacOSX14.5.sdk/usr/lib/swift/host/plugins\#/Applications/Xcode_15.4.app/Contents/Developer/Platforms/MacOSX.platform/Developer/SDKs/MacOSX14.5.sdk/usr/bin/swift-plugin-server -external-plugin-path /Applications/Xcode_15.4.app/Contents/Developer/Platforms/MacOSX.platform/Developer/SDKs/MacOSX14.5.sdk/usr/local/lib/swift/host/plugins\#/Applications/Xcode_15.4.app/Contents/Developer/Platforms/MacOSX.platform/Developer/SDKs/MacOSX14.5.sdk/usr/bin/swift-plugin-server -external-plugin-path /Applications/Xcode_15.4.app/Contents/Developer/Platforms/MacOSX.platform/Developer/usr/lib/swift/host/plugins\#/Applications/Xcode_15.4.app/Contents/Developer/Platforms/MacOSX.platform/Developer/usr/bin/swift-plugin-server -external-plugin-path /Applications/Xcode_15.4.app/Contents/Developer/Platforms/MacOSX.platform/Developer/usr/local/lib/swift/host/plugins\#/Applications/Xcode_15.4.app/Contents/Developer/Platforms/MacOSX.platform/Developer/usr/bin/swift-plugin-server -plugin-path /Applications/Xcode_15.4.app/Contents/Developer/Toolchains/XcodeDefault.xctoolchain/usr/lib/swift/host/plugins -plugin-path /Applications/Xcode_15.4.app/Contents/Developer/Toolchains/XcodeDefault.xctoolchain/usr/local/lib/swift/host/plugins -parse-as-library -o /Users/runner/Library/Developer/Xcode/DerivedData/SalmanCleanerMobile-feedweulbhasgaenidqhausboxfb/Build/Intermediates.noindex/SalmanCleanerMobile.build/Debug-maccatalyst/SalmanCleanerMobileTests.build/Objects-normal/arm64/PhotoManagerTests.o -index-unit-output-path /SalmanCleanerMobile.build/Debug-maccatalyst/SalmanCleanerMobileTests.build/Objects-normal/arm64/PhotoManagerTests.o -index-store-path /Users/runner/Library/Developer/Xcode/DerivedData/SalmanCleanerMobile-feedweulbhasgaenidqhausboxfb/Index.noindex/DataStore -index-system-modules
SwiftCompile normal arm64 /Users/runner/work/SalmanMacCleaner/SalmanMacCleaner/SalmanCleanerMobileTests/PhotoManagerTests.swift (in target 'SalmanCleanerMobileTests' from project 'SalmanCleanerMobile')
    cd /Users/runner/work/SalmanMacCleaner/SalmanMacCleaner
    /Applications/Xcode_15.4.app/Contents/Developer/Toolchains/XcodeDefault.xctoolchain/usr/bin/swift-frontend -c -primary-file /Users/runner/work/SalmanMacCleaner/SalmanMacCleaner/SalmanCleanerMobileTests/PhotoManagerTests.swift -emit-dependencies-path /Users/runner/Library/Developer/Xcode/DerivedData/SalmanCleanerMobile-feedweulbhasgaenidqhausboxfb/Build/Intermediates.noindex/SalmanCleanerMobile.build/Debug-maccatalyst/SalmanCleanerMobileTests.build/Objects-normal/arm64/PhotoManagerTests.d -emit-const-values-path /Users/runner/Library/Developer/Xcode/DerivedData/SalmanCleanerMobile-feedweulbhasgaenidqhausboxfb/Build/Intermediates.noindex/SalmanCleanerMobile.build/Debug-maccatalyst/SalmanCleanerMobileTests.build/Objects-normal/arm64/PhotoManagerTests.swiftconstvalues -emit-reference-dependencies-path /Users/runner/Library/Developer/Xcode/DerivedData/SalmanCleanerMobile-feedweulbhasgaenidqhausboxfb/Build/Intermediates.noindex/SalmanCleanerMobile.build/Debug-maccatalyst/SalmanCleanerMobileTests.build/Objects-normal/arm64/PhotoManagerTests.swiftdeps -serialize-diagnostics-path /Users/runner/Library/Developer/Xcode/DerivedData/SalmanCleanerMobile-feedweulbhasgaenidqhausboxfb/Build/Intermediates.noindex/SalmanCleanerMobile.build/Debug-maccatalyst/SalmanCleanerMobileTests.build/Objects-normal/arm64/PhotoManagerTests.dia -target arm64-apple-ios16.0-macabi -Xllvm -aarch64-use-tbi -enable-objc-interop -stack-check -sdk /Applications/Xcode_15.4.app/Contents/Developer/Platforms/MacOSX.platform/Developer/SDKs/MacOSX14.5.sdk -I /Users/runner/Library/Developer/Xcode/DerivedData/SalmanCleanerMobile-feedweulbhasgaenidqhausboxfb/Build/Products/Debug-maccatalyst -I /Applications/Xcode_15.4.app/Contents/Developer/Platforms/MacOSX.platform/Developer/usr/lib -F /Users/runner/Library/Developer/Xcode/DerivedData/SalmanCleanerMobile-feedweulbhasgaenidqhausboxfb/Build/Products/Debug-maccatalyst -Fsystem /Applications/Xcode_15.4.app/Contents/Developer/Platforms/MacOSX.platform/Developer/SDKs/MacOSX14.5.sdk/System/iOSSupport/System/Library/Frameworks -F /Applications/Xcode_15.4.app/Contents/Developer/Platforms/MacOSX.platform/Developer/Library/Frameworks -no-color-diagnostics -enable-testing -g -module-cache-path /Users/runner/Library/Developer/Xcode/DerivedData/ModuleCache.noindex -swift-version 5 -enforce-exclusivity\=checked -Onone -D DEBUG -serialize-debugging-options -const-gather-protocols-file /Users/runner/Library/Developer/Xcode/DerivedData/SalmanCleanerMobile-feedweulbhasgaenidqhausboxfb/Build/Intermediates.noindex/SalmanCleanerMobile.build/Debug-maccatalyst/SalmanCleanerMobileTests.build/Objects-normal/arm64/SalmanCleanerMobileTests_const_extract_protocols.json -enable-bare-slash-regex -empty-abi-descriptor -validate-clang-modules-once -clang-build-session-file /Users/runner/Library/Developer/Xcode/DerivedData/ModuleCache.noindex/Session.modulevalidation -Xcc -working-directory -Xcc /Users/runner/work/SalmanMacCleaner/SalmanMacCleaner -resource-dir /Applications/Xcode_15.4.app/Contents/Developer/Toolchains/XcodeDefault.xctoolchain/usr/lib/swift -enable-anonymous-context-mangled-names -Xcc -ivfsstatcache -Xcc /Users/runner/Library/Developer/Xcode/DerivedData/SDKStatCaches.noindex/macosx14.5-23F73-370e46e0f02e54db71bc6d75e3f2cef2.sdkstatcache -Xcc -I/Users/runner/Library/Developer/Xcode/DerivedData/SalmanCleanerMobile-feedweulbhasgaenidqhausboxfb/Build/Intermediates.noindex/SalmanCleanerMobile.build/Debug-maccatalyst/SalmanCleanerMobileTests.build/swift-overrides.hmap -Xcc -iquote -Xcc /Users/runner/Library/Developer/Xcode/DerivedData/SalmanCleanerMobile-feedweulbhasgaenidqhausboxfb/Build/Intermediates.noindex/SalmanCleanerMobile.build/Debug-maccatalyst/SalmanCleanerMobileTests.build/SalmanCleanerMobileTests-generated-files.hmap -Xcc -I/Users/runner/Library/Developer/Xcode/DerivedData/SalmanCleanerMobile-feedweulbhasgaenidqhausboxfb/Build/Intermediates.noindex/SalmanCleanerMobile.build/Debug-maccatalyst/SalmanCleanerMobileTests.build/SalmanCleanerMobileTests-own-target-headers.hmap -Xcc -I/Users/runner/Library/Developer/Xcode/DerivedData/SalmanCleanerMobile-feedweulbhasgaenidqhausboxfb/Build/Intermediates.noindex/SalmanCleanerMobile.build/Debug-maccatalyst/SalmanCleanerMobileTests.build/SalmanCleanerMobileTests-all-non-framework-target-headers.hmap -Xcc -ivfsoverlay -Xcc /Users/runner/Library/Developer/Xcode/DerivedData/SalmanCleanerMobile-feedweulbhasgaenidqhausboxfb/Build/Intermediates.noindex/SalmanCleanerMobile.build/Debug-maccatalyst/SalmanCleanerMobileTests.build/all-product-headers.yaml -Xcc -iquote -Xcc /Users/runner/Library/Developer/Xcode/DerivedData/SalmanCleanerMobile-feedweulbhasgaenidqhausboxfb/Build/Intermediates.noindex/SalmanCleanerMobile.build/Debug-maccatalyst/SalmanCleanerMobileTests.build/SalmanCleanerMobileTests-project-headers.hmap -Xcc -I/Users/runner/Library/Developer/Xcode/DerivedData/SalmanCleanerMobile-feedweulbhasgaenidqhausboxfb/Build/Products/Debug-maccatalyst/include -Xcc -isystem -Xcc /Applications/Xcode_15.4.app/Contents/Developer/Platforms/MacOSX.platform/Developer/SDKs/MacOSX14.5.sdk/System/iOSSupport/usr/include -Xcc -I/Users/runner/Library/Developer/Xcode/DerivedData/SalmanCleanerMobile-feedweulbhasgaenidqhausboxfb/Build/Intermediates.noindex/SalmanCleanerMobile.build/Debug-maccatalyst/SalmanCleanerMobileTests.build/DerivedSources-normal/arm64 -Xcc -I/Users/runner/Library/Developer/Xcode/DerivedData/SalmanCleanerMobile-feedweulbhasgaenidqhausboxfb/Build/Intermediates.noindex/SalmanCleanerMobile.build/Debug-maccatalyst/SalmanCleanerMobileTests.build/DerivedSources/arm64 -Xcc -I/Users/runner/Library/Developer/Xcode/DerivedData/SalmanCleanerMobile-feedweulbhasgaenidqhausboxfb/Build/Intermediates.noindex/SalmanCleanerMobile.build/Debug-maccatalyst/SalmanCleanerMobileTests.build/DerivedSources -Xcc -DDEBUG\=1 -module-name SalmanCleanerMobileTests -frontend-parseable-output -disable-clang-spi -target-sdk-version 17.5 -target-sdk-name macosx14.5 -prebuilt-module-cache-path /Applications/Xcode_15.4.app/Contents/Developer/Toolchains/XcodeDefault.xctoolchain/usr/lib/swift/macosx/prebuilt-modules/14.5 -external-plugin-path /Applications/Xcode_15.4.app/Contents/Developer/Platforms/MacOSX.platform/Developer/SDKs/MacOSX14.5.sdk/usr/lib/swift/host/plugins\#/Applications/Xcode_15.4.app/Contents/Developer/Platforms/MacOSX.platform/Developer/SDKs/MacOSX14.5.sdk/usr/bin/swift-plugin-server -external-plugin-path /Applications/Xcode_15.4.app/Contents/Developer/Platforms/MacOSX.platform/Developer/SDKs/MacOSX14.5.sdk/usr/local/lib/swift/host/plugins\#/Applications/Xcode_15.4.app/Contents/Developer/Platforms/MacOSX.platform/Developer/SDKs/MacOSX14.5.sdk/usr/bin/swift-plugin-server -external-plugin-path /Applications/Xcode_15.4.app/Contents/Developer/Platforms/MacOSX.platform/Developer/usr/lib/swift/host/plugins\#/Applications/Xcode_15.4.app/Contents/Developer/Platforms/MacOSX.platform/Developer/usr/bin/swift-plugin-server -external-plugin-path /Applications/Xcode_15.4.app/Contents/Developer/Platforms/MacOSX.platform/Developer/usr/local/lib/swift/host/plugins\#/Applications/Xcode_15.4.app/Contents/Developer/Platforms/MacOSX.platform/Developer/usr/bin/swift-plugin-server -plugin-path /Applications/Xcode_15.4.app/Contents/Developer/Toolchains/XcodeDefault.xctoolchain/usr/lib/swift/host/plugins -plugin-path /Applications/Xcode_15.4.app/Contents/Developer/Toolchains/XcodeDefault.xctoolchain/usr/local/lib/swift/host/plugins -parse-as-library -o /Users/runner/Library/Developer/Xcode/DerivedData/SalmanCleanerMobile-feedweulbhasgaenidqhausboxfb/Build/Intermediates.noindex/SalmanCleanerMobile.build/Debug-maccatalyst/SalmanCleanerMobileTests.build/Objects-normal/arm64/PhotoManagerTests.o -index-unit-output-path /SalmanCleanerMobile.build/Debug-maccatalyst/SalmanCleanerMobileTests.build/Objects-normal/arm64/PhotoManagerTests.o -index-store-path /Users/runner/Library/Developer/Xcode/DerivedData/SalmanCleanerMobile-feedweulbhasgaenidqhausboxfb/Index.noindex/DataStore -index-system-modules

SwiftDriver\ Compilation\ Requirements SalmanCleanerMobileTests normal x86_64 com.apple.xcode.tools.swift.compiler (in target 'SalmanCleanerMobileTests' from project 'SalmanCleanerMobile')
    cd /Users/runner/work/SalmanMacCleaner/SalmanMacCleaner
    builtin-Swift-Compilation-Requirements -- /Applications/Xcode_15.4.app/Contents/Developer/Toolchains/XcodeDefault.xctoolchain/usr/bin/swiftc -module-name SalmanCleanerMobileTests -Onone -enforce-exclusivity\=checked @/Users/runner/Library/Developer/Xcode/DerivedData/SalmanCleanerMobile-feedweulbhasgaenidqhausboxfb/Build/Intermediates.noindex/SalmanCleanerMobile.build/Debug-maccatalyst/SalmanCleanerMobileTests.build/Objects-normal/x86_64/SalmanCleanerMobileTests.SwiftFileList -DDEBUG -sdk /Applications/Xcode_15.4.app/Contents/Developer/Platforms/MacOSX.platform/Developer/SDKs/MacOSX14.5.sdk -target x86_64-apple-ios16.0-macabi -enable-bare-slash-regex -g -module-cache-path /Users/runner/Library/Developer/Xcode/DerivedData/ModuleCache.noindex -Xfrontend -serialize-debugging-options -enable-testing -index-store-path /Users/runner/Library/Developer/Xcode/DerivedData/SalmanCleanerMobile-feedweulbhasgaenidqhausboxfb/Index.noindex/DataStore -swift-version 5 -I /Users/runner/Library/Developer/Xcode/DerivedData/SalmanCleanerMobile-feedweulbhasgaenidqhausboxfb/Build/Products/Debug-maccatalyst -I /Applications/Xcode_15.4.app/Contents/Developer/Platforms/MacOSX.platform/Developer/usr/lib -F /Users/runner/Library/Developer/Xcode/DerivedData/SalmanCleanerMobile-feedweulbhasgaenidqhausboxfb/Build/Products/Debug-maccatalyst -Fsystem /Applications/Xcode_15.4.app/Contents/Developer/Platforms/MacOSX.platform/Developer/SDKs/MacOSX14.5.sdk/System/iOSSupport/System/Library/Frameworks -F /Applications/Xcode_15.4.app/Contents/Developer/Platforms/MacOSX.platform/Developer/Library/Frameworks -parse-as-library -c -j3 -enable-batch-mode -incremental -Xcc -ivfsstatcache -Xcc /Users/runner/Library/Developer/Xcode/DerivedData/SDKStatCaches.noindex/macosx14.5-23F73-370e46e0f02e54db71bc6d75e3f2cef2.sdkstatcache -output-file-map /Users/runner/Library/Developer/Xcode/DerivedData/SalmanCleanerMobile-feedweulbhasgaenidqhausboxfb/Build/Intermediates.noindex/SalmanCleanerMobile.build/Debug-maccatalyst/SalmanCleanerMobileTests.build/Objects-normal/x86_64/SalmanCleanerMobileTests-OutputFileMap.json -use-frontend-parseable-output -save-temps -no-color-diagnostics -serialize-diagnostics -emit-dependencies -emit-module -emit-module-path /Users/runner/Library/Developer/Xcode/DerivedData/SalmanCleanerMobile-feedweulbhasgaenidqhausboxfb/Build/Intermediates.noindex/SalmanCleanerMobile.build/Debug-maccatalyst/SalmanCleanerMobileTests.build/Objects-normal/x86_64/SalmanCleanerMobileTests.swiftmodule -validate-clang-modules-once -clang-build-session-file /Users/runner/Library/Developer/Xcode/DerivedData/ModuleCache.noindex/Session.modulevalidation -Xcc -I/Users/runner/Library/Developer/Xcode/DerivedData/SalmanCleanerMobile-feedweulbhasgaenidqhausboxfb/Build/Intermediates.noindex/SalmanCleanerMobile.build/Debug-maccatalyst/SalmanCleanerMobileTests.build/swift-overrides.hmap -emit-const-values -Xfrontend -const-gather-protocols-file -Xfrontend /Users/runner/Library/Developer/Xcode/DerivedData/SalmanCleanerMobile-feedweulbhasgaenidqhausboxfb/Build/Intermediates.noindex/SalmanCleanerMobile.build/Debug-maccatalyst/SalmanCleanerMobileTests.build/Objects-normal/x86_64/SalmanCleanerMobileTests_const_extract_protocols.json -Xcc -iquote -Xcc /Users/runner/Library/Developer/Xcode/DerivedData/SalmanCleanerMobile-feedweulbhasgaenidqhausboxfb/Build/Intermediates.noindex/SalmanCleanerMobile.build/Debug-maccatalyst/SalmanCleanerMobileTests.build/SalmanCleanerMobileTests-generated-files.hmap -Xcc -I/Users/runner/Library/Developer/Xcode/DerivedData/SalmanCleanerMobile-feedweulbhasgaenidqhausboxfb/Build/Intermediates.noindex/SalmanCleanerMobile.build/Debug-maccatalyst/SalmanCleanerMobileTests.build/SalmanCleanerMobileTests-own-target-headers.hmap -Xcc -I/Users/runner/Library/Developer/Xcode/DerivedData/SalmanCleanerMobile-feedweulbhasgaenidqhausboxfb/Build/Intermediates.noindex/SalmanCleanerMobile.build/Debug-maccatalyst/SalmanCleanerMobileTests.build/SalmanCleanerMobileTests-all-non-framework-target-headers.hmap -Xcc -ivfsoverlay -Xcc /Users/runner/Library/Developer/Xcode/DerivedData/SalmanCleanerMobile-feedweulbhasgaenidqhausboxfb/Build/Intermediates.noindex/SalmanCleanerMobile.build/Debug-maccatalyst/SalmanCleanerMobileTests.build/all-product-headers.yaml -Xcc -iquote -Xcc /Users/runner/Library/Developer/Xcode/DerivedData/SalmanCleanerMobile-feedweulbhasgaenidqhausboxfb/Build/Intermediates.noindex/SalmanCleanerMobile.build/Debug-maccatalyst/SalmanCleanerMobileTests.build/SalmanCleanerMobileTests-project-headers.hmap -Xcc -I/Users/runner/Library/Developer/Xcode/DerivedData/SalmanCleanerMobile-feedweulbhasgaenidqhausboxfb/Build/Products/Debug-maccatalyst/include -Xcc -isystem -Xcc /Applications/Xcode_15.4.app/Contents/Developer/Platforms/MacOSX.platform/Developer/SDKs/MacOSX14.5.sdk/System/iOSSupport/usr/include -Xcc -I/Users/runner/Library/Developer/Xcode/DerivedData/SalmanCleanerMobile-feedweulbhasgaenidqhausboxfb/Build/Intermediates.noindex/SalmanCleanerMobile.build/Debug-maccatalyst/SalmanCleanerMobileTests.build/DerivedSources-normal/x86_64 -Xcc -I/Users/runner/Library/Developer/Xcode/DerivedData/SalmanCleanerMobile-feedweulbhasgaenidqhausboxfb/Build/Intermediates.noindex/SalmanCleanerMobile.build/Debug-maccatalyst/SalmanCleanerMobileTests.build/DerivedSources/x86_64 -Xcc -I/Users/runner/Library/Developer/Xcode/DerivedData/SalmanCleanerMobile-feedweulbhasgaenidqhausboxfb/Build/Intermediates.noindex/SalmanCleanerMobile.build/Debug-maccatalyst/SalmanCleanerMobileTests.build/DerivedSources -Xcc -DDEBUG\=1 -emit-objc-header -emit-objc-header-path /Users/runner/Library/Developer/Xcode/DerivedData/SalmanCleanerMobile-feedweulbhasgaenidqhausboxfb/Build/Intermediates.noindex/SalmanCleanerMobile.build/Debug-maccatalyst/SalmanCleanerMobileTests.build/Objects-normal/x86_64/SalmanCleanerMobileTests-Swift.h -working-directory /Users/runner/work/SalmanMacCleaner/SalmanMacCleaner -experimental-emit-module-separately -disable-cmo

SwiftDriver\ Compilation SalmanCleanerMobileTests normal x86_64 com.apple.xcode.tools.swift.compiler (in target 'SalmanCleanerMobileTests' from project 'SalmanCleanerMobile')
    cd /Users/runner/work/SalmanMacCleaner/SalmanMacCleaner
    builtin-Swift-Compilation -- /Applications/Xcode_15.4.app/Contents/Developer/Toolchains/XcodeDefault.xctoolchain/usr/bin/swiftc -module-name SalmanCleanerMobileTests -Onone -enforce-exclusivity\=checked @/Users/runner/Library/Developer/Xcode/DerivedData/SalmanCleanerMobile-feedweulbhasgaenidqhausboxfb/Build/Intermediates.noindex/SalmanCleanerMobile.build/Debug-maccatalyst/SalmanCleanerMobileTests.build/Objects-normal/x86_64/SalmanCleanerMobileTests.SwiftFileList -DDEBUG -sdk /Applications/Xcode_15.4.app/Contents/Developer/Platforms/MacOSX.platform/Developer/SDKs/MacOSX14.5.sdk -target x86_64-apple-ios16.0-macabi -enable-bare-slash-regex -g -module-cache-path /Users/runner/Library/Developer/Xcode/DerivedData/ModuleCache.noindex -Xfrontend -serialize-debugging-options -enable-testing -index-store-path /Users/runner/Library/Developer/Xcode/DerivedData/SalmanCleanerMobile-feedweulbhasgaenidqhausboxfb/Index.noindex/DataStore -swift-version 5 -I /Users/runner/Library/Developer/Xcode/DerivedData/SalmanCleanerMobile-feedweulbhasgaenidqhausboxfb/Build/Products/Debug-maccatalyst -I /Applications/Xcode_15.4.app/Contents/Developer/Platforms/MacOSX.platform/Developer/usr/lib -F /Users/runner/Library/Developer/Xcode/DerivedData/SalmanCleanerMobile-feedweulbhasgaenidqhausboxfb/Build/Products/Debug-maccatalyst -Fsystem /Applications/Xcode_15.4.app/Contents/Developer/Platforms/MacOSX.platform/Developer/SDKs/MacOSX14.5.sdk/System/iOSSupport/System/Library/Frameworks -F /Applications/Xcode_15.4.app/Contents/Developer/Platforms/MacOSX.platform/Developer/Library/Frameworks -parse-as-library -c -j3 -enable-batch-mode -incremental -Xcc -ivfsstatcache -Xcc /Users/runner/Library/Developer/Xcode/DerivedData/SDKStatCaches.noindex/macosx14.5-23F73-370e46e0f02e54db71bc6d75e3f2cef2.sdkstatcache -output-file-map /Users/runner/Library/Developer/Xcode/DerivedData/SalmanCleanerMobile-feedweulbhasgaenidqhausboxfb/Build/Intermediates.noindex/SalmanCleanerMobile.build/Debug-maccatalyst/SalmanCleanerMobileTests.build/Objects-normal/x86_64/SalmanCleanerMobileTests-OutputFileMap.json -use-frontend-parseable-output -save-temps -no-color-diagnostics -serialize-diagnostics -emit-dependencies -emit-module -emit-module-path /Users/runner/Library/Developer/Xcode/DerivedData/SalmanCleanerMobile-feedweulbhasgaenidqhausboxfb/Build/Intermediates.noindex/SalmanCleanerMobile.build/Debug-maccatalyst/SalmanCleanerMobileTests.build/Objects-normal/x86_64/SalmanCleanerMobileTests.swiftmodule -validate-clang-modules-once -clang-build-session-file /Users/runner/Library/Developer/Xcode/DerivedData/ModuleCache.noindex/Session.modulevalidation -Xcc -I/Users/runner/Library/Developer/Xcode/DerivedData/SalmanCleanerMobile-feedweulbhasgaenidqhausboxfb/Build/Intermediates.noindex/SalmanCleanerMobile.build/Debug-maccatalyst/SalmanCleanerMobileTests.build/swift-overrides.hmap -emit-const-values -Xfrontend -const-gather-protocols-file -Xfrontend /Users/runner/Library/Developer/Xcode/DerivedData/SalmanCleanerMobile-feedweulbhasgaenidqhausboxfb/Build/Intermediates.noindex/SalmanCleanerMobile.build/Debug-maccatalyst/SalmanCleanerMobileTests.build/Objects-normal/x86_64/SalmanCleanerMobileTests_const_extract_protocols.json -Xcc -iquote -Xcc /Users/runner/Library/Developer/Xcode/DerivedData/SalmanCleanerMobile-feedweulbhasgaenidqhausboxfb/Build/Intermediates.noindex/SalmanCleanerMobile.build/Debug-maccatalyst/SalmanCleanerMobileTests.build/SalmanCleanerMobileTests-generated-files.hmap -Xcc -I/Users/runner/Library/Developer/Xcode/DerivedData/SalmanCleanerMobile-feedweulbhasgaenidqhausboxfb/Build/Intermediates.noindex/SalmanCleanerMobile.build/Debug-maccatalyst/SalmanCleanerMobileTests.build/SalmanCleanerMobileTests-own-target-headers.hmap -Xcc -I/Users/runner/Library/Developer/Xcode/DerivedData/SalmanCleanerMobile-feedweulbhasgaenidqhausboxfb/Build/Intermediates.noindex/SalmanCleanerMobile.build/Debug-maccatalyst/SalmanCleanerMobileTests.build/SalmanCleanerMobileTests-all-non-framework-target-headers.hmap -Xcc -ivfsoverlay -Xcc /Users/runner/Library/Developer/Xcode/DerivedData/SalmanCleanerMobile-feedweulbhasgaenidqhausboxfb/Build/Intermediates.noindex/SalmanCleanerMobile.build/Debug-maccatalyst/SalmanCleanerMobileTests.build/all-product-headers.yaml -Xcc -iquote -Xcc /Users/runner/Library/Developer/Xcode/DerivedData/SalmanCleanerMobile-feedweulbhasgaenidqhausboxfb/Build/Intermediates.noindex/SalmanCleanerMobile.build/Debug-maccatalyst/SalmanCleanerMobileTests.build/SalmanCleanerMobileTests-project-headers.hmap -Xcc -I/Users/runner/Library/Developer/Xcode/DerivedData/SalmanCleanerMobile-feedweulbhasgaenidqhausboxfb/Build/Products/Debug-maccatalyst/include -Xcc -isystem -Xcc /Applications/Xcode_15.4.app/Contents/Developer/Platforms/MacOSX.platform/Developer/SDKs/MacOSX14.5.sdk/System/iOSSupport/usr/include -Xcc -I/Users/runner/Library/Developer/Xcode/DerivedData/SalmanCleanerMobile-feedweulbhasgaenidqhausboxfb/Build/Intermediates.noindex/SalmanCleanerMobile.build/Debug-maccatalyst/SalmanCleanerMobileTests.build/DerivedSources-normal/x86_64 -Xcc -I/Users/runner/Library/Developer/Xcode/DerivedData/SalmanCleanerMobile-feedweulbhasgaenidqhausboxfb/Build/Intermediates.noindex/SalmanCleanerMobile.build/Debug-maccatalyst/SalmanCleanerMobileTests.build/DerivedSources/x86_64 -Xcc -I/Users/runner/Library/Developer/Xcode/DerivedData/SalmanCleanerMobile-feedweulbhasgaenidqhausboxfb/Build/Intermediates.noindex/SalmanCleanerMobile.build/Debug-maccatalyst/SalmanCleanerMobileTests.build/DerivedSources -Xcc -DDEBUG\=1 -emit-objc-header -emit-objc-header-path /Users/runner/Library/Developer/Xcode/DerivedData/SalmanCleanerMobile-feedweulbhasgaenidqhausboxfb/Build/Intermediates.noindex/SalmanCleanerMobile.build/Debug-maccatalyst/SalmanCleanerMobileTests.build/Objects-normal/x86_64/SalmanCleanerMobileTests-Swift.h -working-directory /Users/runner/work/SalmanMacCleaner/SalmanMacCleaner -experimental-emit-module-separately -disable-cmo

/Users/runner/work/SalmanMacCleaner/SalmanMacCleaner/SalmanCleanerMobile.xcodeproj: warning: Unable to find a target which creates the host product for value of $(TEST_HOST) '/Users/runner/Library/Developer/Xcode/DerivedData/SalmanCleanerMobile-feedweulbhasgaenidqhausboxfb/Build/Products/Debug-maccatalyst/SalmanCleanerMobile.app/Contents/MacOS/SalmanCleanerMobile' (in target 'SalmanCleanerMobileTests' from project 'SalmanCleanerMobile')

Test session results, code coverage, and logs:
	/Users/runner/Library/Developer/Xcode/DerivedData/SalmanCleanerMobile-feedweulbhasgaenidqhausboxfb/Logs/Test/Test-SalmanCleanerMobile-2026.10.07_11-38-53-+0000.xcresult

Testing failed:
	No such module 'SalmanCleanerMobile'
	Testing cancelled because the build failed.

** TEST FAILED **


The following build commands failed:
	SwiftEmitModule normal x86_64 Emitting\ module\ for\ SalmanCleanerMobileTests (in target 'SalmanCleanerMobileTests' from project 'SalmanCleanerMobile')
	SwiftCompile normal x86_64 /Users/runner/work/SalmanMacCleaner/SalmanMacCleaner/SalmanCleanerMobileTests/PhotoManagerTests.swift (in target 'SalmanCleanerMobileTests' from project 'SalmanCleanerMobile')
	SwiftCompile normal x86_64 Compiling\ PhotoManagerTests.swift /Users/runner/work/SalmanMacCleaner/SalmanMacCleaner/SalmanCleanerMobileTests/PhotoManagerTests.swift (in target 'SalmanCleanerMobileTests' from project 'SalmanCleanerMobile')
	SwiftEmitModule normal arm64 Emitting\ module\ for\ SalmanCleanerMobileTests (in target 'SalmanCleanerMobileTests' from project 'SalmanCleanerMobile')
(4 failures)
